<html>
<body>
<pre>
<h1>µVision Build Log</h1>
<h2>Tool Versions:</h2>
IDE-Version: ¦ÌVision V5.24.2.0
Copyright (C) 2017 ARM Ltd and ARM Germany GmbH. All rights reserved.
License Information: yan admin, 1, LIC=9WSKC-7JUVE-9U84U-SXUAK-LP21H-P2Z8I
 
Tool Versions:
Toolchain:       MDK-ARM Plus  Version: 5.24.1
Toolchain Path:  C:\Keil_v5\ARM\ARMCC\Bin
C Compiler:      Armcc.exe V5.06 update 5 (build 528)
Assembler:       Armasm.exe V5.06 update 5 (build 528)
Linker/Locator:  ArmLink.exe V5.06 update 5 (build 528)
Library Manager: ArmAr.exe V5.06 update 5 (build 528)
Hex Converter:   FromElf.exe V5.06 update 5 (build 528)
CPU DLL:         SARMCM3.DLL V5.24.1
Dialog DLL:      DCM.DLL V1.16.0.0
Target DLL:      CMSIS_AGDI.dll V1.28.3.0
Dialog DLL:      TCM.DLL V1.32.0.0
 
<h2>Project:</h2>
c:\Users\admin\Desktop\stm32project\ADC Whith DMA\project_template.uvprojx
Project File Date:  03/11/2026

<h2>Output:</h2>
*** Using Compiler 'V5.06 update 5 (build 528)', folder: 'C:\Keil_v5\ARM\ARMCC\Bin'
Rebuild target 'Target 1'
assembling startup_stm32f10x_hd.s...
compiling Delay.c...
Hard ware\Delay.c(26): warning:  #1-D: last line of file ends without a newline
  }
Hard ware\Delay.c: 1 warning, 0 errors
compiling OLED.c...
compiling core_cm3.c...
compiling stm32f10x_bkp.c...
compiling stm32f10x_cec.c...
compiling DMA.c...
Hard ware\DMA.c(25): warning:  #1-D: last line of file ends without a newline
  }
Hard ware\DMA.c: 1 warning, 0 errors
compiling stm32f10x_can.c...
compiling stm32f10x_adc.c...
compiling stm32f10x_crc.c...
compiling stm32f10x_it.c...
compiling stm32f10x_dbgmcu.c...
compiling misc.c...
compiling system_stm32f10x.c...
compiling ADC.c...
Hard ware\ADC.c(35): warning:  #1-D: last line of file ends without a newline
  }
Hard ware\ADC.c: 1 warning, 0 errors
compiling stm32f10x_dma.c...
compiling stm32f10x_dac.c...
compiling main.c...
.\Hard ware\ADC.h(6): warning:  #1-D: last line of file ends without a newline
  #endif
.\Hard ware\Delay.h(8): warning:  #1-D: last line of file ends without a newline
  #endif /* __DELAY_H__ */
.\Hard ware\DMA.h(6): warning:  #1-D: last line of file ends without a newline
  #endif // __DMA_H__
User\main.c(37): warning:  #223-D: function "Delay_ms" declared implicitly
  		Delay_ms(1);
User\main.c(128): warning:  #1-D: last line of file ends without a newline
  // }
User\main.c: 5 warnings, 0 errors
compiling stm32f10x_exti.c...
compiling stm32f10x_fsmc.c...
compiling stm32f10x_flash.c...
compiling stm32f10x_iwdg.c...
compiling stm32f10x_i2c.c...
compiling stm32f10x_pwr.c...
compiling stm32f10x_gpio.c...
compiling stm32f10x_rcc.c...
compiling stm32f10x_rtc.c...
compiling stm32f10x_wwdg.c...
compiling stm32f10x_sdio.c...
compiling stm32f10x_spi.c...
compiling stm32f10x_usart.c...
compiling stm32f10x_tim.c...
linking...
Program Size: Code=3216 RO-data=1856 RW-data=12 ZI-data=1636  
".\Objects\project_template.axf" - 0 Error(s), 8 Warning(s).

<h2>Software Packages used:</h2>

Package Vendor: Keil
                http://www.keil.com/pack/Keil.STM32F1xx_DFP.2.2.0.pack
                Keil.STM32F1xx_DFP.2.2.0
                STMicroelectronics STM32F1 Series Device Support, Drivers and Examples

<h2>Collection of Component include folders:</h2>
  .\RTE\_Target_1
  C:\Keil_v5\ARM\PACK\Keil\STM32F1xx_DFP\2.2.0\Device\Include

<h2>Collection of Component Files used:</h2>
Build Time Elapsed:  00:00:02
</pre>
</body>
</html>
