<html>
<body>
<pre>
<h1>µVision Build Log</h1>
<h2>Tool Versions:</h2>
IDE-Version: ¦ÌVision V5.24.2.0
Copyright (C) 2017 ARM Ltd and ARM Germany GmbH. All rights reserved.
License Information: yan admin, 1, LIC=9WSKC-7JUVE-9U84U-SXUAK-LP21H-P2Z8I
 
Tool Versions:
Toolchain:       MDK-ARM Plus  Version: 5.24.1
Toolchain Path:  C:\Keil_v5\ARM\ARMCC\Bin
C Compiler:      Armcc.exe V5.06 update 5 (build 528)
Assembler:       Armasm.exe V5.06 update 5 (build 528)
Linker/Locator:  ArmLink.exe V5.06 update 5 (build 528)
Library Manager: ArmAr.exe V5.06 update 5 (build 528)
Hex Converter:   FromElf.exe V5.06 update 5 (build 528)
CPU DLL:         SARMCM3.DLL V5.24.1
Dialog DLL:      DCM.DLL V1.16.0.0
Target DLL:      STLink\ST-LINKIII-KEIL_SWO.dll V3.0.1.0
Dialog DLL:      TCM.DLL V1.32.0.0
 
<h2>Project:</h2>
c:\Users\admin\Desktop\stm32cubemx project\Super Project\Super Project\MDK-ARM\Super Project.uvprojx
Project File Date:  04/15/2026

<h2>Output:</h2>
*** Using Compiler 'V5.06 update 5 (build 528)', folder: 'C:\Keil_v5\ARM\ARMCC\Bin'
Rebuild target 'Super Project'
assembling startup_stm32f103xb.s...
compiling stm32f1xx_hal_timebase_tim.c...
compiling adc.c...
compiling stm32f1xx_it.c...
compiling tim.c...
compiling usart.c...
compiling stm32f1xx_hal_gpio_ex.c...
compiling i2c.c...
compiling iwdg.c...
compiling stm32f1xx_hal_msp.c...
compiling freertos.c...
compiling rtc.c...
compiling gpio.c...
compiling stm32f1xx_hal_tim_ex.c...
compiling dma.c...
compiling main.c...
compiling stm32f1xx_hal_tim.c...
compiling stm32f1xx_hal_adc.c...
compiling stm32f1xx_hal.c...
compiling stm32f1xx_hal_gpio.c...
compiling croutine.c...
compiling stm32f1xx_hal_adc_ex.c...
compiling event_groups.c...
compiling list.c...
compiling stm32f1xx_hal_rcc_ex.c...
compiling stm32f1xx_hal_dma.c...
compiling stm32f1xx_hal_cortex.c...
compiling stream_buffer.c...
compiling queue.c...
compiling timers.c...
compiling tasks.c...
compiling stm32f1xx_hal_pwr.c...
compiling heap_4.c...
compiling stm32f1xx_hal_flash_ex.c...
compiling stm32f1xx_hal_exti.c...
compiling stm32f1xx_hal_rcc.c...
compiling port.c...
compiling stm32f1xx_hal_flash.c...
compiling stm32f1xx_hal_uart.c...
compiling stm32f1xx_hal_i2c.c...
compiling stm32f1xx_hal_iwdg.c...
compiling stm32f1xx_hal_rtc.c...
compiling stm32f1xx_hal_rtc_ex.c...
compiling OLED.c...
Hardware\OLED.c(984): warning:  #188-D: enumerated type mixed with another type
  			OLED_DrawALine_For_Axis(i-1,(64-OLED_Sample_value[(t+i+127)%256][num]/64),i,(64-OLED_Sample_value[(t+i+128)%256][num]/64),1);
Hardware\OLED.c(1044): warning:  #177-D: variable "x_a"  was declared but never referenced
  	int x_a=(x1>x)?1:-1;
Hardware\OLED.c: 2 warnings, 0 errors
compiling IIC_Hardware.c...
compiling system_stm32f1xx.c...
compiling KEY.c...
compiling cmsis_os2.c...
linking...
Program Size: Code=44260 RO-data=3784 RW-data=492 ZI-data=14492  
FromELF: creating hex file...
After Build - User command #1: fromelf --bin --output="./Super Project/Super Project.bin" "./Super Project/Super Project.axf"
"Super Project\Super Project.axf" - 0 Error(s), 2 Warning(s).

<h2>Software Packages used:</h2>

Package Vendor: ARM
                http://www.keil.com/pack/ARM.CMSIS.5.0.1.pack
                ARM.CMSIS.5.0.1
                CMSIS (Cortex Microcontroller Software Interface Standard)
   * Component: CORE Version: 5.0.1

Package Vendor: Keil
                http://www.keil.com/pack/Keil.STM32F1xx_DFP.2.2.0.pack
                Keil.STM32F1xx_DFP.2.2.0
                STMicroelectronics STM32F1 Series Device Support, Drivers and Examples

<h2>Collection of Component include folders:</h2>
  .\RTE\_Super_Project
  C:\Keil_v5\ARM\PACK\ARM\CMSIS\5.0.1\CMSIS\Include
  C:\Keil_v5\ARM\PACK\Keil\STM32F1xx_DFP\2.2.0\Device\Include

<h2>Collection of Component Files used:</h2>

   * Component: ARM::CMSIS:CORE:5.0.1
Build Time Elapsed:  00:00:15
</pre>
</body>
</html>
