Component: ARM Compiler 5.06 update 5 (build 528) Tool: armlink [4d35e2]

==============================================================================

Section Cross References

    startup_stm32f103xb.o(RESET) refers to startup_stm32f103xb.o(STACK) for __initial_sp
    startup_stm32f103xb.o(RESET) refers to startup_stm32f103xb.o(.text) for Reset_Handler
    startup_stm32f103xb.o(RESET) refers to stm32f1xx_it.o(i.NMI_Handler) for NMI_Handler
    startup_stm32f103xb.o(RESET) refers to stm32f1xx_it.o(i.HardFault_Handler) for HardFault_Handler
    startup_stm32f103xb.o(RESET) refers to stm32f1xx_it.o(i.MemManage_Handler) for MemManage_Handler
    startup_stm32f103xb.o(RESET) refers to stm32f1xx_it.o(i.BusFault_Handler) for BusFault_Handler
    startup_stm32f103xb.o(RESET) refers to stm32f1xx_it.o(i.UsageFault_Handler) for UsageFault_Handler
    startup_stm32f103xb.o(RESET) refers to port.o(.emb_text) for SVC_Handler
    startup_stm32f103xb.o(RESET) refers to stm32f1xx_it.o(i.DebugMon_Handler) for DebugMon_Handler
    startup_stm32f103xb.o(RESET) refers to cmsis_os2.o(i.SysTick_Handler) for SysTick_Handler
    startup_stm32f103xb.o(RESET) refers to main.o(i.EXTI0_IRQHandler) for EXTI0_IRQHandler
    startup_stm32f103xb.o(RESET) refers to stm32f1xx_it.o(i.DMA1_Channel1_IRQHandler) for DMA1_Channel1_IRQHandler
    startup_stm32f103xb.o(RESET) refers to main.o(i.DMA1_Channel6_IRQHandler) for DMA1_Channel6_IRQHandler
    startup_stm32f103xb.o(RESET) refers to stm32f1xx_it.o(i.TIM3_IRQHandler) for TIM3_IRQHandler
    startup_stm32f103xb.o(RESET) refers to main.o(i.USART2_IRQHandler) for USART2_IRQHandler
    startup_stm32f103xb.o(.text) refers to system_stm32f1xx.o(i.SystemInit) for SystemInit
    startup_stm32f103xb.o(.text) refers to entry.o(.ARM.Collect$$$$00000000) for __main
    main.o(i.Check_Reset_Reason) refers to main.o(.data) for Reset_Cause
    main.o(i.EXTI0_IRQHandler) refers to stm32f1xx_hal_gpio.o(i.HAL_GPIO_EXTI_IRQHandler) for HAL_GPIO_EXTI_IRQHandler
    main.o(i.Error_Handler) refers to printf6.o(i.__0printf$6) for __2printf
    main.o(i.HAL_TIM_PeriodElapsedCallback) refers to stm32f1xx_hal.o(i.HAL_IncTick) for HAL_IncTick
    main.o(i.SystemClock_Config) refers to memseta.o(.text) for __aeabi_memclr4
    main.o(i.SystemClock_Config) refers to stm32f1xx_hal_rcc.o(i.HAL_RCC_OscConfig) for HAL_RCC_OscConfig
    main.o(i.SystemClock_Config) refers to main.o(i.Error_Handler) for Error_Handler
    main.o(i.SystemClock_Config) refers to stm32f1xx_hal_rcc.o(i.HAL_RCC_ClockConfig) for HAL_RCC_ClockConfig
    main.o(i.SystemClock_Config) refers to stm32f1xx_hal_rcc_ex.o(i.HAL_RCCEx_PeriphCLKConfig) for HAL_RCCEx_PeriphCLKConfig
    main.o(i.USART2_IRQHandler) refers to stm32f1xx_hal_uart.o(i.HAL_UART_Receive_DMA) for HAL_UART_Receive_DMA
    main.o(i.USART2_IRQHandler) refers to stm32f1xx_hal_uart.o(i.HAL_UART_AbortReceive) for HAL_UART_AbortReceive
    main.o(i.USART2_IRQHandler) refers to stm32f1xx_hal_uart.o(i.HAL_UART_Transmit) for HAL_UART_Transmit
    main.o(i.USART2_IRQHandler) refers to usart.o(.bss) for huart2
    main.o(i.USART2_IRQHandler) refers to main.o(.data) for usart_reflag
    main.o(i.fputc) refers to stm32f1xx_hal_uart.o(i.HAL_UART_Transmit) for HAL_UART_Transmit
    main.o(i.fputc) refers to oled.o(i.OLED_ShowChar) for OLED_ShowChar
    main.o(i.fputc) refers to oled.o(i.OLED_Clear) for OLED_Clear
    main.o(i.fputc) refers to oled.o(i.OLED_ShowString) for OLED_ShowString
    main.o(i.fputc) refers to stm32f1xx_hal.o(i.HAL_Delay) for HAL_Delay
    main.o(i.fputc) refers to usart.o(.bss) for huart2
    main.o(i.fputc) refers to main.o(.data) for a
    main.o(i.fputc) refers to main.o(.bss) for ch_library
    main.o(i.main) refers to main.o(i.Check_Reset_Reason) for Check_Reset_Reason
    main.o(i.main) refers to stm32f1xx_hal.o(i.HAL_Init) for HAL_Init
    main.o(i.main) refers to main.o(i.SystemClock_Config) for SystemClock_Config
    main.o(i.main) refers to gpio.o(i.MX_GPIO_Init) for MX_GPIO_Init
    main.o(i.main) refers to dma.o(i.MX_DMA_Init) for MX_DMA_Init
    main.o(i.main) refers to adc.o(i.MX_ADC1_Init) for MX_ADC1_Init
    main.o(i.main) refers to usart.o(i.MX_USART2_UART_Init) for MX_USART2_UART_Init
    main.o(i.main) refers to tim.o(i.MX_TIM1_Init) for MX_TIM1_Init
    main.o(i.main) refers to tim.o(i.MX_TIM2_Init) for MX_TIM2_Init
    main.o(i.main) refers to i2c.o(i.MX_I2C2_Init) for MX_I2C2_Init
    main.o(i.main) refers to rtc.o(i.MX_RTC_Init) for MX_RTC_Init
    main.o(i.main) refers to iwdg.o(i.MX_IWDG_Init) for MX_IWDG_Init
    main.o(i.main) refers to oled.o(i.OLED_Init) for OLED_Init
    main.o(i.main) refers to iic_hardware.o(i.IIC1_Init) for IIC1_Init
    main.o(i.main) refers to printf6.o(i.__0printf$6) for __2printf
    main.o(i.main) refers to cmsis_os2.o(i.osKernelInitialize) for osKernelInitialize
    main.o(i.main) refers to freertos.o(i.MX_FREERTOS_Init) for MX_FREERTOS_Init
    main.o(i.main) refers to cmsis_os2.o(i.osKernelStart) for osKernelStart
[...]
    TAMPER_IRQHandler                        0x080001b3   Thumb Code     0  startup_stm32f103xb.o(.text)
    TIM1_BRK_IRQHandler                      0x080001b3   Thumb Code     0  startup_stm32f103xb.o(.text)
    TIM1_CC_IRQHandler                       0x080001b3   Thumb Code     0  startup_stm32f103xb.o(.text)
    TIM1_TRG_COM_IRQHandler                  0x080001b3   Thumb Code     0  startup_stm32f103xb.o(.text)
    TIM1_UP_IRQHandler                       0x080001b3   Thumb Code     0  startup_stm32f103xb.o(.text)
    TIM2_IRQHandler                          0x080001b3   Thumb Code     0  startup_stm32f103xb.o(.text)
    TIM4_IRQHandler                          0x080001b3   Thumb Code     0  startup_stm32f103xb.o(.text)
    USART1_IRQHandler                        0x080001b3   Thumb Code     0  startup_stm32f103xb.o(.text)
    USART3_IRQHandler                        0x080001b3   Thumb Code     0  startup_stm32f103xb.o(.text)
    USBWakeUp_IRQHandler                     0x080001b3   Thumb Code     0  startup_stm32f103xb.o(.text)
    USB_HP_CAN1_TX_IRQHandler                0x080001b3   Thumb Code     0  startup_stm32f103xb.o(.text)
    USB_LP_CAN1_RX0_IRQHandler               0x080001b3   Thumb Code     0  startup_stm32f103xb.o(.text)
    WWDG_IRQHandler                          0x080001b3   Thumb Code     0  startup_stm32f103xb.o(.text)
    __aeabi_llsl                             0x080001bd   Thumb Code    30  llshl.o(.text)
    _ll_shift_l                              0x080001bd   Thumb Code     0  llshl.o(.text)
    __aeabi_llsr                             0x080001db   Thumb Code    32  llushr.o(.text)
    _ll_ushift_r                             0x080001db   Thumb Code     0  llushr.o(.text)
    __aeabi_memcpy                           0x080001fb   Thumb Code    36  memcpya.o(.text)
    __aeabi_memcpy4                          0x080001fb   Thumb Code     0  memcpya.o(.text)
    __aeabi_memcpy8                          0x080001fb   Thumb Code     0  memcpya.o(.text)
    __aeabi_memset                           0x0800021f   Thumb Code    14  memseta.o(.text)
    __aeabi_memset4                          0x0800021f   Thumb Code     0  memseta.o(.text)
    __aeabi_memset8                          0x0800021f   Thumb Code     0  memseta.o(.text)
    __aeabi_memclr                           0x0800022d   Thumb Code     4  memseta.o(.text)
    __aeabi_memclr4                          0x0800022d   Thumb Code     0  memseta.o(.text)
    __aeabi_memclr8                          0x0800022d   Thumb Code     0  memseta.o(.text)
    memset                                   0x08000231   Thumb Code    18  memseta.o(.text)
    strlen                                   0x08000243   Thumb Code    14  strlen.o(.text)
    __aeabi_fadd                             0x08000251   Thumb Code   164  fadd.o(.text)
    __aeabi_fsub                             0x080002f5   Thumb Code     6  fadd.o(.text)
    __aeabi_frsub                            0x080002fb   Thumb Code     6  fadd.o(.text)
    __aeabi_fmul                             0x08000301   Thumb Code   100  fmul.o(.text)
    __aeabi_dadd                             0x08000365   Thumb Code   322  dadd.o(.text)
    __aeabi_dsub                             0x080004a7   Thumb Code     6  dadd.o(.text)
    __aeabi_drsub                            0x080004ad   Thumb Code     6  dadd.o(.text)
    __aeabi_dmul                             0x080004b3   Thumb Code   228  dmul.o(.text)
    __aeabi_ddiv                             0x08000597   Thumb Code   222  ddiv.o(.text)
    __aeabi_i2f                              0x08000675   Thumb Code    18  fflti.o(.text)
    __aeabi_i2d                              0x08000687   Thumb Code    34  dflti.o(.text)
    __aeabi_d2iz                             0x080006a9   Thumb Code    62  dfixi.o(.text)
    __aeabi_f2d                              0x080006e7   Thumb Code    38  f2d.o(.text)
    __aeabi_d2f                              0x0800070d   Thumb Code    56  d2f.o(.text)
    __aeabi_uidiv                            0x08000745   Thumb Code     0  uidiv.o(.text)
    __aeabi_uidivmod                         0x08000745   Thumb Code    44  uidiv.o(.text)
    __aeabi_lasr                             0x08000771   Thumb Code    36  llsshr.o(.text)
    _ll_sshift_r                             0x08000771   Thumb Code     0  llsshr.o(.text)
    __I$use$fp                               0x08000795   Thumb Code     0  iusefp.o(.text)
    _float_round                             0x08000795   Thumb Code    18  fepilogue.o(.text)
    _float_epilogue                          0x080007a7   Thumb Code    92  fepilogue.o(.text)
    _double_round                            0x08000803   Thumb Code    30  depilogue.o(.text)
    _double_epilogue                         0x08000821   Thumb Code   156  depilogue.o(.text)
    _drnd                                    0x080008bd   Thumb Code   132  drnd.o(.text)
    __aeabi_cdcmpeq                          0x08000945   Thumb Code     0  cdcmple.o(.text)
    __aeabi_cdcmple                          0x08000945   Thumb Code    48  cdcmple.o(.text)
    __aeabi_cdrcmple                         0x08000975   Thumb Code    48  cdrcmple.o(.text)
    __scatterload                            0x080009a5   Thumb Code    28  init.o(.text)
    __scatterload_rt2                        0x080009a5   Thumb Code     0  init.o(.text)
    __ARM_scalbn                             0x080009c9   Thumb Code    46  dscalb.o(.text)
    scalbn                                   0x080009c9   Thumb Code     0  dscalb.o(.text)
    __aeabi_ui2d                             0x080009f7   Thumb Code    26  dfltui.o(.text)
    __decompress                             0x08000a11   Thumb Code     0  __dczerorl.o(.text)
    __decompress0                            0x08000a11   Thumb Code    58  __dczerorl.o(.text)
    ADC_ConversionStop_Disable               0x08000a4b   Thumb Code    92  stm32f1xx_hal_adc.o(i.ADC_ConversionStop_Disable)
    ADC_DMAConvCplt                          0x08000aa7   Thumb Code    82  stm32f1xx_hal_adc.o(i.ADC_DMAConvCplt)
    ADC_DMAError                             0x08000af9   Thumb Code    30  stm32f1xx_hal_adc.o(i.ADC_DMAError)
    ADC_DMAHalfConvCplt                      0x08000b17   Thumb Code    14  stm32f1xx_hal_adc.o(i.ADC_DMAHalfConvCplt)
    ADC_Enable                               0x08000b25   Thumb Code   134  stm32f1xx_hal_adc.o(i.ADC_Enable)
    ADC_Task                                 0x08000bb5   Thumb Code   370  freertos.o(i.ADC_Task)
    BusFault_Handler                         0x08000d49   Thumb Code     4  stm32f1xx_it.o(i.BusFault_Handler)
    Button_ReadTask                          0x08000d4d   Thumb Code    70  freertos.o(i.Button_ReadTask)
    Check_Reset_Reason                       0x08000da9   Thumb Code   104  main.o(i.Check_Reset_Reason)
    DMA1_Channel1_IRQHandler                 0x08000e1d   Thumb Code    10  stm32f1xx_it.o(i.DMA1_Channel1_IRQHandler)
    DMA1_Channel6_IRQHandler                 0x08000e2d   Thumb Code     2  main.o(i.DMA1_Channel6_IRQHandler)
    DebugMon_Handler                         0x08000e5b   Thumb Code     2  stm32f1xx_it.o(i.DebugMon_Handler)
    EXTI0_IRQHandler                         0x08000e5d   Thumb Code    10  main.o(i.EXTI0_IRQHandler)
    Error_Handler                            0x08000e69   Thumb Code    12  main.o(i.Error_Handler)
    FLASH_PageErase                          0x08000ea5   Thumb Code    32  stm32f1xx_hal_flash_ex.o(i.FLASH_PageErase)
    FLASH_WaitForLastOperation               0x08000f71   Thumb Code   106  stm32f1xx_hal_flash.o(i.FLASH_WaitForLastOperation)
    FlashWriteTask                           0x08000fe1   Thumb Code    94  freertos.o(i.FlashWriteTask)
    HAL_ADC_ConfigChannel                    0x08001045   Thumb Code   338  stm32f1xx_hal_adc.o(i.HAL_ADC_ConfigChannel)
    HAL_ADC_ConvCpltCallback                 0x080011a5   Thumb Code     2  stm32f1xx_hal_adc.o(i.HAL_ADC_ConvCpltCallback)
    HAL_ADC_ConvHalfCpltCallback             0x080011a7   Thumb Code     2  stm32f1xx_hal_adc.o(i.HAL_ADC_ConvHalfCpltCallback)
    HAL_ADC_ErrorCallback                    0x080011a9   Thumb Code     2  stm32f1xx_hal_adc.o(i.HAL_ADC_ErrorCallback)
    HAL_ADC_Init                             0x080011ad   Thumb Code   314  stm32f1xx_hal_adc.o(i.HAL_ADC_Init)
    HAL_ADC_MspInit                          0x080012f1   Thumb Code   152  adc.o(i.HAL_ADC_MspInit)
    HAL_ADC_Start_DMA                        0x0800139d   Thumb Code   362  stm32f1xx_hal_adc.o(i.HAL_ADC_Start_DMA)
    HAL_DMA_Abort                            0x0800151d   Thumb Code    86  stm32f1xx_hal_dma.o(i.HAL_DMA_Abort)
    HAL_DMA_GetError                         0x08001573   Thumb Code     6  stm32f1xx_hal_dma.o(i.HAL_DMA_GetError)
    HAL_DMA_IRQHandler                       0x08001579   Thumb Code   408  stm32f1xx_hal_dma.o(i.HAL_DMA_IRQHandler)
    HAL_DMA_Init                             0x08001715   Thumb Code   100  stm32f1xx_hal_dma.o(i.HAL_DMA_Init)
    HAL_DMA_Start_IT                         0x0800177d   Thumb Code   156  stm32f1xx_hal_dma.o(i.HAL_DMA_Start_IT)
    HAL_Delay                                0x08001819   Thumb Code    36  stm32f1xx_hal.o(i.HAL_Delay)
    HAL_FLASHEx_Erase                        0x08001841   Thumb Code   168  stm32f1xx_hal_flash_ex.o(i.HAL_FLASHEx_Erase)
    HAL_FLASH_Lock                           0x080018f1   Thumb Code    16  stm32f1xx_hal_flash.o(i.HAL_FLASH_Lock)
    HAL_FLASH_Program                        0x08001905   Thumb Code   168  stm32f1xx_hal_flash.o(i.HAL_FLASH_Program)
    HAL_FLASH_Unlock                         0x080019b5   Thumb Code    36  stm32f1xx_hal_flash.o(i.HAL_FLASH_Unlock)
    HAL_GPIO_EXTI_Callback                   0x080019e5   Thumb Code     2  main.o(i.HAL_GPIO_EXTI_Callback)
    HAL_GPIO_EXTI_IRQHandler                 0x080019e9   Thumb Code    24  stm32f1xx_hal_gpio.o(i.HAL_GPIO_EXTI_IRQHandler)
    HAL_GPIO_Init                            0x08001a05   Thumb Code   766  stm32f1xx_hal_gpio.o(i.HAL_GPIO_Init)
    HAL_GPIO_ReadPin                         0x08001d25   Thumb Code    16  stm32f1xx_hal_gpio.o(i.HAL_GPIO_ReadPin)
    HAL_GPIO_WritePin                        0x08001d35   Thumb Code    12  stm32f1xx_hal_gpio.o(i.HAL_GPIO_WritePin)
    HAL_GetTick                              0x08001d41   Thumb Code     6  stm32f1xx_hal.o(i.HAL_GetTick)
    HAL_I2C_Init                             0x08001d4d   Thumb Code   446  stm32f1xx_hal_i2c.o(i.HAL_I2C_Init)
    HAL_I2C_Master_Transmit                  0x08001f1d   Thumb Code   360  stm32f1xx_hal_i2c.o(i.HAL_I2C_Master_Transmit)
    HAL_I2C_Mem_Read                         0x0800208d   Thumb Code   868  stm32f1xx_hal_i2c.o(i.HAL_I2C_Mem_Read)
    HAL_I2C_MspInit                          0x08002401   Thumb Code   106  i2c.o(i.HAL_I2C_MspInit)
    HAL_IWDG_Init                            0x08002479   Thumb Code    98  stm32f1xx_hal_iwdg.o(i.HAL_IWDG_Init)
    HAL_IWDG_Refresh                         0x080024db   Thumb Code    14  stm32f1xx_hal_iwdg.o(i.HAL_IWDG_Refresh)
    HAL_IncTick                              0x080024e9   Thumb Code    16  stm32f1xx_hal.o(i.HAL_IncTick)
    HAL_Init                                 0x08002501   Thumb Code    34  stm32f1xx_hal.o(i.HAL_Init)
    HAL_InitTick                             0x08002529   Thumb Code   158  stm32f1xx_hal_timebase_tim.o(i.HAL_InitTick)
    HAL_MspInit                              0x080025dd   Thumb Code    86  stm32f1xx_hal_msp.o(i.HAL_MspInit)
    HAL_NVIC_EnableIRQ                       0x0800263d   Thumb Code    32  stm32f1xx_hal_cortex.o(i.HAL_NVIC_EnableIRQ)
    HAL_NVIC_SetPriority                     0x0800265d   Thumb Code   124  stm32f1xx_hal_cortex.o(i.HAL_NVIC_SetPriority)
    HAL_NVIC_SetPriorityGrouping             0x080026d9   Thumb Code    32  stm32f1xx_hal_cortex.o(i.HAL_NVIC_SetPriorityGrouping)
    HAL_PWR_DisableBkUpAccess                0x08002701   Thumb Code     8  stm32f1xx_hal_pwr.o(i.HAL_PWR_DisableBkUpAccess)
    HAL_PWR_EnableBkUpAccess                 0x0800270d   Thumb Code     8  stm32f1xx_hal_pwr.o(i.HAL_PWR_EnableBkUpAccess)
    HAL_RCCEx_GetPeriphCLKFreq               0x08002719   Thumb Code   232  stm32f1xx_hal_rcc_ex.o(i.HAL_RCCEx_GetPeriphCLKFreq)
    HAL_RCCEx_PeriphCLKConfig                0x08002815   Thumb Code   290  stm32f1xx_hal_rcc_ex.o(i.HAL_RCCEx_PeriphCLKConfig)
    HAL_RCC_ClockConfig                      0x08002945   Thumb Code   376  stm32f1xx_hal_rcc.o(i.HAL_RCC_ClockConfig)
    HAL_RCC_GetClockConfig                   0x08002ad1   Thumb Code    58  stm32f1xx_hal_rcc.o(i.HAL_RCC_GetClockConfig)
    HAL_RCC_GetHCLKFreq                      0x08002b15   Thumb Code     6  stm32f1xx_hal_rcc.o(i.HAL_RCC_GetHCLKFreq)
    HAL_RCC_GetPCLK1Freq                     0x08002b21   Thumb Code    22  stm32f1xx_hal_rcc.o(i.HAL_RCC_GetPCLK1Freq)
    HAL_RCC_GetPCLK2Freq                     0x08002b41   Thumb Code    22  stm32f1xx_hal_rcc.o(i.HAL_RCC_GetPCLK2Freq)
    HAL_RCC_GetSysClockFreq                  0x08002b61   Thumb Code    92  stm32f1xx_hal_rcc.o(i.HAL_RCC_GetSysClockFreq)
    HAL_RCC_OscConfig                        0x08002bd1   Thumb Code  1114  stm32f1xx_hal_rcc.o(i.HAL_RCC_OscConfig)
    HAL_RTCEx_BKUPRead                       0x08003035   Thumb Code    20  stm32f1xx_hal_rtc_ex.o(i.HAL_RTCEx_BKUPRead)
    HAL_RTCEx_BKUPWrite                      0x0800304d   Thumb Code    18  stm32f1xx_hal_rtc_ex.o(i.HAL_RTCEx_BKUPWrite)
    HAL_RTC_GetDate                          0x08003065   Thumb Code    82  stm32f1xx_hal_rtc.o(i.HAL_RTC_GetDate)
    HAL_RTC_GetTime                          0x080030b7   Thumb Code   260  stm32f1xx_hal_rtc.o(i.HAL_RTC_GetTime)
    HAL_RTC_Init                             0x080031bd   Thumb Code   188  stm32f1xx_hal_rtc.o(i.HAL_RTC_Init)
    HAL_RTC_MspInit                          0x0800327d   Thumb Code    80  rtc.o(i.HAL_RTC_MspInit)
    HAL_RTC_SetDate                          0x080032d9   Thumb Code   242  stm32f1xx_hal_rtc.o(i.HAL_RTC_SetDate)
    HAL_RTC_SetTime                          0x080033d1   Thumb Code   214  stm32f1xx_hal_rtc.o(i.HAL_RTC_SetTime)
    HAL_RTC_WaitForSynchro                   0x080034ad   Thumb Code    64  stm32f1xx_hal_rtc.o(i.HAL_RTC_WaitForSynchro)
    HAL_TIMEx_BreakCallback                  0x080034ed   Thumb Code     2  stm32f1xx_hal_tim_ex.o(i.HAL_TIMEx_BreakCallback)
    HAL_TIMEx_CommutCallback                 0x080034ef   Thumb Code     2  stm32f1xx_hal_tim_ex.o(i.HAL_TIMEx_CommutCallback)
    HAL_TIMEx_MasterConfigSynchronization    0x080034f1   Thumb Code   118  stm32f1xx_hal_tim_ex.o(i.HAL_TIMEx_MasterConfigSynchronization)
    HAL_TIM_Base_Init                        0x08003575   Thumb Code   102  stm32f1xx_hal_tim.o(i.HAL_TIM_Base_Init)
    HAL_TIM_Base_MspInit                     0x080035dd   Thumb Code    40  tim.o(i.HAL_TIM_Base_MspInit)
    HAL_TIM_Base_Start_IT                    0x08003609   Thumb Code   106  stm32f1xx_hal_tim.o(i.HAL_TIM_Base_Start_IT)
    HAL_TIM_ConfigClockSource                0x08003681   Thumb Code   268  stm32f1xx_hal_tim.o(i.HAL_TIM_ConfigClockSource)
    HAL_TIM_Encoder_Init                     0x0800378d   Thumb Code   196  stm32f1xx_hal_tim.o(i.HAL_TIM_Encoder_Init)
    HAL_TIM_Encoder_MspInit                  0x08003851   Thumb Code   102  tim.o(i.HAL_TIM_Encoder_MspInit)
    HAL_TIM_IC_CaptureCallback               0x080038c5   Thumb Code     2  stm32f1xx_hal_tim.o(i.HAL_TIM_IC_CaptureCallback)
    HAL_TIM_IRQHandler                       0x080038c7   Thumb Code   364  stm32f1xx_hal_tim.o(i.HAL_TIM_IRQHandler)
    HAL_TIM_MspPostInit                      0x08003a35   Thumb Code    74  tim.o(i.HAL_TIM_MspPostInit)
    HAL_TIM_OC_DelayElapsedCallback          0x08003a89   Thumb Code     2  stm32f1xx_hal_tim.o(i.HAL_TIM_OC_DelayElapsedCallback)
    HAL_TIM_PWM_ConfigChannel                0x08003a8b   Thumb Code   260  stm32f1xx_hal_tim.o(i.HAL_TIM_PWM_ConfigChannel)
    HAL_TIM_PWM_Init                         0x08003b8f   Thumb Code   102  stm32f1xx_hal_tim.o(i.HAL_TIM_PWM_Init)
    HAL_TIM_PWM_MspInit                      0x08003bf5   Thumb Code     2  stm32f1xx_hal_tim.o(i.HAL_TIM_PWM_MspInit)
    HAL_TIM_PWM_PulseFinishedCallback        0x08003bf7   Thumb Code     2  stm32f1xx_hal_tim.o(i.HAL_TIM_PWM_PulseFinishedCallback)
    HAL_TIM_PeriodElapsedCallback            0x08003bf9   Thumb Code    18  main.o(i.HAL_TIM_PeriodElapsedCallback)
    HAL_TIM_TriggerCallback                  0x08003c11   Thumb Code     2  stm32f1xx_hal_tim.o(i.HAL_TIM_TriggerCallback)
    HAL_UARTEx_RxEventCallback               0x08003c13   Thumb Code     2  stm32f1xx_hal_uart.o(i.HAL_UARTEx_RxEventCallback)
    HAL_UART_AbortReceive                    0x08003c15   Thumb Code   194  stm32f1xx_hal_uart.o(i.HAL_UART_AbortReceive)
    HAL_UART_ErrorCallback                   0x08003cd7   Thumb Code     2  stm32f1xx_hal_uart.o(i.HAL_UART_ErrorCallback)
    HAL_UART_Init                            0x08003cd9   Thumb Code   118  stm32f1xx_hal_uart.o(i.HAL_UART_Init)
    HAL_UART_MspInit                         0x08003d51   Thumb Code   176  usart.o(i.HAL_UART_MspInit)
    HAL_UART_Receive_DMA                     0x08003e19   Thumb Code    44  stm32f1xx_hal_uart.o(i.HAL_UART_Receive_DMA)
    HAL_UART_RxCpltCallback                  0x08003e45   Thumb Code     2  stm32f1xx_hal_uart.o(i.HAL_UART_RxCpltCallback)
    HAL_UART_RxHalfCpltCallback              0x08003e47   Thumb Code     2  stm32f1xx_hal_uart.o(i.HAL_UART_RxHalfCpltCallback)
    HAL_UART_Transmit                        0x08003e49   Thumb Code   190  stm32f1xx_hal_uart.o(i.HAL_UART_Transmit)
    HardFault_Handler                        0x08003f07   Thumb Code     4  stm32f1xx_it.o(i.HardFault_Handler)
    IIC1_Init                                0x08004479   Thumb Code    40  iic_hardware.o(i.IIC1_Init)
    IIC1_ReadByte                            0x080044a5   Thumb Code    40  iic_hardware.o(i.IIC1_ReadByte)
    IIC1_WriteByte                           0x080044d1   Thumb Code    36  iic_hardware.o(i.IIC1_WriteByte)
    KeyBoard_Task                            0x080044f9   Thumb Code   364  freertos.o(i.KeyBoard_Task)
    MPU_Task                                 0x080046a5   Thumb Code   182  freertos.o(i.MPU_Task)
    MX_ADC1_Init                             0x08004769   Thumb Code   150  adc.o(i.MX_ADC1_Init)
    MX_DMA_Init                              0x08004809   Thumb Code    48  dma.o(i.MX_DMA_Init)
    MX_FREERTOS_Init                         0x0800483d   Thumb Code   102  freertos.o(i.MX_FREERTOS_Init)
    MX_GPIO_Init                             0x080048e1   Thumb Code   214  gpio.o(i.MX_GPIO_Init)
    MX_I2C2_Init                             0x080049c1   Thumb Code    48  i2c.o(i.MX_I2C2_Init)
    MX_IWDG_Init                             0x080049fd   Thumb Code    32  iwdg.o(i.MX_IWDG_Init)
    MX_RTC_Init                              0x08004a25   Thumb Code   166  rtc.o(i.MX_RTC_Init)
    MX_TIM1_Init                             0x08004ad5   Thumb Code   116  tim.o(i.MX_TIM1_Init)
    MX_TIM2_Init                             0x08004b51   Thumb Code   160  tim.o(i.MX_TIM2_Init)
    MX_USART2_UART_Init                      0x08004bf5   Thumb Code    78  usart.o(i.MX_USART2_UART_Init)
    MemManage_Handler                        0x08004c4d   Thumb Code     4  stm32f1xx_it.o(i.MemManage_Handler)
    NMI_Handler                              0x08004c51   Thumb Code     4  stm32f1xx_it.o(i.NMI_Handler)
    OLEDMin_DrawARatateNum                   0x08004c55   Thumb Code    88  oled.o(i.OLEDMin_DrawARatateNum)
    OLEDMin_DrawARatateString                0x08004cad   Thumb Code   388  oled.o(i.OLEDMin_DrawARatateString)
    OLEDMin_DrawARatateWord                  0x08004e39   Thumb Code   356  oled.o(i.OLEDMin_DrawARatateWord)
    OLEDMin_DrawAString                      0x08004fa5   Thumb Code    40  oled.o(i.OLEDMin_DrawAString)
    OLEDMin_DrawAWord                        0x08004fcd   Thumb Code   230  oled.o(i.OLEDMin_DrawAWord)
    OLED_Clear                               0x080050bd   Thumb Code    42  oled.o(i.OLED_Clear)
    OLED_DrawAAixs                           0x080050e9   Thumb Code   362  oled.o(i.OLED_DrawAAixs)
    OLED_DrawAClock                          0x0800525d   Thumb Code   876  oled.o(i.OLED_DrawAClock)
    OLED_DrawALine                           0x080055f9   Thumb Code   538  oled.o(i.OLED_DrawALine)
    OLED_DrawALine_For_Axis                  0x08005819   Thumb Code   320  oled.o(i.OLED_DrawALine_For_Axis)
    OLED_DrawANum                            0x0800595d   Thumb Code    82  oled.o(i.OLED_DrawANum)
    OLED_DrawARound                          0x080059b1   Thumb Code   294  oled.o(i.OLED_DrawARound)
    OLED_DrawAString                         0x08005add   Thumb Code    40  oled.o(i.OLED_DrawAString)
    OLED_DrawAThriangle                      0x08005b05   Thumb Code   372  oled.o(i.OLED_DrawAThriangle)
    OLED_DrawAWord                           0x08005c7d   Thumb Code   414  oled.o(i.OLED_DrawAWord)
    OLED_DrawAquard                          0x08005e25   Thumb Code    60  oled.o(i.OLED_DrawAquard)
    OLED_Horizon                             0x08005e61   Thumb Code   342  oled.o(i.OLED_Horizon)
    OLED_I2C_Init                            0x08005fbd   Thumb Code    48  oled.o(i.OLED_I2C_Init)
    OLED_I2C_SendByte                        0x08005ff1   Thumb Code    82  oled.o(i.OLED_I2C_SendByte)
    OLED_I2C_Start                           0x08006049   Thumb Code    44  oled.o(i.OLED_I2C_Start)
    OLED_I2C_Stop                            0x08006079   Thumb Code    34  oled.o(i.OLED_I2C_Stop)
    OLED_Init                                0x080060a1   Thumb Code   206  oled.o(i.OLED_Init)
    OLED_Pow                                 0x0800616f   Thumb Code    20  oled.o(i.OLED_Pow)
    OLED_SelectTask                          0x08006185   Thumb Code   604  freertos.o(i.OLED_SelectTask)
    OLED_SetCursor                           0x0800640d   Thumb Code    34  oled.o(i.OLED_SetCursor)
    OLED_ShowChar                            0x08006431   Thumb Code   110  oled.o(i.OLED_ShowChar)
    OLED_ShowNum                             0x080064a5   Thumb Code    68  oled.o(i.OLED_ShowNum)
    OLED_ShowPicture                         0x080064e9   Thumb Code    60  oled.o(i.OLED_ShowPicture)
    OLED_ShowRowString                       0x08006529   Thumb Code   106  oled.o(i.OLED_ShowRowString)
    OLED_ShowString                          0x08006593   Thumb Code    40  oled.o(i.OLED_ShowString)
    OLED_WriteCommand                        0x080065bb   Thumb Code    32  oled.o(i.OLED_WriteCommand)
    OLED_WriteData                           0x080065db   Thumb Code    32  oled.o(i.OLED_WriteData)
    ReadKeyTask                              0x080068dd   Thumb Code   230  key.o(i.ReadKeyTask)
    StartInitTask                            0x080069d1   Thumb Code   180  freertos.o(i.StartInitTask)
    SysTick_Handler                          0x08006af5   Thumb Code    22  cmsis_os2.o(i.SysTick_Handler)
    SystemClock_Config                       0x08006b0b   Thumb Code   142  main.o(i.SystemClock_Config)
    SystemInit                               0x08006b99   Thumb Code     2  system_stm32f1xx.o(i.SystemInit)
    TIM3_IRQHandler                          0x08006b9d   Thumb Code    10  stm32f1xx_it.o(i.TIM3_IRQHandler)
    TIM_Base_SetConfig                       0x08006bad   Thumb Code   120  stm32f1xx_hal_tim.o(i.TIM_Base_SetConfig)
    TIM_ETR_SetConfig                        0x08006c31   Thumb Code    22  stm32f1xx_hal_tim.o(i.TIM_ETR_SetConfig)
    TIM_OC2_SetConfig                        0x08006cb9   Thumb Code   100  stm32f1xx_hal_tim.o(i.TIM_OC2_SetConfig)
    TimeDisplay_Task                         0x08006e21   Thumb Code   224  freertos.o(i.TimeDisplay_Task)
    UART_Start_Receive_DMA                   0x080071e1   Thumb Code   186  stm32f1xx_hal_uart.o(i.UART_Start_Receive_DMA)
    USART2_IRQHandler                        0x08007335   Thumb Code   182  main.o(i.USART2_IRQHandler)
    UsageFault_Handler                       0x08007401   Thumb Code     4  stm32f1xx_it.o(i.UsageFault_Handler)
    Usart_Task                               0x08007405   Thumb Code   128  freertos.o(i.Usart_Task)
    __0printf$6                              0x08007499   Thumb Code    22  printf6.o(i.__0printf$6)
    __1printf$6                              0x08007499   Thumb Code     0  printf6.o(i.__0printf$6)
    __2printf                                0x08007499   Thumb Code     0  printf6.o(i.__0printf$6)
    __0sprintf$6                             0x080074b9   Thumb Code    34  printf6.o(i.__0sprintf$6)
    __1sprintf$6                             0x080074b9   Thumb Code     0  printf6.o(i.__0sprintf$6)
    __2sprintf                               0x080074b9   Thumb Code     0  printf6.o(i.__0sprintf$6)
    __ARM_fpclassify                         0x080074e1   Thumb Code    40  fpclassify.o(i.__ARM_fpclassify)
    __ieee754_rem_pio2                       0x08007549   Thumb Code   828  rred.o(i.__ieee754_rem_pio2)
    __kernel_cos                             0x080078d1   Thumb Code   230  cos_i.o(i.__kernel_cos)
    __kernel_poly                            0x080079cd   Thumb Code   170  poly.o(i.__kernel_poly)
    __kernel_sin                             0x08007a79   Thumb Code   224  sin_i.o(i.__kernel_sin)
    __mathlib_dbl_infnan                     0x08007b65   Thumb Code     6  dunder.o(i.__mathlib_dbl_infnan)
    __mathlib_dbl_invalid                    0x08007b6b   Thumb Code    12  dunder.o(i.__mathlib_dbl_invalid)
    __mathlib_dbl_underflow                  0x08007b79   Thumb Code    10  dunder.o(i.__mathlib_dbl_underflow)
    __scatterload_copy                       0x08007b89   Thumb Code    14  handlers.o(i.__scatterload_copy)
    __scatterload_null                       0x08007b97   Thumb Code     2  handlers.o(i.__scatterload_null)
    __scatterload_zeroinit                   0x08007b99   Thumb Code    14  handlers.o(i.__scatterload_zeroinit)
    __set_errno                              0x08007ba9   Thumb Code     6  errno.o(i.__set_errno)
    area2                                    0x08007f01   Thumb Code    46  oled.o(i.area2)
    cos                                      0x08007f31   Thumb Code   148  cos.o(i.cos)
    fputc                                    0x08007fcd   Thumb Code   264  main.o(i.fputc)
    main                                     0x080080e5   Thumb Code   146  main.o(i.main)
    osKernelInitialize                       0x08008199   Thumb Code    38  cmsis_os2.o(i.osKernelInitialize)
    osKernelStart                            0x080081c5   Thumb Code    82  cmsis_os2.o(i.osKernelStart)
    osSemaphoreNew                           0x08008225   Thumb Code   204  cmsis_os2.o(i.osSemaphoreNew)
    osThreadNew                              0x080082f1   Thumb Code   184  cmsis_os2.o(i.osThreadNew)
    pointInTriangle                          0x080083a9   Thumb Code   122  oled.o(i.pointInTriangle)
    pvPortMalloc                             0x08008e7d   Thumb Code   306  heap_4.o(i.pvPortMalloc)
    pvTaskIncrementMutexHeldCount            0x08008fc9   Thumb Code    26  tasks.o(i.pvTaskIncrementMutexHeldCount)
    pxPortInitialiseStack                    0x08008fe9   Thumb Code    30  port.o(i.pxPortInitialiseStack)
    rotate_point                             0x0800900d   Thumb Code   216  oled.o(i.rotate_point)
    round                                    0x080090ed   Thumb Code   136  round.o(i.round)
    sin                                      0x08009181   Thumb Code   150  sin.o(i.sin)
    uxListRemove                             0x08009221   Thumb Code    40  list.o(i.uxListRemove)
    uxTaskResetEventItemValue                0x08009249   Thumb Code    24  tasks.o(i.uxTaskResetEventItemValue)
    vApplicationGetIdleTaskMemory            0x08009265   Thumb Code    14  cmsis_os2.o(i.vApplicationGetIdleTaskMemory)
    vApplicationGetTimerTaskMemory           0x0800927d   Thumb Code    16  cmsis_os2.o(i.vApplicationGetTimerTaskMemory)
    vListInitialise                          0x08009295   Thumb Code    26  list.o(i.vListInitialise)
    vListInitialiseItem                      0x080092af   Thumb Code     6  list.o(i.vListInitialiseItem)
    vListInsert                              0x080092b5   Thumb Code    52  list.o(i.vListInsert)
    vListInsertEnd                           0x080092e9   Thumb Code    24  list.o(i.vListInsertEnd)
    vPortEnterCritical                       0x08009301   Thumb Code    76  port.o(i.vPortEnterCritical)
    vPortExitCritical                        0x08009355   Thumb Code    56  port.o(i.vPortExitCritical)
    vPortFree                                0x08009391   Thumb Code   150  heap_4.o(i.vPortFree)
    vPortSetupTimerInterrupt                 0x08009435   Thumb Code    36  port.o(i.vPortSetupTimerInterrupt)
    vPortValidateInterruptPriority           0x0800945d   Thumb Code   106  port.o(i.vPortValidateInterruptPriority)
    vQueueAddToRegistry                      0x080094d5   Thumb Code    38  queue.o(i.vQueueAddToRegistry)
    vQueueDelete                             0x08009501   Thumb Code    50  queue.o(i.vQueueDelete)
    vQueueUnregisterQueue                    0x08009535   Thumb Code    44  queue.o(i.vQueueUnregisterQueue)
    vQueueWaitForMessageRestricted           0x08009565   Thumb Code    74  queue.o(i.vQueueWaitForMessageRestricted)
    vTaskDelay                               0x080095b1   Thumb Code    82  tasks.o(i.vTaskDelay)
    vTaskDelete                              0x0800960d   Thumb Code   168  tasks.o(i.vTaskDelete)
    vTaskInternalSetTimeOutState             0x080096d5   Thumb Code    14  tasks.o(i.vTaskInternalSetTimeOutState)
    vTaskMissedYield                         0x080096ed   Thumb Code     8  tasks.o(i.vTaskMissedYield)
    vTaskPlaceOnEventList                    0x080096f9   Thumb Code    52  tasks.o(i.vTaskPlaceOnEventList)
    vTaskPlaceOnEventListRestricted          0x08009731   Thumb Code    60  tasks.o(i.vTaskPlaceOnEventListRestricted)
    vTaskPlaceOnUnorderedEventList           0x08009771   Thumb Code   100  tasks.o(i.vTaskPlaceOnUnorderedEventList)
    vTaskPriorityDisinheritAfterTimeout      0x080097dd   Thumb Code   194  tasks.o(i.vTaskPriorityDisinheritAfterTimeout)
    vTaskRemoveFromUnorderedEventList        0x080098ad   Thumb Code   140  tasks.o(i.vTaskRemoveFromUnorderedEventList)
    vTaskStartScheduler                      0x0800994d   Thumb Code   156  tasks.o(i.vTaskStartScheduler)
    vTaskSuspendAll                          0x08009a05   Thumb Code    12  tasks.o(i.vTaskSuspendAll)
    vTaskSwitchContext                       0x08009a15   Thumb Code   122  tasks.o(i.vTaskSwitchContext)
    xEventGroupClearBits                     0x08009aa5   Thumb Code    92  event_groups.o(i.xEventGroupClearBits)
    xEventGroupCreate                        0x08009b01   Thumb Code    30  event_groups.o(i.xEventGroupCreate)
    xEventGroupSetBits                       0x08009b1f   Thumb Code   206  event_groups.o(i.xEventGroupSetBits)
    xEventGroupWaitBits                      0x08009bed   Thumb Code   338  event_groups.o(i.xEventGroupWaitBits)
    xPortGetFreeHeapSize                     0x08009d45   Thumb Code     6  heap_4.o(i.xPortGetFreeHeapSize)
    xPortStartScheduler                      0x08009d51   Thumb Code   228  port.o(i.xPortStartScheduler)
    xPortSysTickHandler                      0x08009e49   Thumb Code    46  port.o(i.xPortSysTickHandler)
    xQueueCreateCountingSemaphore            0x08009e7d   Thumb Code    92  queue.o(i.xQueueCreateCountingSemaphore)
    xQueueCreateCountingSemaphoreStatic      0x08009ed9   Thumb Code   100  queue.o(i.xQueueCreateCountingSemaphoreStatic)
    xQueueGenericCreate                      0x08009f3d   Thumb Code    90  queue.o(i.xQueueGenericCreate)
    xQueueGenericCreateStatic                0x08009f97   Thumb Code   224  queue.o(i.xQueueGenericCreateStatic)
    xQueueGenericReset                       0x0800a079   Thumb Code   146  queue.o(i.xQueueGenericReset)
    xQueueGenericSend                        0x0800a111   Thumb Code   420  queue.o(i.xQueueGenericSend)
    xQueueGenericSendFromISR                 0x0800a2b9   Thumb Code   252  queue.o(i.xQueueGenericSendFromISR)
    xQueueReceive                            0x0800a3b5   Thumb Code   356  queue.o(i.xQueueReceive)
    xQueueSemaphoreTake                      0x0800a51d   Thumb Code   434  queue.o(i.xQueueSemaphoreTake)
    xTaskCheckForTimeOut                     0x0800a6d5   Thumb Code   132  tasks.o(i.xTaskCheckForTimeOut)
    xTaskCreate                              0x0800a761   Thumb Code   100  tasks.o(i.xTaskCreate)
    xTaskCreateStatic                        0x0800a7c5   Thumb Code   186  tasks.o(i.xTaskCreateStatic)
    xTaskGetSchedulerState                   0x0800a881   Thumb Code    24  tasks.o(i.xTaskGetSchedulerState)
    xTaskGetTickCount                        0x0800a8a1   Thumb Code     6  tasks.o(i.xTaskGetTickCount)
    xTaskIncrementTick                       0x0800a8ad   Thumb Code   280  tasks.o(i.xTaskIncrementTick)
    xTaskPriorityDisinherit                  0x0800a9f1   Thumb Code   152  tasks.o(i.xTaskPriorityDisinherit)
    xTaskPriorityInherit                     0x0800aa95   Thumb Code   150  tasks.o(i.xTaskPriorityInherit)
    xTaskRemoveFromEventList                 0x0800ab39   Thumb Code   126  tasks.o(i.xTaskRemoveFromEventList)
    xTaskResumeAll                           0x0800abd1   Thumb Code   222  tasks.o(i.xTaskResumeAll)
    xTimerCreateTimerTask                    0x0800acd5   Thumb Code   100  timers.o(i.xTimerCreateTimerTask)
    xTimerGenericCommand                     0x0800ad4d   Thumb Code   128  timers.o(i.xTimerGenericCommand)
    Reset_Show                               0x0800add0   Data          90  main.o(.constdata)
    UsartTask_attributes                     0x0800ae2c   Data          36  freertos.o(.constdata)
    FlashWriteTask_attributes                0x0800ae50   Data          36  freertos.o(.constdata)
    UsartTask_sem_attributes                 0x0800ae74   Data          16  freertos.o(.constdata)
    InitTask_attributes                      0x0800ae84   Data          36  freertos.o(.constdata)
    OLED_SelectTask_attributes               0x0800aea8   Data          36  freertos.o(.constdata)
    ADC_ReadTask_attributes                  0x0800aecc   Data          36  freertos.o(.constdata)
    MPU_ReadTask_attributes                  0x0800aef0   Data          36  freertos.o(.constdata)
    Button_ReadTask_attributes               0x0800af14   Data          36  freertos.o(.constdata)
    ADCTask_sem_attributes                   0x0800af38   Data          16  freertos.o(.constdata)
    MPUTask_sem_attributes                   0x0800af48   Data          16  freertos.o(.constdata)
    SELTask_sem_attributes                   0x0800af58   Data          16  freertos.o(.constdata)
    TimeDisplayTask_attributes               0x0800af68   Data          36  freertos.o(.constdata)
    TimeDisplayTask_sem_attributes           0x0800af8c   Data          16  freertos.o(.constdata)
    KeyBoardTask_attributes                  0x0800af9c   Data          36  freertos.o(.constdata)
    KeyBoard_sem_attributes                  0x0800afc0   Data          16  freertos.o(.constdata)
    MENUSELECT                               0x0800afd0   Data          90  freertos.o(.constdata)
    AHBPrescTable                            0x0800b08c   Data          16  system_stm32f1xx.o(.constdata)
    APBPrescTable                            0x0800b09c   Data           8  system_stm32f1xx.o(.constdata)
    OLED_F8x16                               0x0800b0a4   Data        1520  oled.o(.constdata)
    OLEDMin_F8x8                             0x0800b694   Data         760  oled.o(.constdata)
    Region$$Table$$Base                      0x0800bb8c   Number         0  anon$$obj.o(Region$$Table)
    Region$$Table$$Limit                     0x0800bbac   Number         0  anon$$obj.o(Region$$Table)
    usart_data                               0x20000000   Data         128  main.o(.data)
    usart_data1                              0x20000080   Data         128  main.o(.data)
    usart_reflag                             0x20000100   Data           1  main.o(.data)
    usart_reflag1                            0x20000101   Data           1  main.o(.data)
    Reset_Cause                              0x20000102   Data           1  main.o(.data)
    a                                        0x20000104   Data           4  main.o(.data)
    b                                        0x20000108   Data           4  main.o(.data)
    usart_Echo                               0x2000010c   Data           1  main.o(.data)
    EventGroupHandle                         0x20000110   Data           4  freertos.o(.data)
    UsartTaskHandle                          0x20000114   Data           4  freertos.o(.data)
    FlashWriteTaskHandle                     0x20000118   Data           4  freertos.o(.data)
    UsartTask_semHandle                      0x2000011c   Data           4  freertos.o(.data)
    InitTaskHandle                           0x20000120   Data           4  freertos.o(.data)
    OLED_SelectTaskHandle                    0x20000124   Data           4  freertos.o(.data)
    ADC_ReadTaskHandle                       0x20000128   Data           4  freertos.o(.data)
    MPU_ReadTaskHandle                       0x2000012c   Data           4  freertos.o(.data)
    Button_ReadTaskHandle                    0x20000130   Data           4  freertos.o(.data)
    ADCTask_semHandle                        0x20000134   Data           4  freertos.o(.data)
    MPUTask_semHandle                        0x20000138   Data           4  freertos.o(.data)
    SELTask_semHandle                        0x2000013c   Data           4  freertos.o(.data)
    TimeDisplayTaskHandle                    0x20000140   Data           4  freertos.o(.data)
    TimeDisplayTask_semHandle                0x20000144   Data           4  freertos.o(.data)
    KeyBoardTaskHandle                       0x20000148   Data           4  freertos.o(.data)
    KeyBoard_semHandle                       0x2000014c   Data           4  freertos.o(.data)
    uwTick                                   0x20000154   Data           4  stm32f1xx_hal.o(.data)
    uwTickPrio                               0x20000158   Data           4  stm32f1xx_hal.o(.data)
    uwTickFreq                               0x2000015c   Data           1  stm32f1xx_hal.o(.data)
    SystemCoreClock                          0x20000160   Data           4  system_stm32f1xx.o(.data)
    pxCurrentTCB                             0x20000164   Data           4  tasks.o(.data)
    __stdout                                 0x200001e4   Data           4  stdout.o(.data)
    ch_library                               0x20000200   Data          64  main.o(.bss)
    hadc1                                    0x20000240   Data          48  adc.o(.bss)
    hdma_adc1                                0x20000270   Data          68  adc.o(.bss)
    hi2c2                                    0x200002b4   Data          84  i2c.o(.bss)
    htim1                                    0x20000308   Data          72  tim.o(.bss)
    htim2                                    0x20000350   Data          72  tim.o(.bss)
    hdma_uart2                               0x20000398   Data          68  usart.o(.bss)
    huart2                                   0x200003dc   Data          72  usart.o(.bss)
    htim3                                    0x20000424   Data          72  stm32f1xx_hal_timebase_tim.o(.bss)
    hiwdg                                    0x2000046c   Data          12  iwdg.o(.bss)
    hrtc                                     0x20000478   Data          20  rtc.o(.bss)
    pFlash                                   0x20000490   Data          32  stm32f1xx_hal_flash.o(.bss)
    xQueueRegistry                           0x200004b0   Data          64  queue.o(.bss)
    OLEDPicture_total                        0x20002988   Data        1024  oled.o(.bss)
    OLED_Sample_value                        0x20002d88   Data        2048  oled.o(.bss)
    __initial_sp                             0x20003a88   Data           0  startup_stm32f103xb.o(STACK)



==============================================================================

Memory Map of the image

  Image Entry point : 0x080000ed

  Load Region LR_IROM1 (Base: 0x08000000, Size: 0x0000bd98, Max: 0x00010000, ABSOLUTE, COMPRESSED[0x0000bbcc])

    Execution Region ER_IROM1 (Exec base: 0x08000000, Load base: 0x08000000, Size: 0x0000bbac, Max: 0x00010000, ABSOLUTE)

    Exec Addr    Load Addr    Size         Type   Attr      Idx    E Section Name        Object

    0x08000000   0x08000000   0x000000ec   Data   RO            3    RESET               startup_stm32f103xb.o
    0x080000ec   0x080000ec   0x00000000   Code   RO         6566  * .ARM.Collect$$$$00000000  mc_w.l(entry.o)
    0x080000ec   0x080000ec   0x00000004   Code   RO         6920    .ARM.Collect$$$$00000001  mc_w.l(entry2.o)
    0x080000f0   0x080000f0   0x00000004   Code   RO         6923    .ARM.Collect$$$$00000004  mc_w.l(entry5.o)
    0x080000f4   0x080000f4   0x00000000   Code   RO         6925    .ARM.Collect$$$$00000008  mc_w.l(entry7b.o)
    0x080000f4   0x080000f4   0x00000000   Code   RO         6927    .ARM.Collect$$$$0000000A  mc_w.l(entry8b.o)
    0x080000f4   0x080000f4   0x00000008   Code   RO         6928    .ARM.Collect$$$$0000000B  mc_w.l(entry9a.o)
    0x080000fc   0x080000fc   0x00000000   Code   RO         6930    .ARM.Collect$$$$0000000D  mc_w.l(entry10a.o)
    0x080000fc   0x080000fc   0x00000000   Code   RO         6932    .ARM.Collect$$$$0000000F  mc_w.l(entry11a.o)
    0x080000fc   0x080000fc   0x00000004   Code   RO         6921    .ARM.Collect$$$$00002712  mc_w.l(entry2.o)
    0x08000100   0x08000100   0x00000096   Code   RO         6082    .emb_text           port.o
    0x08000196   0x08000196   0x00000002   PAD
    0x08000198   0x08000198   0x00000024   Code   RO            4    .text               startup_stm32f103xb.o
    0x080001bc   0x080001bc   0x0000001e   Code   RO         6569    .text               mc_w.l(llshl.o)
    0x080001da   0x080001da   0x00000020   Code   RO         6571    .text               mc_w.l(llushr.o)
    0x080001fa   0x080001fa   0x00000024   Code   RO         6573    .text               mc_w.l(memcpya.o)
    0x0800021e   0x0800021e   0x00000024   Code   RO         6577    .text               mc_w.l(memseta.o)
    0x08000242   0x08000242   0x0000000e   Code   RO         6579    .text               mc_w.l(strlen.o)
    0x08000250   0x08000250   0x000000b0   Code   RO         6872    .text               mf_w.l(fadd.o)
    0x08000300   0x08000300   0x00000064   Code   RO         6874    .text               mf_w.l(fmul.o)
    0x08000364   0x08000364   0x0000014e   Code   RO         6876    .text               mf_w.l(dadd.o)
    0x080004b2   0x080004b2   0x000000e4   Code   RO         6878    .text               mf_w.l(dmul.o)
    0x08000596   0x08000596   0x000000de   Code   RO         6880    .text               mf_w.l(ddiv.o)
    0x08000674   0x08000674   0x00000012   Code   RO         6882    .text               mf_w.l(fflti.o)
    0x08000686   0x08000686   0x00000022   Code   RO         6884    .text               mf_w.l(dflti.o)
    0x080006a8   0x080006a8   0x0000003e   Code   RO         6886    .text               mf_w.l(dfixi.o)
    0x080006e6   0x080006e6   0x00000026   Code   RO         6888    .text               mf_w.l(f2d.o)
    0x0800070c   0x0800070c   0x00000038   Code   RO         6890    .text               mf_w.l(d2f.o)
    0x08000744   0x08000744   0x0000002c   Code   RO         6935    .text               mc_w.l(uidiv.o)
    0x08000770   0x08000770   0x00000024   Code   RO         6939    .text               mc_w.l(llsshr.o)
    0x08000794   0x08000794   0x00000000   Code   RO         6950    .text               mc_w.l(iusefp.o)
    0x08000794   0x08000794   0x0000006e   Code   RO         6951    .text               mf_w.l(fepilogue.o)
    0x08000802   0x08000802   0x000000ba   Code   RO         6953    .text               mf_w.l(depilogue.o)
    0x080008bc   0x080008bc   0x00000088   Code   RO         6955    .text               mf_w.l(drnd.o)
    0x08000944   0x08000944   0x00000030   Code   RO         6959    .text               mf_w.l(cdcmple.o)
    0x08000974   0x08000974   0x00000030   Code   RO         6961    .text               mf_w.l(cdrcmple.o)
    0x080009a4   0x080009a4   0x00000024   Code   RO         6967    .text               mc_w.l(init.o)
    0x080009c8   0x080009c8   0x0000002e   Code   RO         6969    .text               mf_w.l(dscalb.o)
    0x080009f6   0x080009f6   0x0000001a   Code   RO         6971    .text               mf_w.l(dfltui.o)
    0x08000a10   0x08000a10   0x0000003a   Code   RO         6981    .text               mc_w.l(__dczerorl.o)
    0x08000a4a   0x08000a4a   0x0000005c   Code   RO         1884    i.ADC_ConversionStop_Disable  stm32f1xx_hal_adc.o
    0x08000aa6   0x08000aa6   0x00000052   Code   RO         1885    i.ADC_DMAConvCplt   stm32f1xx_hal_adc.o
    0x08000af8   0x08000af8   0x0000001e   Code   RO         1886    i.ADC_DMAError      stm32f1xx_hal_adc.o
    0x08000b16   0x08000b16   0x0000000e   Code   RO         1887    i.ADC_DMAHalfConvCplt  stm32f1xx_hal_adc.o
    0x08000b24   0x08000b24   0x00000090   Code   RO         1888    i.ADC_Enable        stm32f1xx_hal_adc.o
    0x08000bb4   0x08000bb4   0x00000194   Code   RO          336    i.ADC_Task          freertos.o
    0x08000d48   0x08000d48   0x00000004   Code   RO          659    i.BusFault_Handler  stm32f1xx_it.o
    0x08000d4c   0x08000d4c   0x0000005c   Code   RO          337    i.Button_ReadTask   freertos.o
    0x08000da8   0x08000da8   0x00000074   Code   RO           13    i.Check_Reset_Reason  main.o
    0x08000e1c   0x08000e1c   0x00000010   Code   RO          660    i.DMA1_Channel1_IRQHandler  stm32f1xx_it.o
    0x08000e2c   0x08000e2c   0x00000002   Code   RO           14    i.DMA1_Channel6_IRQHandler  main.o
    0x08000e2e   0x08000e2e   0x0000002c   Code   RO         2545    i.DMA_SetConfig     stm32f1xx_hal_dma.o
    0x08000e5a   0x08000e5a   0x00000002   Code   RO          661    i.DebugMon_Handler  stm32f1xx_it.o
    0x08000e5c   0x08000e5c   0x0000000a   Code   RO           15    i.EXTI0_IRQHandler  main.o
    0x08000e66   0x08000e66   0x00000002   PAD
    0x08000e68   0x08000e68   0x00000014   Code   RO           16    i.Error_Handler     main.o
    0x08000e7c   0x08000e7c   0x00000028   Code   RO         2990    i.FLASH_MassErase   stm32f1xx_hal_flash_ex.o
    0x08000ea4   0x08000ea4   0x00000028   Code   RO         2999    i.FLASH_PageErase   stm32f1xx_hal_flash_ex.o
    0x08000ecc   0x08000ecc   0x00000020   Code   RO         2887    i.FLASH_Program_HalfWord  stm32f1xx_hal_flash.o
    0x08000eec   0x08000eec   0x00000084   Code   RO         2888    i.FLASH_SetErrorCode  stm32f1xx_hal_flash.o
    0x08000f70   0x08000f70   0x00000070   Code   RO         2889    i.FLASH_WaitForLastOperation  stm32f1xx_hal_flash.o
    0x08000fe0   0x08000fe0   0x00000064   Code   RO          338    i.FlashWriteTask    freertos.o
    0x08001044   0x08001044   0x00000160   Code   RO         1890    i.HAL_ADC_ConfigChannel  stm32f1xx_hal_adc.o
    0x080011a4   0x080011a4   0x00000002   Code   RO         1891    i.HAL_ADC_ConvCpltCallback  stm32f1xx_hal_adc.o
    0x080011a6   0x080011a6   0x00000002   Code   RO         1892    i.HAL_ADC_ConvHalfCpltCallback  stm32f1xx_hal_adc.o
    0x080011a8   0x080011a8   0x00000002   Code   RO         1894    i.HAL_ADC_ErrorCallback  stm32f1xx_hal_adc.o
    0x080011aa   0x080011aa   0x00000002   PAD
    0x080011ac   0x080011ac   0x00000144   Code   RO         1899    i.HAL_ADC_Init      stm32f1xx_hal_adc.o
    0x080012f0   0x080012f0   0x000000ac   Code   RO          444    i.HAL_ADC_MspInit   adc.o
    0x0800139c   0x0800139c   0x00000180   Code   RO         1906    i.HAL_ADC_Start_DMA  stm32f1xx_hal_adc.o
    0x0800151c   0x0800151c   0x00000056   Code   RO         2546    i.HAL_DMA_Abort     stm32f1xx_hal_dma.o
    0x08001572   0x08001572   0x00000006   Code   RO         2549    i.HAL_DMA_GetError  stm32f1xx_hal_dma.o
    0x08001578   0x08001578   0x0000019c   Code   RO         2551    i.HAL_DMA_IRQHandler  stm32f1xx_hal_dma.o
    0x08001714   0x08001714   0x00000068   Code   RO         2552    i.HAL_DMA_Init      stm32f1xx_hal_dma.o
    0x0800177c   0x0800177c   0x0000009c   Code   RO         2556    i.HAL_DMA_Start_IT  stm32f1xx_hal_dma.o
    0x08001818   0x08001818   0x00000028   Code   RO         2167    i.HAL_Delay         stm32f1xx_hal.o
    0x08001840   0x08001840   0x000000b0   Code   RO         3000    i.HAL_FLASHEx_Erase  stm32f1xx_hal_flash_ex.o
    0x080018f0   0x080018f0   0x00000014   Code   RO         2893    i.HAL_FLASH_Lock    stm32f1xx_hal_flash.o
    0x08001904   0x08001904   0x000000b0   Code   RO         2898    i.HAL_FLASH_Program  stm32f1xx_hal_flash.o
    0x080019b4   0x080019b4   0x00000030   Code   RO         2900    i.HAL_FLASH_Unlock  stm32f1xx_hal_flash.o
    0x080019e4   0x080019e4   0x00000002   Code   RO           17    i.HAL_GPIO_EXTI_Callback  main.o
    0x080019e6   0x080019e6   0x00000002   PAD
    0x080019e8   0x080019e8   0x0000001c   Code   RO         2481    i.HAL_GPIO_EXTI_IRQHandler  stm32f1xx_hal_gpio.o
    0x08001a04   0x08001a04   0x00000320   Code   RO         2482    i.HAL_GPIO_Init     stm32f1xx_hal_gpio.o
    0x08001d24   0x08001d24   0x00000010   Code   RO         2484    i.HAL_GPIO_ReadPin  stm32f1xx_hal_gpio.o
    0x08001d34   0x08001d34   0x0000000c   Code   RO         2486    i.HAL_GPIO_WritePin  stm32f1xx_hal_gpio.o
    0x08001d40   0x08001d40   0x0000000c   Code   RO         2171    i.HAL_GetTick       stm32f1xx_hal.o
    0x08001d4c   0x08001d4c   0x000001d0   Code   RO         3179    i.HAL_I2C_Init      stm32f1xx_hal_i2c.o
    0x08001f1c   0x08001f1c   0x00000170   Code   RO         3192    i.HAL_I2C_Master_Transmit  stm32f1xx_hal_i2c.o
    0x0800208c   0x0800208c   0x00000374   Code   RO         3197    i.HAL_I2C_Mem_Read  stm32f1xx_hal_i2c.o
    0x08002400   0x08002400   0x00000078   Code   RO          510    i.HAL_I2C_MspInit   i2c.o
    0x08002478   0x08002478   0x00000062   Code   RO         4018    i.HAL_IWDG_Init     stm32f1xx_hal_iwdg.o
    0x080024da   0x080024da   0x0000000e   Code   RO         4019    i.HAL_IWDG_Refresh  stm32f1xx_hal_iwdg.o
    0x080024e8   0x080024e8   0x00000018   Code   RO         2177    i.HAL_IncTick       stm32f1xx_hal.o
    0x08002500   0x08002500   0x00000028   Code   RO         2178    i.HAL_Init          stm32f1xx_hal.o
    0x08002528   0x08002528   0x000000b4   Code   RO          753    i.HAL_InitTick      stm32f1xx_hal_timebase_tim.o
    0x080025dc   0x080025dc   0x00000060   Code   RO          729    i.HAL_MspInit       stm32f1xx_hal_msp.o
    0x0800263c   0x0800263c   0x00000020   Code   RO         2642    i.HAL_NVIC_EnableIRQ  stm32f1xx_hal_cortex.o
    0x0800265c   0x0800265c   0x0000007c   Code   RO         2648    i.HAL_NVIC_SetPriority  stm32f1xx_hal_cortex.o
    0x080026d8   0x080026d8   0x00000028   Code   RO         2649    i.HAL_NVIC_SetPriorityGrouping  stm32f1xx_hal_cortex.o
    0x08002700   0x08002700   0x0000000c   Code   RO         2764    i.HAL_PWR_DisableBkUpAccess  stm32f1xx_hal_pwr.o
    0x0800270c   0x0800270c   0x0000000c   Code   RO         2769    i.HAL_PWR_EnableBkUpAccess  stm32f1xx_hal_pwr.o
    0x08002718   0x08002718   0x000000fc   Code   RO         2443    i.HAL_RCCEx_GetPeriphCLKFreq  stm32f1xx_hal_rcc_ex.o
    0x08002814   0x08002814   0x00000130   Code   RO         2444    i.HAL_RCCEx_PeriphCLKConfig  stm32f1xx_hal_rcc_ex.o
    0x08002944   0x08002944   0x0000018c   Code   RO         2335    i.HAL_RCC_ClockConfig  stm32f1xx_hal_rcc.o
    0x08002ad0   0x08002ad0   0x00000044   Code   RO         2339    i.HAL_RCC_GetClockConfig  stm32f1xx_hal_rcc.o
    0x08002b14   0x08002b14   0x0000000c   Code   RO         2340    i.HAL_RCC_GetHCLKFreq  stm32f1xx_hal_rcc.o
    0x08002b20   0x08002b20   0x00000020   Code   RO         2342    i.HAL_RCC_GetPCLK1Freq  stm32f1xx_hal_rcc.o
    0x08002b40   0x08002b40   0x00000020   Code   RO         2343    i.HAL_RCC_GetPCLK2Freq  stm32f1xx_hal_rcc.o
    0x08002b60   0x08002b60   0x00000070   Code   RO         2344    i.HAL_RCC_GetSysClockFreq  stm32f1xx_hal_rcc.o
    0x08002bd0   0x08002bd0   0x00000464   Code   RO         2347    i.HAL_RCC_OscConfig  stm32f1xx_hal_rcc.o
    0x08003034   0x08003034   0x00000018   Code   RO         4223    i.HAL_RTCEx_BKUPRead  stm32f1xx_hal_rtc_ex.o
    0x0800304c   0x0800304c   0x00000018   Code   RO         4224    i.HAL_RTCEx_BKUPWrite  stm32f1xx_hal_rtc_ex.o
    0x08003064   0x08003064   0x00000052   Code   RO         4053    i.HAL_RTC_GetDate   stm32f1xx_hal_rtc.o
    0x080030b6   0x080030b6   0x00000104   Code   RO         4055    i.HAL_RTC_GetTime   stm32f1xx_hal_rtc.o
    0x080031ba   0x080031ba   0x00000002   PAD
    0x080031bc   0x080031bc   0x000000c0   Code   RO         4056    i.HAL_RTC_Init      stm32f1xx_hal_rtc.o
    0x0800327c   0x0800327c   0x0000005c   Code   RO          823    i.HAL_RTC_MspInit   rtc.o
    0x080032d8   0x080032d8   0x000000f8   Code   RO         4062    i.HAL_RTC_SetDate   stm32f1xx_hal_rtc.o
    0x080033d0   0x080033d0   0x000000dc   Code   RO         4063    i.HAL_RTC_SetTime   stm32f1xx_hal_rtc.o
    0x080034ac   0x080034ac   0x00000040   Code   RO         4064    i.HAL_RTC_WaitForSynchro  stm32f1xx_hal_rtc.o
    0x080034ec   0x080034ec   0x00000002   Code   RO         1617    i.HAL_TIMEx_BreakCallback  stm32f1xx_hal_tim_ex.o
    0x080034ee   0x080034ee   0x00000002   Code   RO         1618    i.HAL_TIMEx_CommutCallback  stm32f1xx_hal_tim_ex.o
    0x080034f0   0x080034f0   0x00000084   Code   RO         1636    i.HAL_TIMEx_MasterConfigSynchronization  stm32f1xx_hal_tim_ex.o
    0x08003574   0x08003574   0x00000066   Code   RO          902    i.HAL_TIM_Base_Init  stm32f1xx_hal_tim.o
    0x080035da   0x080035da   0x00000002   PAD
    0x080035dc   0x080035dc   0x0000002c   Code   RO          552    i.HAL_TIM_Base_MspInit  tim.o
    0x08003608   0x08003608   0x00000078   Code   RO          907    i.HAL_TIM_Base_Start_IT  stm32f1xx_hal_tim.o
    0x08003680   0x08003680   0x0000010c   Code   RO          911    i.HAL_TIM_ConfigClockSource  stm32f1xx_hal_tim.o
    0x0800378c   0x0800378c   0x000000c4   Code   RO          923    i.HAL_TIM_Encoder_Init  stm32f1xx_hal_tim.o
    0x08003850   0x08003850   0x00000074   Code   RO          554    i.HAL_TIM_Encoder_MspInit  tim.o
    0x080038c4   0x080038c4   0x00000002   Code   RO          936    i.HAL_TIM_IC_CaptureCallback  stm32f1xx_hal_tim.o
    0x080038c6   0x080038c6   0x0000016c   Code   RO          950    i.HAL_TIM_IRQHandler  stm32f1xx_hal_tim.o
    0x08003a32   0x08003a32   0x00000002   PAD
    0x08003a34   0x08003a34   0x00000054   Code   RO          555    i.HAL_TIM_MspPostInit  tim.o
    0x08003a88   0x08003a88   0x00000002   Code   RO          953    i.HAL_TIM_OC_DelayElapsedCallback  stm32f1xx_hal_tim.o
    0x08003a8a   0x08003a8a   0x00000104   Code   RO          974    i.HAL_TIM_PWM_ConfigChannel  stm32f1xx_hal_tim.o
    0x08003b8e   0x08003b8e   0x00000066   Code   RO          977    i.HAL_TIM_PWM_Init  stm32f1xx_hal_tim.o
    0x08003bf4   0x08003bf4   0x00000002   Code   RO          979    i.HAL_TIM_PWM_MspInit  stm32f1xx_hal_tim.o
    0x08003bf6   0x08003bf6   0x00000002   Code   RO          980    i.HAL_TIM_PWM_PulseFinishedCallback  stm32f1xx_hal_tim.o
    0x08003bf8   0x08003bf8   0x00000018   Code   RO           18    i.HAL_TIM_PeriodElapsedCallback  main.o
    0x08003c10   0x08003c10   0x00000002   Code   RO          993    i.HAL_TIM_TriggerCallback  stm32f1xx_hal_tim.o
    0x08003c12   0x08003c12   0x00000002   Code   RO         3657    i.HAL_UARTEx_RxEventCallback  stm32f1xx_hal_uart.o
    0x08003c14   0x08003c14   0x000000c2   Code   RO         3660    i.HAL_UART_AbortReceive  stm32f1xx_hal_uart.o
    0x08003cd6   0x08003cd6   0x00000002   Code   RO         3671    i.HAL_UART_ErrorCallback  stm32f1xx_hal_uart.o
    0x08003cd8   0x08003cd8   0x00000076   Code   RO         3675    i.HAL_UART_Init     stm32f1xx_hal_uart.o
    0x08003d4e   0x08003d4e   0x00000002   PAD
    0x08003d50   0x08003d50   0x000000c8   Code   RO          618    i.HAL_UART_MspInit  usart.o
    0x08003e18   0x08003e18   0x0000002c   Code   RO         3679    i.HAL_UART_Receive_DMA  stm32f1xx_hal_uart.o
    0x08003e44   0x08003e44   0x00000002   Code   RO         3681    i.HAL_UART_RxCpltCallback  stm32f1xx_hal_uart.o
    0x08003e46   0x08003e46   0x00000002   Code   RO         3682    i.HAL_UART_RxHalfCpltCallback  stm32f1xx_hal_uart.o
    0x08003e48   0x08003e48   0x000000be   Code   RO         3683    i.HAL_UART_Transmit  stm32f1xx_hal_uart.o
    0x08003f06   0x08003f06   0x00000004   Code   RO          662    i.HardFault_Handler  stm32f1xx_it.o
    0x08003f0a   0x08003f0a   0x0000003e   Code   RO         3223    i.I2C_IsAcknowledgeFailed  stm32f1xx_hal_i2c.o
    0x08003f48   0x08003f48   0x000000c0   Code   RO         3227    i.I2C_MasterRequestWrite  stm32f1xx_hal_i2c.o
    0x08004008   0x08004008   0x00000160   Code   RO         3234    i.I2C_RequestMemoryRead  stm32f1xx_hal_i2c.o
    0x08004168   0x08004168   0x00000066   Code   RO         3243    i.I2C_WaitOnBTFFlagUntilTimeout  stm32f1xx_hal_i2c.o
    0x080041ce   0x080041ce   0x000000be   Code   RO         3244    i.I2C_WaitOnFlagUntilTimeout  stm32f1xx_hal_i2c.o
    0x0800428c   0x0800428c   0x000000fa   Code   RO         3245    i.I2C_WaitOnMasterAddressFlagUntilTimeout  stm32f1xx_hal_i2c.o
    0x08004386   0x08004386   0x0000008a   Code   RO         3246    i.I2C_WaitOnRXNEFlagUntilTimeout  stm32f1xx_hal_i2c.o
    0x08004410   0x08004410   0x00000066   Code   RO         3249    i.I2C_WaitOnTXEFlagUntilTimeout  stm32f1xx_hal_i2c.o
    0x08004476   0x08004476   0x00000002   PAD
    0x08004478   0x08004478   0x0000002c   Code   RO         6162    i.IIC1_Init         iic_hardware.o
    0x080044a4   0x080044a4   0x0000002c   Code   RO         6163    i.IIC1_ReadByte     iic_hardware.o
    0x080044d0   0x080044d0   0x00000028   Code   RO         6164    i.IIC1_WriteByte    iic_hardware.o
    0x080044f8   0x080044f8   0x000001ac   Code   RO          339    i.KeyBoard_Task     freertos.o
    0x080046a4   0x080046a4   0x000000c4   Code   RO          340    i.MPU_Task          freertos.o
    0x08004768   0x08004768   0x000000a0   Code   RO          445    i.MX_ADC1_Init      adc.o
    0x08004808   0x08004808   0x00000034   Code   RO          485    i.MX_DMA_Init       dma.o
    0x0800483c   0x0800483c   0x000000a4   Code   RO          341    i.MX_FREERTOS_Init  freertos.o
    0x080048e0   0x080048e0   0x000000e0   Code   RO          312    i.MX_GPIO_Init      gpio.o
    0x080049c0   0x080049c0   0x0000003c   Code   RO          511    i.MX_I2C2_Init      i2c.o
    0x080049fc   0x080049fc   0x00000028   Code   RO          792    i.MX_IWDG_Init      iwdg.o
    0x08004a24   0x08004a24   0x000000b0   Code   RO          824    i.MX_RTC_Init       rtc.o
    0x08004ad4   0x08004ad4   0x0000007c   Code   RO          556    i.MX_TIM1_Init      tim.o
    0x08004b50   0x08004b50   0x000000a4   Code   RO          557    i.MX_TIM2_Init      tim.o
    0x08004bf4   0x08004bf4   0x00000058   Code   RO          619    i.MX_USART2_UART_Init  usart.o
    0x08004c4c   0x08004c4c   0x00000004   Code   RO          663    i.MemManage_Handler  stm32f1xx_it.o
    0x08004c50   0x08004c50   0x00000004   Code   RO          664    i.NMI_Handler       stm32f1xx_it.o
    0x08004c54   0x08004c54   0x00000058   Code   RO         6208    i.OLEDMin_DrawARatateNum  oled.o
    0x08004cac   0x08004cac   0x0000018c   Code   RO         6209    i.OLEDMin_DrawARatateString  oled.o
    0x08004e38   0x08004e38   0x0000016c   Code   RO         6210    i.OLEDMin_DrawARatateWord  oled.o
    0x08004fa4   0x08004fa4   0x00000028   Code   RO         6211    i.OLEDMin_DrawAString  oled.o
    0x08004fcc   0x08004fcc   0x000000f0   Code   RO         6212    i.OLEDMin_DrawAWord  oled.o
    0x080050bc   0x080050bc   0x0000002a   Code   RO         6215    i.OLED_Clear        oled.o
    0x080050e6   0x080050e6   0x00000002   PAD
    0x080050e8   0x080050e8   0x00000174   Code   RO         6216    i.OLED_DrawAAixs    oled.o
    0x0800525c   0x0800525c   0x0000039c   Code   RO         6217    i.OLED_DrawAClock   oled.o
    0x080055f8   0x080055f8   0x00000220   Code   RO         6219    i.OLED_DrawALine    oled.o
    0x08005818   0x08005818   0x00000144   Code   RO         6220    i.OLED_DrawALine_For_Axis  oled.o
    0x0800595c   0x0800595c   0x00000052   Code   RO         6221    i.OLED_DrawANum     oled.o
    0x080059ae   0x080059ae   0x00000002   PAD
    0x080059b0   0x080059b0   0x0000012c   Code   RO         6227    i.OLED_DrawARound   oled.o
    0x08005adc   0x08005adc   0x00000028   Code   RO         6228    i.OLED_DrawAString  oled.o
    0x08005b04   0x08005b04   0x00000178   Code   RO         6229    i.OLED_DrawAThriangle  oled.o
    0x08005c7c   0x08005c7c   0x000001a8   Code   RO         6230    i.OLED_DrawAWord    oled.o
    0x08005e24   0x08005e24   0x0000003c   Code   RO         6231    i.OLED_DrawAquard   oled.o
    0x08005e60   0x08005e60   0x0000015c   Code   RO         6232    i.OLED_Horizon      oled.o
    0x08005fbc   0x08005fbc   0x00000034   Code   RO         6233    i.OLED_I2C_Init     oled.o
    0x08005ff0   0x08005ff0   0x00000058   Code   RO         6234    i.OLED_I2C_SendByte  oled.o
    0x08006048   0x08006048   0x00000030   Code   RO         6235    i.OLED_I2C_Start    oled.o
    0x08006078   0x08006078   0x00000028   Code   RO         6236    i.OLED_I2C_Stop     oled.o
    0x080060a0   0x080060a0   0x000000ce   Code   RO         6237    i.OLED_Init         oled.o
    0x0800616e   0x0800616e   0x00000014   Code   RO         6238    i.OLED_Pow          oled.o
    0x08006182   0x08006182   0x00000002   PAD
    0x08006184   0x08006184   0x00000288   Code   RO          342    i.OLED_SelectTask   freertos.o
    0x0800640c   0x0800640c   0x00000022   Code   RO         6239    i.OLED_SetCursor    oled.o
    0x0800642e   0x0800642e   0x00000002   PAD
    0x08006430   0x08006430   0x00000074   Code   RO         6241    i.OLED_ShowChar     oled.o
    0x080064a4   0x080064a4   0x00000044   Code   RO         6245    i.OLED_ShowNum      oled.o
    0x080064e8   0x080064e8   0x00000040   Code   RO         6246    i.OLED_ShowPicture  oled.o
    0x08006528   0x08006528   0x0000006a   Code   RO         6247    i.OLED_ShowRowString  oled.o
    0x08006592   0x08006592   0x00000028   Code   RO         6249    i.OLED_ShowString   oled.o
    0x080065ba   0x080065ba   0x00000020   Code   RO         6250    i.OLED_WriteCommand  oled.o
    0x080065da   0x080065da   0x00000020   Code   RO         6251    i.OLED_WriteData    oled.o
    0x080065fa   0x080065fa   0x00000002   PAD
    0x080065fc   0x080065fc   0x00000028   Code   RO         2348    i.RCC_Delay         stm32f1xx_hal_rcc.o
    0x08006624   0x08006624   0x00000016   Code   RO         4065    i.RTC_Bcd2ToByte    stm32f1xx_hal_rtc.o
    0x0800663a   0x0800663a   0x0000001a   Code   RO         4066    i.RTC_ByteToBcd2    stm32f1xx_hal_rtc.o
    0x08006654   0x08006654   0x000000b6   Code   RO         4067    i.RTC_DateUpdate    stm32f1xx_hal_rtc.o
    0x0800670a   0x0800670a   0x0000003a   Code   RO         4068    i.RTC_EnterInitMode  stm32f1xx_hal_rtc.o
    0x08006744   0x08006744   0x0000003a   Code   RO         4069    i.RTC_ExitInitMode  stm32f1xx_hal_rtc.o
    0x0800677e   0x0800677e   0x00000032   Code   RO         4070    i.RTC_IsLeapYear    stm32f1xx_hal_rtc.o
    0x080067b0   0x080067b0   0x00000018   Code   RO         4071    i.RTC_ReadAlarmCounter  stm32f1xx_hal_rtc.o
    0x080067c8   0x080067c8   0x00000034   Code   RO         4072    i.RTC_ReadTimeCounter  stm32f1xx_hal_rtc.o
    0x080067fc   0x080067fc   0x00000084   Code   RO         4073    i.RTC_WeekDayNum    stm32f1xx_hal_rtc.o
    0x08006880   0x08006880   0x0000002e   Code   RO         4074    i.RTC_WriteAlarmCounter  stm32f1xx_hal_rtc.o
    0x080068ae   0x080068ae   0x0000002e   Code   RO         4075    i.RTC_WriteTimeCounter  stm32f1xx_hal_rtc.o
    0x080068dc   0x080068dc   0x000000f4   Code   RO         6523    i.ReadKeyTask       key.o
    0x080069d0   0x080069d0   0x00000124   Code   RO          343    i.StartInitTask     freertos.o
    0x08006af4   0x08006af4   0x00000016   Code   RO         5500    i.SysTick_Handler   cmsis_os2.o
    0x08006b0a   0x08006b0a   0x0000008e   Code   RO           19    i.SystemClock_Config  main.o
    0x08006b98   0x08006b98   0x00000002   Code   RO         4326    i.SystemInit        system_stm32f1xx.o
    0x08006b9a   0x08006b9a   0x00000002   PAD
    0x08006b9c   0x08006b9c   0x00000010   Code   RO          665    i.TIM3_IRQHandler   stm32f1xx_it.o
    0x08006bac   0x08006bac   0x00000084   Code   RO          995    i.TIM_Base_SetConfig  stm32f1xx_hal_tim.o
    0x08006c30   0x08006c30   0x00000016   Code   RO         1006    i.TIM_ETR_SetConfig  stm32f1xx_hal_tim.o
    0x08006c46   0x08006c46   0x00000012   Code   RO         1007    i.TIM_ITRx_SetConfig  stm32f1xx_hal_tim.o
    0x08006c58   0x08006c58   0x00000060   Code   RO         1008    i.TIM_OC1_SetConfig  stm32f1xx_hal_tim.o
    0x08006cb8   0x08006cb8   0x00000068   Code   RO         1009    i.TIM_OC2_SetConfig  stm32f1xx_hal_tim.o
    0x08006d20   0x08006d20   0x00000068   Code   RO         1010    i.TIM_OC3_SetConfig  stm32f1xx_hal_tim.o
    0x08006d88   0x08006d88   0x00000048   Code   RO         1011    i.TIM_OC4_SetConfig  stm32f1xx_hal_tim.o
    0x08006dd0   0x08006dd0   0x00000026   Code   RO         1013    i.TIM_TI1_ConfigInputStage  stm32f1xx_hal_tim.o
    0x08006df6   0x08006df6   0x00000028   Code   RO         1015    i.TIM_TI2_ConfigInputStage  stm32f1xx_hal_tim.o
    0x08006e1e   0x08006e1e   0x00000002   PAD
    0x08006e20   0x08006e20   0x00000108   Code   RO          344    i.TimeDisplay_Task  freertos.o
    0x08006f28   0x08006f28   0x00000050   Code   RO         3689    i.UART_DMAError     stm32f1xx_hal_uart.o
    0x08006f78   0x08006f78   0x000000b4   Code   RO         3690    i.UART_DMAReceiveCplt  stm32f1xx_hal_uart.o
    0x0800702c   0x0800702c   0x00000024   Code   RO         3692    i.UART_DMARxHalfCplt  stm32f1xx_hal_uart.o
    0x08007050   0x08007050   0x0000006c   Code   RO         3698    i.UART_EndRxTransfer  stm32f1xx_hal_uart.o
    0x080070bc   0x080070bc   0x00000026   Code   RO         3700    i.UART_EndTxTransfer  stm32f1xx_hal_uart.o
    0x080070e2   0x080070e2   0x00000002   PAD
    0x080070e4   0x080070e4   0x000000fc   Code   RO         3702    i.UART_SetConfig    stm32f1xx_hal_uart.o
    0x080071e0   0x080071e0   0x000000c8   Code   RO         3703    i.UART_Start_Receive_DMA  stm32f1xx_hal_uart.o
    0x080072a8   0x080072a8   0x0000008c   Code   RO         3706    i.UART_WaitOnFlagUntilTimeout  stm32f1xx_hal_uart.o
    0x08007334   0x08007334   0x000000cc   Code   RO           20    i.USART2_IRQHandler  main.o
    0x08007400   0x08007400   0x00000004   Code   RO          666    i.UsageFault_Handler  stm32f1xx_it.o
    0x08007404   0x08007404   0x00000094   Code   RO          345    i.Usart_Task        freertos.o
    0x08007498   0x08007498   0x00000020   Code   RO         6738    i.__0printf$6       mc_w.l(printf6.o)
    0x080074b8   0x080074b8   0x00000028   Code   RO         6740    i.__0sprintf$6      mc_w.l(printf6.o)
    0x080074e0   0x080074e0   0x00000028   Code   RO         6963    i.__ARM_fpclassify  m_ws.l(fpclassify.o)
    0x08007508   0x08007508   0x00000010   Code   RO         2655    i.__NVIC_GetPriorityGrouping  stm32f1xx_hal_cortex.o
    0x08007518   0x08007518   0x00000028   Code   RO         2656    i.__NVIC_SetPriority  stm32f1xx_hal_cortex.o
    0x08007540   0x08007540   0x00000006   Code   RO         5502    i.__get_IPSR        cmsis_os2.o
    0x08007546   0x08007546   0x00000002   PAD
    0x08007548   0x08007548   0x00000388   Code   RO         6909    i.__ieee754_rem_pio2  m_ws.l(rred.o)
    0x080078d0   0x080078d0   0x000000fc   Code   RO         6892    i.__kernel_cos      m_ws.l(cos_i.o)
    0x080079cc   0x080079cc   0x000000aa   Code   RO         6965    i.__kernel_poly     m_ws.l(poly.o)
    0x08007a76   0x08007a76   0x00000002   PAD
    0x08007a78   0x08007a78   0x000000ec   Code   RO         6914    i.__kernel_sin      m_ws.l(sin_i.o)
    0x08007b64   0x08007b64   0x00000006   Code   RO         6896    i.__mathlib_dbl_infnan  m_ws.l(dunder.o)
    0x08007b6a   0x08007b6a   0x0000000c   Code   RO         6898    i.__mathlib_dbl_invalid  m_ws.l(dunder.o)
    0x08007b76   0x08007b76   0x00000002   PAD
    0x08007b78   0x08007b78   0x00000010   Code   RO         6901    i.__mathlib_dbl_underflow  m_ws.l(dunder.o)
    0x08007b88   0x08007b88   0x0000000e   Code   RO         6975    i.__scatterload_copy  mc_w.l(handlers.o)
    0x08007b96   0x08007b96   0x00000002   Code   RO         6976    i.__scatterload_null  mc_w.l(handlers.o)
    0x08007b98   0x08007b98   0x0000000e   Code   RO         6977    i.__scatterload_zeroinit  mc_w.l(handlers.o)
    0x08007ba6   0x08007ba6   0x00000002   PAD
    0x08007ba8   0x08007ba8   0x0000000c   Code   RO         6945    i.__set_errno       mc_w.l(errno.o)
    0x08007bb4   0x08007bb4   0x000002f0   Code   RO         6745    i._printf_core      mc_w.l(printf6.o)
    0x08007ea4   0x08007ea4   0x00000024   Code   RO         6746    i._printf_post_padding  mc_w.l(printf6.o)
    0x08007ec8   0x08007ec8   0x0000002e   Code   RO         6747    i._printf_pre_padding  mc_w.l(printf6.o)
    0x08007ef6   0x08007ef6   0x0000000a   Code   RO         6749    i._sputc            mc_w.l(printf6.o)
    0x08007f00   0x08007f00   0x0000002e   Code   RO         6252    i.area2             oled.o
    0x08007f2e   0x08007f2e   0x00000002   PAD
    0x08007f30   0x08007f30   0x0000009c   Code   RO         6549    i.cos               m_ws.l(cos.o)
    0x08007fcc   0x08007fcc   0x00000118   Code   RO           21    i.fputc             main.o
    0x080080e4   0x080080e4   0x000000b4   Code   RO           22    i.main              main.o
    0x08008198   0x08008198   0x0000002c   Code   RO         5517    i.osKernelInitialize  cmsis_os2.o
    0x080081c4   0x080081c4   0x00000060   Code   RO         5520    i.osKernelStart     cmsis_os2.o
    0x08008224   0x08008224   0x000000cc   Code   RO         5548    i.osSemaphoreNew    cmsis_os2.o
    0x080082f0   0x080082f0   0x000000b8   Code   RO         5562    i.osThreadNew       cmsis_os2.o
    0x080083a8   0x080083a8   0x0000007a   Code   RO         6253    i.pointInTriangle   oled.o
    0x08008422   0x08008422   0x00000002   PAD
    0x08008424   0x08008424   0x0000007c   Code   RO         4940    i.prvAddCurrentTaskToDelayedList  tasks.o
    0x080084a0   0x080084a0   0x000000b8   Code   RO         4941    i.prvAddNewTaskToReadyList  tasks.o
    0x08008558   0x08008558   0x00000074   Code   RO         5316    i.prvCheckForValidListAndQueue  timers.o
    0x080085cc   0x080085cc   0x00000048   Code   RO         4942    i.prvCheckTasksWaitingTermination  tasks.o
    0x08008614   0x08008614   0x0000002a   Code   RO         4527    i.prvCopyDataFromQueue  queue.o
    0x0800863e   0x0800863e   0x0000007e   Code   RO         4528    i.prvCopyDataToQueue  queue.o
    0x080086bc   0x080086bc   0x00000050   Code   RO         4943    i.prvDeleteTCB      tasks.o
    0x0800870c   0x0800870c   0x00000014   Code   RO         4529    i.prvGetDisinheritPriorityAfterTimeout  queue.o
    0x08008720   0x08008720   0x00000028   Code   RO         5317    i.prvGetNextExpireTime  timers.o
    0x08008748   0x08008748   0x0000007c   Code   RO         6027    i.prvHeapInit       heap_4.o
    0x080087c4   0x080087c4   0x00000028   Code   RO         4944    i.prvIdleTask       tasks.o
    0x080087ec   0x080087ec   0x0000002a   Code   RO         4531    i.prvInitialiseNewQueue  queue.o
    0x08008816   0x08008816   0x000000be   Code   RO         4945    i.prvInitialiseNewTask  tasks.o
    0x080088d4   0x080088d4   0x00000068   Code   RO         4946    i.prvInitialiseTaskLists  tasks.o
    0x0800893c   0x0800893c   0x00000068   Code   RO         6028    i.prvInsertBlockIntoFreeList  heap_4.o
    0x080089a4   0x080089a4   0x00000058   Code   RO         5319    i.prvInsertTimerInActiveList  timers.o
    0x080089fc   0x080089fc   0x0000001a   Code   RO         4532    i.prvIsQueueEmpty   queue.o
    0x08008a16   0x08008a16   0x0000001e   Code   RO         4533    i.prvIsQueueFull    queue.o
    0x08008a34   0x08008a34   0x00000074   Code   RO         5320    i.prvProcessExpiredTimer  timers.o
    0x08008aa8   0x08008aa8   0x00000164   Code   RO         5321    i.prvProcessReceivedCommands  timers.o
    0x08008c0c   0x08008c0c   0x00000074   Code   RO         5322    i.prvProcessTimerOrBlockTask  timers.o
    0x08008c80   0x08008c80   0x00000034   Code   RO         4948    i.prvResetNextTaskUnblockTime  tasks.o
    0x08008cb4   0x08008cb4   0x0000002c   Code   RO         5323    i.prvSampleTimeNow  timers.o
    0x08008ce0   0x08008ce0   0x000000a4   Code   RO         5324    i.prvSwitchTimerLists  timers.o
    0x08008d84   0x08008d84   0x00000040   Code   RO         6083    i.prvTaskExitError  port.o
    0x08008dc4   0x08008dc4   0x0000001e   Code   RO         4368    i.prvTestWaitCondition  event_groups.o
    0x08008de2   0x08008de2   0x0000001a   Code   RO         5325    i.prvTimerTask      timers.o
    0x08008dfc   0x08008dfc   0x0000007e   Code   RO         4534    i.prvUnlockQueue    queue.o
    0x08008e7a   0x08008e7a   0x00000002   PAD
    0x08008e7c   0x08008e7c   0x0000014c   Code   RO         6029    i.pvPortMalloc      heap_4.o
    0x08008fc8   0x08008fc8   0x00000020   Code   RO         4951    i.pvTaskIncrementMutexHeldCount  tasks.o
    0x08008fe8   0x08008fe8   0x00000024   Code   RO         6084    i.pxPortInitialiseStack  port.o
    0x0800900c   0x0800900c   0x000000e0   Code   RO         6254    i.rotate_point      oled.o
    0x080090ec   0x080090ec   0x00000094   Code   RO         6556    i.round             m_ws.l(round.o)
    0x08009180   0x08009180   0x000000a0   Code   RO         6559    i.sin               m_ws.l(sin.o)
    0x08009220   0x08009220   0x00000028   Code   RO         4487    i.uxListRemove      list.o
    0x08009248   0x08009248   0x0000001c   Code   RO         4960    i.uxTaskResetEventItemValue  tasks.o
    0x08009264   0x08009264   0x00000018   Code   RO         5574    i.vApplicationGetIdleTaskMemory  cmsis_os2.o
    0x0800927c   0x0800927c   0x00000018   Code   RO         5575    i.vApplicationGetTimerTaskMemory  cmsis_os2.o
    0x08009294   0x08009294   0x0000001a   Code   RO         4488    i.vListInitialise   list.o
    0x080092ae   0x080092ae   0x00000006   Code   RO         4489    i.vListInitialiseItem  list.o
    0x080092b4   0x080092b4   0x00000034   Code   RO         4490    i.vListInsert       list.o
    0x080092e8   0x080092e8   0x00000018   Code   RO         4491    i.vListInsertEnd    list.o
    0x08009300   0x08009300   0x00000054   Code   RO         6086    i.vPortEnterCritical  port.o
    0x08009354   0x08009354   0x0000003c   Code   RO         6087    i.vPortExitCritical  port.o
    0x08009390   0x08009390   0x000000a4   Code   RO         6030    i.vPortFree         heap_4.o
    0x08009434   0x08009434   0x00000028   Code   RO         6088    i.vPortSetupTimerInterrupt  port.o
    0x0800945c   0x0800945c   0x00000078   Code   RO         6089    i.vPortValidateInterruptPriority  port.o
    0x080094d4   0x080094d4   0x0000002c   Code   RO         4540    i.vQueueAddToRegistry  queue.o
    0x08009500   0x08009500   0x00000032   Code   RO         4541    i.vQueueDelete      queue.o
    0x08009532   0x08009532   0x00000002   PAD
    0x08009534   0x08009534   0x00000030   Code   RO         4543    i.vQueueUnregisterQueue  queue.o
    0x08009564   0x08009564   0x0000004a   Code   RO         4544    i.vQueueWaitForMessageRestricted  queue.o
    0x080095ae   0x080095ae   0x00000002   PAD
    0x080095b0   0x080095b0   0x0000005c   Code   RO         4961    i.vTaskDelay        tasks.o
    0x0800960c   0x0800960c   0x000000c8   Code   RO         4963    i.vTaskDelete       tasks.o
    0x080096d4   0x080096d4   0x00000018   Code   RO         4966    i.vTaskInternalSetTimeOutState  tasks.o
    0x080096ec   0x080096ec   0x0000000c   Code   RO         4967    i.vTaskMissedYield  tasks.o
    0x080096f8   0x080096f8   0x00000038   Code   RO         4969    i.vTaskPlaceOnEventList  tasks.o
    0x08009730   0x08009730   0x00000040   Code   RO         4970    i.vTaskPlaceOnEventListRestricted  tasks.o
    0x08009770   0x08009770   0x0000006c   Code   RO         4971    i.vTaskPlaceOnUnorderedEventList  tasks.o
    0x080097dc   0x080097dc   0x000000d0   Code   RO         4972    i.vTaskPriorityDisinheritAfterTimeout  tasks.o
    0x080098ac   0x080098ac   0x000000a0   Code   RO         4974    i.vTaskRemoveFromUnorderedEventList  tasks.o
    0x0800994c   0x0800994c   0x000000b8   Code   RO         4978    i.vTaskStartScheduler  tasks.o
    0x08009a04   0x08009a04   0x00000010   Code   RO         4980    i.vTaskSuspendAll   tasks.o
    0x08009a14   0x08009a14   0x00000090   Code   RO         4981    i.vTaskSwitchContext  tasks.o
    0x08009aa4   0x08009aa4   0x0000005c   Code   RO         4374    i.xEventGroupClearBits  event_groups.o
    0x08009b00   0x08009b00   0x0000001e   Code   RO         4376    i.xEventGroupCreate  event_groups.o
    0x08009b1e   0x08009b1e   0x000000ce   Code   RO         4379    i.xEventGroupSetBits  event_groups.o
    0x08009bec   0x08009bec   0x00000158   Code   RO         4382    i.xEventGroupWaitBits  event_groups.o
    0x08009d44   0x08009d44   0x0000000c   Code   RO         6033    i.xPortGetFreeHeapSize  heap_4.o
    0x08009d50   0x08009d50   0x000000f8   Code   RO         6090    i.xPortStartScheduler  port.o
    0x08009e48   0x08009e48   0x00000034   Code   RO         6091    i.xPortSysTickHandler  port.o
    0x08009e7c   0x08009e7c   0x0000005c   Code   RO         4545    i.xQueueCreateCountingSemaphore  queue.o
    0x08009ed8   0x08009ed8   0x00000064   Code   RO         4546    i.xQueueCreateCountingSemaphoreStatic  queue.o
    0x08009f3c   0x08009f3c   0x0000005a   Code   RO         4549    i.xQueueGenericCreate  queue.o
    0x08009f96   0x08009f96   0x000000e0   Code   RO         4550    i.xQueueGenericCreateStatic  queue.o
    0x0800a076   0x0800a076   0x00000002   PAD
    0x0800a078   0x0800a078   0x00000098   Code   RO         4551    i.xQueueGenericReset  queue.o
    0x0800a110   0x0800a110   0x000001a8   Code   RO         4552    i.xQueueGenericSend  queue.o
    0x0800a2b8   0x0800a2b8   0x000000fc   Code   RO         4553    i.xQueueGenericSendFromISR  queue.o
    0x0800a3b4   0x0800a3b4   0x00000168   Code   RO         4562    i.xQueueReceive     queue.o
    0x0800a51c   0x0800a51c   0x000001b8   Code   RO         4564    i.xQueueSemaphoreTake  queue.o
    0x0800a6d4   0x0800a6d4   0x0000008c   Code   RO         4983    i.xTaskCheckForTimeOut  tasks.o
    0x0800a760   0x0800a760   0x00000064   Code   RO         4984    i.xTaskCreate       tasks.o
    0x0800a7c4   0x0800a7c4   0x000000ba   Code   RO         4985    i.xTaskCreateStatic  tasks.o
    0x0800a87e   0x0800a87e   0x00000002   PAD
    0x0800a880   0x0800a880   0x00000020   Code   RO         4989    i.xTaskGetSchedulerState  tasks.o
    0x0800a8a0   0x0800a8a0   0x0000000c   Code   RO         4990    i.xTaskGetTickCount  tasks.o
    0x0800a8ac   0x0800a8ac   0x00000144   Code   RO         4992    i.xTaskIncrementTick  tasks.o
    0x0800a9f0   0x0800a9f0   0x000000a4   Code   RO         4995    i.xTaskPriorityDisinherit  tasks.o
    0x0800aa94   0x0800aa94   0x000000a4   Code   RO         4996    i.xTaskPriorityInherit  tasks.o
    0x0800ab38   0x0800ab38   0x00000098   Code   RO         4997    i.xTaskRemoveFromEventList  tasks.o
    0x0800abd0   0x0800abd0   0x00000104   Code   RO         4998    i.xTaskResumeAll    tasks.o
    0x0800acd4   0x0800acd4   0x00000078   Code   RO         5334    i.xTimerCreateTimerTask  timers.o
    0x0800ad4c   0x0800ad4c   0x00000084   Code   RO         5335    i.xTimerGenericCommand  timers.o
    0x0800add0   0x0800add0   0x0000005a   Data   RO           24    .constdata          main.o
    0x0800ae2a   0x0800ae2a   0x00000002   PAD
    0x0800ae2c   0x0800ae2c   0x0000023c   Data   RO          346    .constdata          freertos.o
    0x0800b068   0x0800b068   0x00000012   Data   RO         2349    .constdata          stm32f1xx_hal_rcc.o
    0x0800b07a   0x0800b07a   0x00000012   Data   RO         2445    .constdata          stm32f1xx_hal_rcc_ex.o
    0x0800b08c   0x0800b08c   0x00000018   Data   RO         4327    .constdata          system_stm32f1xx.o
    0x0800b0a4   0x0800b0a4   0x000008e8   Data   RO         6256    .constdata          oled.o
    0x0800b98c   0x0800b98c   0x00000004   PAD
    0x0800b990   0x0800b990   0x00000030   Data   RO         6893    .constdata          m_ws.l(cos_i.o)
    0x0800b9c0   0x0800b9c0   0x000000c8   Data   RO         6911    .constdata          m_ws.l(rred.o)
    0x0800ba88   0x0800ba88   0x00000028   Data   RO         6915    .constdata          m_ws.l(sin_i.o)
    0x0800bab0   0x0800bab0   0x000000dc   Data   RO          347    .conststring        freertos.o
    0x0800bb8c   0x0800bb8c   0x00000020   Data   RO         6973    Region$$Table       anon$$obj.o


    Execution Region RW_IRAM1 (Exec base: 0x20000000, Load base: 0x0800bbac, Size: 0x00003a88, Max: 0x00005000, ABSOLUTE, COMPRESSED[0x00000020])

    Exec Addr    Load Addr    Size         Type   Attr      Idx    E Section Name        Object

    0x20000000   COMPRESSED   0x0000010d   Data   RW           25    .data               main.o
    0x2000010d   COMPRESSED   0x00000003   PAD
    0x20000110   COMPRESSED   0x00000041   Data   RW          348    .data               freertos.o
    0x20000151   COMPRESSED   0x00000003   PAD
    0x20000154   COMPRESSED   0x00000009   Data   RW         2185    .data               stm32f1xx_hal.o
    0x2000015d   COMPRESSED   0x00000003   PAD
    0x20000160   COMPRESSED   0x00000004   Data   RW         4328    .data               system_stm32f1xx.o
    0x20000164   COMPRESSED   0x0000003c   Data   RW         5001    .data               tasks.o
    0x200001a0   COMPRESSED   0x00000014   Data   RW         5343    .data               timers.o
    0x200001b4   COMPRESSED   0x00000004   Data   RW         5577    .data               cmsis_os2.o
    0x200001b8   COMPRESSED   0x00000020   Data   RW         6036    .data               heap_4.o
    0x200001d8   COMPRESSED   0x0000000c   Data   RW         6092    .data               port.o
    0x200001e4   COMPRESSED   0x00000004   Data   RW         6934    .data               mc_w.l(stdout.o)
    0x200001e8   COMPRESSED   0x00000004   Data   RW         6946    .data               mc_w.l(errno.o)
    0x200001ec   COMPRESSED   0x00000014   PAD
    0x20000200        -       0x00000040   Zero   RW           23    .bss                main.o
    0x20000240        -       0x00000074   Zero   RW          446    .bss                adc.o
    0x200002b4        -       0x00000054   Zero   RW          512    .bss                i2c.o
    0x20000308        -       0x00000090   Zero   RW          558    .bss                tim.o
    0x20000398        -       0x0000008c   Zero   RW          620    .bss                usart.o
    0x20000424        -       0x00000048   Zero   RW          756    .bss                stm32f1xx_hal_timebase_tim.o
    0x2000046c        -       0x0000000c   Zero   RW          793    .bss                iwdg.o
    0x20000478        -       0x00000014   Zero   RW          825    .bss                rtc.o
    0x2000048c   COMPRESSED   0x00000004   PAD
    0x20000490        -       0x00000020   Zero   RW         2901    .bss                stm32f1xx_hal_flash.o
    0x200004b0        -       0x00000040   Zero   RW         4566    .bss                queue.o
    0x200004f0        -       0x000004c4   Zero   RW         5000    .bss                tasks.o
    0x200009b4        -       0x00000118   Zero   RW         5342    .bss                timers.o
    0x20000acc        -       0x000006b8   Zero   RW         5576    .bss                cmsis_os2.o
    0x20001184        -       0x00001800   Zero   RW         6035    .bss                heap_4.o
    0x20002984   COMPRESSED   0x00000004   PAD
    0x20002988        -       0x00000d00   Zero   RW         6255    .bss                oled.o
    0x20003688        -       0x00000400   Zero   RW            1    STACK               startup_stm32f103xb.o


==============================================================================

Image component sizes


      Code (inc. data)   RO Data    RW Data    ZI Data      Debug   Object Name

       332         30          0          0        116       1875   adc.o
       604         38          0          4       1720      56346   cmsis_os2.o
        52          4          0          0          0        778   dma.o
       702          6          0          0          0      26462   event_groups.o
      2736        418        792         65          0      16059   freertos.o
       224         10          0          0          0       1015   gpio.o
       736         80          0         32       6144       5450   heap_4.o
       180         26          0          0         84       1681   i2c.o
       128         12          0          0          0       1745   iic_hardware.o
        40          8          0          0         12        707   iwdg.o
       244         14          0          0          0        614   key.o
       148          0          0          0          0       3530   list.o
       980         98         90        269         64     485409   main.o
      6302        158       2280          0       3328      28085   oled.o
       854         78          0         12          0      11121   port.o
      2762         30          0          0         64      23921   queue.o
       268         22          0          0         20       1867   rtc.o
        36          8        236          0       1024        820   startup_stm32f103xb.o
       116         24          0          9          0       5374   stm32f1xx_hal.o
      1428         56          0          0          0       8562   stm32f1xx_hal_adc.o
       252         22          0          0          0      28782   stm32f1xx_hal_cortex.o
       808          8          0          0          0       4846   stm32f1xx_hal_dma.o
       520         48          0          0         32       4290   stm32f1xx_hal_flash.o
       256         26          0          0          0       2623   stm32f1xx_hal_flash_ex.o
       856         38          0          0          0       4006   stm32f1xx_hal_gpio.o
      3104         52          0          0          0      11700   stm32f1xx_hal_i2c.o
       112          0          0          0          0       1895   stm32f1xx_hal_iwdg.o
        96         10          0          0          0        930   stm32f1xx_hal_msp.o
        24          8          0          0          0       1067   stm32f1xx_hal_pwr.o
      1816        108         18          0          0       6749   stm32f1xx_hal_rcc.o
       556         34         18          0          0       2425   stm32f1xx_hal_rcc_ex.o
      1762         16          0          0          0      13232   stm32f1xx_hal_rtc.o
        48         10          0          0          0       1831   stm32f1xx_hal_rtc_ex.o
      2048         46          0          0          0      15587   stm32f1xx_hal_tim.o
       136         14          0          0          0       2501   stm32f1xx_hal_tim_ex.o
       180         22          0          0         72       1523   stm32f1xx_hal_timebase_tim.o
      1588         18          0          0          0      12098   stm32f1xx_hal_uart.o
        54         12          0          0          0       3698   stm32f1xx_it.o
         0          0          0          0          0        392   stream_buffer.o
         2          0         24          4          0       1175   system_stm32f1xx.o
      3708        444          0         60       1220      33074   tasks.o
       532         40          0          0        144       3731   tim.o
      1318        124          0         20        280      30531   timers.o
       288         34          0          0        140       1829   usart.o

    ----------------------------------------------------------------------
     38986       2254       3496        484      14472     871936   Object Totals
         0          0         32          0          0          0   (incl. Generated)
        50          0          6          9          8          0   (incl. Padding)

    ----------------------------------------------------------------------

      Code (inc. data)   RO Data    RW Data    ZI Data      Debug   Library Member Name

       156          8          0          0          0        104   cos.o
       252         22         48          0          0        124   cos_i.o
        34          6          0          0          0        204   dunder.o
        40          0          0          0          0         68   fpclassify.o
       170          0          0          0          0         96   poly.o
       148         12          0          0          0         88   round.o
       904         76        200          0          0        140   rred.o
       160         10          0          0          0        108   sin.o
       236         12         40          0          0        128   sin_i.o
        58          0          0          0          0          0   __dczerorl.o
         0          0          0          0          0          0   entry.o
         0          0          0          0          0          0   entry10a.o
         0          0          0          0          0          0   entry11a.o
         8          4          0          0          0          0   entry2.o
         4          0          0          0          0          0   entry5.o
         0          0          0          0          0          0   entry7b.o
         0          0          0          0          0          0   entry8b.o
         8          4          0          0          0          0   entry9a.o
        12          6          0          4          0         68   errno.o
        30          0          0          0          0          0   handlers.o
        36          8          0          0          0         68   init.o
         0          0          0          0          0          0   iusefp.o
        30          0          0          0          0         68   llshl.o
        36          0          0          0          0         68   llsshr.o
        32          0          0          0          0         68   llushr.o
        36          0          0          0          0         68   memcpya.o
        36          0          0          0          0        108   memseta.o
       916         20          0          0          0        504   printf6.o
         0          0          0          4          0          0   stdout.o
        14          0          0          0          0         68   strlen.o
        44          0          0          0          0         80   uidiv.o
        48          0          0          0          0         68   cdcmple.o
        48          0          0          0          0         68   cdrcmple.o
        56          0          0          0          0         88   d2f.o
       334          0          0          0          0        148   dadd.o
       222          0          0          0          0        100   ddiv.o
       186          0          0          0          0        176   depilogue.o
        62          0          0          0          0         80   dfixi.o
        34          0          0          0          0         76   dflti.o
        26          0          0          0          0         76   dfltui.o
       228          0          0          0          0         96   dmul.o
       136          4          0          0          0         92   drnd.o
        46          0          0          0          0         80   dscalb.o
        38          0          0          0          0         68   f2d.o
       176          0          0          0          0        140   fadd.o
       110          0          0          0          0        168   fepilogue.o
        18          0          0          0          0         68   fflti.o
       100          0          0          0          0         76   fmul.o

    ----------------------------------------------------------------------
      5274        192        288          8         20       3896   Library Totals
         6          0          0          0         20          0   (incl. Padding)

    ----------------------------------------------------------------------

      Code (inc. data)   RO Data    RW Data    ZI Data      Debug   Library Name

      2100        146        288          0          0       1060   m_ws.l
      1300         42          0          8          0       1168   mc_w.l
      1868          4          0          0          0       1668   mf_w.l

    ----------------------------------------------------------------------
      5274        192        288          8         20       3896   Library Totals

    ----------------------------------------------------------------------

==============================================================================


      Code (inc. data)   RO Data    RW Data    ZI Data      Debug   

     44260       2446       3784        492      14492     858436   Grand Totals
     44260       2446       3784         32      14492     858436   ELF Image Totals (compressed)
     44260       2446       3784         32          0          0   ROM Totals

==============================================================================

    Total RO  Size (Code + RO Data)                48044 (  46.92kB)
    Total RW  Size (RW Data + ZI Data)             14984 (  14.63kB)
    Total ROM Size (Code + RO Data + RW Data)      48076 (  46.95kB)

==============================================================================

