Component: ARM Compiler 5.06 update 5 (build 528) Tool: armlink [4d35e2]

==============================================================================

Section Cross References

    startup_stm32f103xb.o(RESET) refers to startup_stm32f103xb.o(STACK) for __initial_sp
    startup_stm32f103xb.o(RESET) refers to startup_stm32f103xb.o(.text) for Reset_Handler
    startup_stm32f103xb.o(RESET) refers to stm32f1xx_it.o(i.NMI_Handler) for NMI_Handler
    startup_stm32f103xb.o(RESET) refers to stm32f1xx_it.o(i.HardFault_Handler) for HardFault_Handler
    startup_stm32f103xb.o(RESET) refers to stm32f1xx_it.o(i.MemManage_Handler) for MemManage_Handler
    startup_stm32f103xb.o(RESET) refers to stm32f1xx_it.o(i.BusFault_Handler) for BusFault_Handler
    startup_stm32f103xb.o(RESET) refers to stm32f1xx_it.o(i.UsageFault_Handler) for UsageFault_Handler
    startup_stm32f103xb.o(RESET) refers to port.o(.emb_text) for SVC_Handler
    startup_stm32f103xb.o(RESET) refers to stm32f1xx_it.o(i.DebugMon_Handler) for DebugMon_Handler
    startup_stm32f103xb.o(RESET) refers to cmsis_os2.o(i.SysTick_Handler) for SysTick_Handler
    startup_stm32f103xb.o(RESET) refers to main.o(i.EXTI0_IRQHandler) for EXTI0_IRQHandler
    startup_stm32f103xb.o(RESET) refers to stm32f1xx_it.o(i.DMA1_Channel1_IRQHandler) for DMA1_Channel1_IRQHandler
    startup_stm32f103xb.o(RESET) refers to main.o(i.DMA1_Channel6_IRQHandler) for DMA1_Channel6_IRQHandler
    startup_stm32f103xb.o(RESET) refers to stm32f1xx_it.o(i.TIM3_IRQHandler) for TIM3_IRQHandler
    startup_stm32f103xb.o(RESET) refers to main.o(i.USART2_IRQHandler) for USART2_IRQHandler
    startup_stm32f103xb.o(.text) refers to system_stm32f1xx.o(i.SystemInit) for SystemInit
    startup_stm32f103xb.o(.text) refers to entry.o(.ARM.Collect$$$$00000000) for __main
    main.o(i.Check_Reset_Reason) refers to main.o(.data) for Reset_Cause
    main.o(i.EXTI0_IRQHandler) refers to stm32f1xx_hal_gpio.o(i.HAL_GPIO_EXTI_IRQHandler) for HAL_GPIO_EXTI_IRQHandler
    main.o(i.Error_Handler) refers to printf2.o(i.__0printf$2) for __2printf
    main.o(i.HAL_TIM_PeriodElapsedCallback) refers to stm32f1xx_hal.o(i.HAL_IncTick) for HAL_IncTick
    main.o(i.SystemClock_Config) refers to memseta.o(.text) for __aeabi_memclr4
    main.o(i.SystemClock_Config) refers to stm32f1xx_hal_rcc.o(i.HAL_RCC_OscConfig) for HAL_RCC_OscConfig
    main.o(i.SystemClock_Config) refers to main.o(i.Error_Handler) for Error_Handler
    main.o(i.SystemClock_Config) refers to stm32f1xx_hal_rcc.o(i.HAL_RCC_ClockConfig) for HAL_RCC_ClockConfig
    main.o(i.SystemClock_Config) refers to stm32f1xx_hal_rcc_ex.o(i.HAL_RCCEx_PeriphCLKConfig) for HAL_RCCEx_PeriphCLKConfig
    main.o(i.USART2_IRQHandler) refers to stm32f1xx_hal_uart.o(i.HAL_UART_Receive_DMA) for HAL_UART_Receive_DMA
    main.o(i.USART2_IRQHandler) refers to stm32f1xx_hal_uart.o(i.HAL_UART_AbortReceive) for HAL_UART_AbortReceive
    main.o(i.USART2_IRQHandler) refers to stm32f1xx_hal_uart.o(i.HAL_UART_Transmit) for HAL_UART_Transmit
    main.o(i.USART2_IRQHandler) refers to usart.o(.bss) for huart2
    main.o(i.USART2_IRQHandler) refers to main.o(.data) for usart_reflag
    main.o(i.fputc) refers to stm32f1xx_hal_uart.o(i.HAL_UART_Transmit) for HAL_UART_Transmit
    main.o(i.fputc) refers to oled.o(i.OLED_ShowChar) for OLED_ShowChar
    main.o(i.fputc) refers to oled.o(i.OLED_Clear) for OLED_Clear
    main.o(i.fputc) refers to oled.o(i.OLED_ShowString) for OLED_ShowString
    main.o(i.fputc) refers to stm32f1xx_hal.o(i.HAL_Delay) for HAL_Delay
    main.o(i.fputc) refers to usart.o(.bss) for huart2
    main.o(i.fputc) refers to main.o(.data) for a
    main.o(i.fputc) refers to main.o(.bss) for ch_library
    main.o(i.main) refers to main.o(i.Check_Reset_Reason) for Check_Reset_Reason
    main.o(i.main) refers to stm32f1xx_hal.o(i.HAL_Init) for HAL_Init
    main.o(i.main) refers to main.o(i.SystemClock_Config) for SystemClock_Config
    main.o(i.main) refers to gpio.o(i.MX_GPIO_Init) for MX_GPIO_Init
    main.o(i.main) refers to dma.o(i.MX_DMA_Init) for MX_DMA_Init
    main.o(i.main) refers to adc.o(i.MX_ADC1_Init) for MX_ADC1_Init
    main.o(i.main) refers to usart.o(i.MX_USART2_UART_Init) for MX_USART2_UART_Init
    main.o(i.main) refers to tim.o(i.MX_TIM1_Init) for MX_TIM1_Init
    main.o(i.main) refers to tim.o(i.MX_TIM2_Init) for MX_TIM2_Init
    main.o(i.main) refers to i2c.o(i.MX_I2C2_Init) for MX_I2C2_Init
    main.o(i.main) refers to oled.o(i.OLED_Init) for OLED_Init
    main.o(i.main) refers to iic_hardware.o(i.IIC1_Init) for IIC1_Init
    main.o(i.main) refers to iwdg.o(i.MX_IWDG_Init) for MX_IWDG_Init
    main.o(i.main) refers to printf2.o(i.__0printf$2) for __2printf
    main.o(i.main) refers to cmsis_os2.o(i.osKernelInitialize) for osKernelInitialize
    main.o(i.main) refers to freertos.o(i.MX_FREERTOS_Init) for MX_FREERTOS_Init
    main.o(i.main) refers to cmsis_os2.o(i.osKernelStart) for osKernelStart
    main.o(i.main) refers to oled.o(i.OLED_Clear) for OLED_Clear
[...]
    Timer_TCB                                0x20000cf0   Data          92  cmsis_os2.o(.bss)
    Timer_Stack                              0x20000d4c   Data        1024  cmsis_os2.o(.bss)
    .bss                                     0x2000114c   Section     4096  heap_4.o(.bss)
    ucHeap                                   0x2000114c   Data        4096  heap_4.o(.bss)
    .bss                                     0x20002150   Section     1280  oled.o(.bss)
    amp                                      0x20002550   Data         256  oled.o(.bss)
    STACK                                    0x20002650   Section     1024  startup_stm32f103xb.o(STACK)

    Global Symbols

    Symbol Name                              Value     Ov Type        Size  Object(Section)

    BuildAttributes$$THM_ISAv4$P$D$K$B$S$PE$A:L22UL41UL21$X:L11$S22US41US21$IEEE1$IW$USESV6$~STKCKD$USESV7$~SHL$OTIME$ROPI$IEEEX$EBA8$MICROLIB$REQ8$PRES8$EABIv2 0x00000000   Number         0  anon$$obj.o ABSOLUTE
    __ARM_use_no_argv                        0x00000000   Number         0  main.o ABSOLUTE
    _printf_a                                0x00000000   Number         0  stubs.o ABSOLUTE
    _printf_c                                0x00000000   Number         0  stubs.o ABSOLUTE
    _printf_charcount                        0x00000000   Number         0  stubs.o ABSOLUTE
    _printf_d                                0x00000000   Number         0  stubs.o ABSOLUTE
    _printf_e                                0x00000000   Number         0  stubs.o ABSOLUTE
    _printf_f                                0x00000000   Number         0  stubs.o ABSOLUTE
    _printf_flags                            0x00000000   Number         0  stubs.o ABSOLUTE
    _printf_fp_dec                           0x00000000   Number         0  stubs.o ABSOLUTE
    _printf_fp_hex                           0x00000000   Number         0  stubs.o ABSOLUTE
    _printf_g                                0x00000000   Number         0  stubs.o ABSOLUTE
    _printf_i                                0x00000000   Number         0  stubs.o ABSOLUTE
    _printf_int_dec                          0x00000000   Number         0  stubs.o ABSOLUTE
    _printf_l                                0x00000000   Number         0  stubs.o ABSOLUTE
    _printf_lc                               0x00000000   Number         0  stubs.o ABSOLUTE
    _printf_ll                               0x00000000   Number         0  stubs.o ABSOLUTE
    _printf_lld                              0x00000000   Number         0  stubs.o ABSOLUTE
    _printf_lli                              0x00000000   Number         0  stubs.o ABSOLUTE
    _printf_llo                              0x00000000   Number         0  stubs.o ABSOLUTE
    _printf_llu                              0x00000000   Number         0  stubs.o ABSOLUTE
    _printf_llx                              0x00000000   Number         0  stubs.o ABSOLUTE
    _printf_longlong_dec                     0x00000000   Number         0  stubs.o ABSOLUTE
    _printf_longlong_hex                     0x00000000   Number         0  stubs.o ABSOLUTE
    _printf_longlong_oct                     0x00000000   Number         0  stubs.o ABSOLUTE
    _printf_ls                               0x00000000   Number         0  stubs.o ABSOLUTE
    _printf_mbtowc                           0x00000000   Number         0  stubs.o ABSOLUTE
    _printf_n                                0x00000000   Number         0  stubs.o ABSOLUTE
    _printf_o                                0x00000000   Number         0  stubs.o ABSOLUTE
    _printf_p                                0x00000000   Number         0  stubs.o ABSOLUTE
    _printf_percent                          0x00000000   Number         0  stubs.o ABSOLUTE
    _printf_pre_padding                      0x00000000   Number         0  stubs.o ABSOLUTE
    _printf_return_value                     0x00000000   Number         0  stubs.o ABSOLUTE
    _printf_s                                0x00000000   Number         0  stubs.o ABSOLUTE
    _printf_sizespec                         0x00000000   Number         0  stubs.o ABSOLUTE
    _printf_str                              0x00000000   Number         0  stubs.o ABSOLUTE
    _printf_truncate_signed                  0x00000000   Number         0  stubs.o ABSOLUTE
    _printf_truncate_unsigned                0x00000000   Number         0  stubs.o ABSOLUTE
    _printf_u                                0x00000000   Number         0  stubs.o ABSOLUTE
    _printf_wc                               0x00000000   Number         0  stubs.o ABSOLUTE
    _printf_wctomb                           0x00000000   Number         0  stubs.o ABSOLUTE
    _printf_widthprec                        0x00000000   Number         0  stubs.o ABSOLUTE
    _printf_x                                0x00000000   Number         0  stubs.o ABSOLUTE
    __cpp_initialize__aeabi_                  - Undefined Weak Reference
    __cxa_finalize                            - Undefined Weak Reference
    _clock_init                               - Undefined Weak Reference
    _microlib_exit                            - Undefined Weak Reference
    __Vectors_Size                           0x000000ec   Number         0  startup_stm32f103xb.o ABSOLUTE
    __Vectors                                0x08000000   Data           4  startup_stm32f103xb.o(RESET)
    __Vectors_End                            0x080000ec   Data           0  startup_stm32f103xb.o(RESET)
    __main                                   0x080000ed   Thumb Code     0  entry.o(.ARM.Collect$$$$00000000)
    _main_stk                                0x080000ed   Thumb Code     0  entry2.o(.ARM.Collect$$$$00000001)
    _main_scatterload                        0x080000f1   Thumb Code     0  entry5.o(.ARM.Collect$$$$00000004)
    __main_after_scatterload                 0x080000f5   Thumb Code     0  entry5.o(.ARM.Collect$$$$00000004)
    _main_clock                              0x080000f5   Thumb Code     0  entry7b.o(.ARM.Collect$$$$00000008)
    _main_cpp_init                           0x080000f5   Thumb Code     0  entry8b.o(.ARM.Collect$$$$0000000A)
    _main_init                               0x080000f5   Thumb Code     0  entry9a.o(.ARM.Collect$$$$0000000B)
    __rt_final_cpp                           0x080000fd   Thumb Code     0  entry10a.o(.ARM.Collect$$$$0000000D)
    __rt_final_exit                          0x080000fd   Thumb Code     0  entry11a.o(.ARM.Collect$$$$0000000F)
    SVC_Handler                              0x08000101   Thumb Code    32  port.o(.emb_text)
    __asm___6_port_c_39a90d8d__prvStartFirstTask 0x08000125   Thumb Code    28  port.o(.emb_text)
    PendSV_Handler                           0x08000145   Thumb Code    72  port.o(.emb_text)
    vPortGetIPSR                             0x08000191   Thumb Code     6  port.o(.emb_text)
    Reset_Handler                            0x08000199   Thumb Code     8  startup_stm32f103xb.o(.text)
    ADC1_2_IRQHandler                        0x080001b3   Thumb Code     0  startup_stm32f103xb.o(.text)
    CAN1_RX1_IRQHandler                      0x080001b3   Thumb Code     0  startup_stm32f103xb.o(.text)
    CAN1_SCE_IRQHandler                      0x080001b3   Thumb Code     0  startup_stm32f103xb.o(.text)
    DMA1_Channel2_IRQHandler                 0x080001b3   Thumb Code     0  startup_stm32f103xb.o(.text)
    DMA1_Channel3_IRQHandler                 0x080001b3   Thumb Code     0  startup_stm32f103xb.o(.text)
    DMA1_Channel4_IRQHandler                 0x080001b3   Thumb Code     0  startup_stm32f103xb.o(.text)
    DMA1_Channel5_IRQHandler                 0x080001b3   Thumb Code     0  startup_stm32f103xb.o(.text)
    DMA1_Channel7_IRQHandler                 0x080001b3   Thumb Code     0  startup_stm32f103xb.o(.text)
    EXTI15_10_IRQHandler                     0x080001b3   Thumb Code     0  startup_stm32f103xb.o(.text)
    EXTI1_IRQHandler                         0x080001b3   Thumb Code     0  startup_stm32f103xb.o(.text)
    EXTI2_IRQHandler                         0x080001b3   Thumb Code     0  startup_stm32f103xb.o(.text)
    EXTI3_IRQHandler                         0x080001b3   Thumb Code     0  startup_stm32f103xb.o(.text)
    EXTI4_IRQHandler                         0x080001b3   Thumb Code     0  startup_stm32f103xb.o(.text)
    EXTI9_5_IRQHandler                       0x080001b3   Thumb Code     0  startup_stm32f103xb.o(.text)
    FLASH_IRQHandler                         0x080001b3   Thumb Code     0  startup_stm32f103xb.o(.text)
    I2C1_ER_IRQHandler                       0x080001b3   Thumb Code     0  startup_stm32f103xb.o(.text)
    I2C1_EV_IRQHandler                       0x080001b3   Thumb Code     0  startup_stm32f103xb.o(.text)
    I2C2_ER_IRQHandler                       0x080001b3   Thumb Code     0  startup_stm32f103xb.o(.text)
    I2C2_EV_IRQHandler                       0x080001b3   Thumb Code     0  startup_stm32f103xb.o(.text)
    PVD_IRQHandler                           0x080001b3   Thumb Code     0  startup_stm32f103xb.o(.text)
    RCC_IRQHandler                           0x080001b3   Thumb Code     0  startup_stm32f103xb.o(.text)
    RTC_Alarm_IRQHandler                     0x080001b3   Thumb Code     0  startup_stm32f103xb.o(.text)
    RTC_IRQHandler                           0x080001b3   Thumb Code     0  startup_stm32f103xb.o(.text)
    SPI1_IRQHandler                          0x080001b3   Thumb Code     0  startup_stm32f103xb.o(.text)
    SPI2_IRQHandler                          0x080001b3   Thumb Code     0  startup_stm32f103xb.o(.text)
    TAMPER_IRQHandler                        0x080001b3   Thumb Code     0  startup_stm32f103xb.o(.text)
    TIM1_BRK_IRQHandler                      0x080001b3   Thumb Code     0  startup_stm32f103xb.o(.text)
    TIM1_CC_IRQHandler                       0x080001b3   Thumb Code     0  startup_stm32f103xb.o(.text)
    TIM1_TRG_COM_IRQHandler                  0x080001b3   Thumb Code     0  startup_stm32f103xb.o(.text)
    TIM1_UP_IRQHandler                       0x080001b3   Thumb Code     0  startup_stm32f103xb.o(.text)
    TIM2_IRQHandler                          0x080001b3   Thumb Code     0  startup_stm32f103xb.o(.text)
    TIM4_IRQHandler                          0x080001b3   Thumb Code     0  startup_stm32f103xb.o(.text)
    USART1_IRQHandler                        0x080001b3   Thumb Code     0  startup_stm32f103xb.o(.text)
    USART3_IRQHandler                        0x080001b3   Thumb Code     0  startup_stm32f103xb.o(.text)
    USBWakeUp_IRQHandler                     0x080001b3   Thumb Code     0  startup_stm32f103xb.o(.text)
    USB_HP_CAN1_TX_IRQHandler                0x080001b3   Thumb Code     0  startup_stm32f103xb.o(.text)
    USB_LP_CAN1_RX0_IRQHandler               0x080001b3   Thumb Code     0  startup_stm32f103xb.o(.text)
    WWDG_IRQHandler                          0x080001b3   Thumb Code     0  startup_stm32f103xb.o(.text)
    __aeabi_llsl                             0x080001bd   Thumb Code    30  llshl.o(.text)
    _ll_shift_l                              0x080001bd   Thumb Code     0  llshl.o(.text)
    __aeabi_llsr                             0x080001db   Thumb Code    32  llushr.o(.text)
    _ll_ushift_r                             0x080001db   Thumb Code     0  llushr.o(.text)
    __aeabi_memcpy                           0x080001fb   Thumb Code    36  memcpya.o(.text)
    __aeabi_memcpy4                          0x080001fb   Thumb Code     0  memcpya.o(.text)
    __aeabi_memcpy8                          0x080001fb   Thumb Code     0  memcpya.o(.text)
    __aeabi_memset                           0x0800021f   Thumb Code    14  memseta.o(.text)
    __aeabi_memset4                          0x0800021f   Thumb Code     0  memseta.o(.text)
    __aeabi_memset8                          0x0800021f   Thumb Code     0  memseta.o(.text)
    __aeabi_memclr                           0x0800022d   Thumb Code     4  memseta.o(.text)
    __aeabi_memclr4                          0x0800022d   Thumb Code     0  memseta.o(.text)
    __aeabi_memclr8                          0x0800022d   Thumb Code     0  memseta.o(.text)
    memset                                   0x08000231   Thumb Code    18  memseta.o(.text)
    strlen                                   0x08000243   Thumb Code    14  strlen.o(.text)
    __aeabi_fadd                             0x08000251   Thumb Code   164  fadd.o(.text)
    __aeabi_fsub                             0x080002f5   Thumb Code     6  fadd.o(.text)
    __aeabi_frsub                            0x080002fb   Thumb Code     6  fadd.o(.text)
    __aeabi_fmul                             0x08000301   Thumb Code   100  fmul.o(.text)
    __aeabi_dadd                             0x08000365   Thumb Code   322  dadd.o(.text)
    __aeabi_dsub                             0x080004a7   Thumb Code     6  dadd.o(.text)
    __aeabi_drsub                            0x080004ad   Thumb Code     6  dadd.o(.text)
    __aeabi_dmul                             0x080004b3   Thumb Code   228  dmul.o(.text)
    __aeabi_ddiv                             0x08000597   Thumb Code   222  ddiv.o(.text)
    __aeabi_i2f                              0x08000675   Thumb Code    18  fflti.o(.text)
    __aeabi_i2d                              0x08000687   Thumb Code    34  dflti.o(.text)
    __aeabi_d2iz                             0x080006a9   Thumb Code    62  dfixi.o(.text)
    __aeabi_f2d                              0x080006e7   Thumb Code    38  f2d.o(.text)
    __aeabi_d2f                              0x0800070d   Thumb Code    56  d2f.o(.text)
    __aeabi_lasr                             0x08000745   Thumb Code    36  llsshr.o(.text)
    _ll_sshift_r                             0x08000745   Thumb Code     0  llsshr.o(.text)
    __I$use$fp                               0x08000769   Thumb Code     0  iusefp.o(.text)
    _float_round                             0x08000769   Thumb Code    18  fepilogue.o(.text)
    _float_epilogue                          0x0800077b   Thumb Code    92  fepilogue.o(.text)
    _double_round                            0x080007d7   Thumb Code    30  depilogue.o(.text)
    _double_epilogue                         0x080007f5   Thumb Code   156  depilogue.o(.text)
    _drnd                                    0x08000891   Thumb Code   132  drnd.o(.text)
    __aeabi_cdcmpeq                          0x08000919   Thumb Code     0  cdcmple.o(.text)
    __aeabi_cdcmple                          0x08000919   Thumb Code    48  cdcmple.o(.text)
    __aeabi_cdrcmple                         0x08000949   Thumb Code    48  cdrcmple.o(.text)
    __scatterload                            0x08000979   Thumb Code    28  init.o(.text)
    __scatterload_rt2                        0x08000979   Thumb Code     0  init.o(.text)
    __ARM_scalbn                             0x0800099d   Thumb Code    46  dscalb.o(.text)
    scalbn                                   0x0800099d   Thumb Code     0  dscalb.o(.text)
    __aeabi_ui2d                             0x080009cb   Thumb Code    26  dfltui.o(.text)
    __decompress                             0x080009e5   Thumb Code     0  __dczerorl.o(.text)
    __decompress0                            0x080009e5   Thumb Code    58  __dczerorl.o(.text)
    ADC_ConversionStop_Disable               0x08000a1f   Thumb Code    92  stm32f1xx_hal_adc.o(i.ADC_ConversionStop_Disable)
    ADC_DMAConvCplt                          0x08000a7b   Thumb Code    82  stm32f1xx_hal_adc.o(i.ADC_DMAConvCplt)
    ADC_DMAError                             0x08000acd   Thumb Code    30  stm32f1xx_hal_adc.o(i.ADC_DMAError)
    ADC_DMAHalfConvCplt                      0x08000aeb   Thumb Code    14  stm32f1xx_hal_adc.o(i.ADC_DMAHalfConvCplt)
    ADC_Enable                               0x08000af9   Thumb Code   134  stm32f1xx_hal_adc.o(i.ADC_Enable)
    ADC_Task                                 0x08000b89   Thumb Code   196  freertos.o(i.ADC_Task)
    BusFault_Handler                         0x08000c69   Thumb Code     4  stm32f1xx_it.o(i.BusFault_Handler)
    Button_ReadTask                          0x08000c6d   Thumb Code    70  freertos.o(i.Button_ReadTask)
    Check_Reset_Reason                       0x08000cc9   Thumb Code   104  main.o(i.Check_Reset_Reason)
    DMA1_Channel1_IRQHandler                 0x08000d3d   Thumb Code    10  stm32f1xx_it.o(i.DMA1_Channel1_IRQHandler)
    DMA1_Channel6_IRQHandler                 0x08000d4d   Thumb Code     2  main.o(i.DMA1_Channel6_IRQHandler)
    DebugMon_Handler                         0x08000d7b   Thumb Code     2  stm32f1xx_it.o(i.DebugMon_Handler)
    EXTI0_IRQHandler                         0x08000d7d   Thumb Code    10  main.o(i.EXTI0_IRQHandler)
    Error_Handler                            0x08000d89   Thumb Code    12  main.o(i.Error_Handler)
    FLASH_PageErase                          0x08000dc5   Thumb Code    32  stm32f1xx_hal_flash_ex.o(i.FLASH_PageErase)
    FLASH_WaitForLastOperation               0x08000e91   Thumb Code   106  stm32f1xx_hal_flash.o(i.FLASH_WaitForLastOperation)
    FlashWriteTask                           0x08000f01   Thumb Code   108  freertos.o(i.FlashWriteTask)
    HAL_ADC_ConfigChannel                    0x08000f71   Thumb Code   338  stm32f1xx_hal_adc.o(i.HAL_ADC_ConfigChannel)
    HAL_ADC_ConvCpltCallback                 0x080010d1   Thumb Code     2  stm32f1xx_hal_adc.o(i.HAL_ADC_ConvCpltCallback)
    HAL_ADC_ConvHalfCpltCallback             0x080010d3   Thumb Code     2  stm32f1xx_hal_adc.o(i.HAL_ADC_ConvHalfCpltCallback)
    HAL_ADC_ErrorCallback                    0x080010d5   Thumb Code     2  stm32f1xx_hal_adc.o(i.HAL_ADC_ErrorCallback)
    HAL_ADC_Init                             0x080010d9   Thumb Code   314  stm32f1xx_hal_adc.o(i.HAL_ADC_Init)
    HAL_ADC_MspInit                          0x0800121d   Thumb Code   152  adc.o(i.HAL_ADC_MspInit)
    HAL_ADC_Start_DMA                        0x080012c9   Thumb Code   362  stm32f1xx_hal_adc.o(i.HAL_ADC_Start_DMA)
    HAL_DMA_Abort                            0x08001449   Thumb Code    86  stm32f1xx_hal_dma.o(i.HAL_DMA_Abort)
    HAL_DMA_GetError                         0x0800149f   Thumb Code     6  stm32f1xx_hal_dma.o(i.HAL_DMA_GetError)
    HAL_DMA_IRQHandler                       0x080014a5   Thumb Code   408  stm32f1xx_hal_dma.o(i.HAL_DMA_IRQHandler)
    HAL_DMA_Init                             0x08001641   Thumb Code   100  stm32f1xx_hal_dma.o(i.HAL_DMA_Init)
    HAL_DMA_Start_IT                         0x080016a9   Thumb Code   156  stm32f1xx_hal_dma.o(i.HAL_DMA_Start_IT)
    HAL_Delay                                0x08001745   Thumb Code    36  stm32f1xx_hal.o(i.HAL_Delay)
    HAL_FLASHEx_Erase                        0x0800176d   Thumb Code   168  stm32f1xx_hal_flash_ex.o(i.HAL_FLASHEx_Erase)
    HAL_FLASH_Lock                           0x0800181d   Thumb Code    16  stm32f1xx_hal_flash.o(i.HAL_FLASH_Lock)
    HAL_FLASH_Program                        0x08001831   Thumb Code   168  stm32f1xx_hal_flash.o(i.HAL_FLASH_Program)
    HAL_FLASH_Unlock                         0x080018e1   Thumb Code    36  stm32f1xx_hal_flash.o(i.HAL_FLASH_Unlock)
    HAL_GPIO_EXTI_Callback                   0x08001911   Thumb Code     2  main.o(i.HAL_GPIO_EXTI_Callback)
    HAL_GPIO_EXTI_IRQHandler                 0x08001915   Thumb Code    24  stm32f1xx_hal_gpio.o(i.HAL_GPIO_EXTI_IRQHandler)
    HAL_GPIO_Init                            0x08001931   Thumb Code   766  stm32f1xx_hal_gpio.o(i.HAL_GPIO_Init)
    HAL_GPIO_ReadPin                         0x08001c51   Thumb Code    16  stm32f1xx_hal_gpio.o(i.HAL_GPIO_ReadPin)
    HAL_GPIO_WritePin                        0x08001c61   Thumb Code    12  stm32f1xx_hal_gpio.o(i.HAL_GPIO_WritePin)
    HAL_GetTick                              0x08001c6d   Thumb Code     6  stm32f1xx_hal.o(i.HAL_GetTick)
    HAL_I2C_Init                             0x08001c79   Thumb Code   446  stm32f1xx_hal_i2c.o(i.HAL_I2C_Init)
    HAL_I2C_Master_Transmit                  0x08001e49   Thumb Code   360  stm32f1xx_hal_i2c.o(i.HAL_I2C_Master_Transmit)
    HAL_I2C_Mem_Read                         0x08001fb9   Thumb Code   868  stm32f1xx_hal_i2c.o(i.HAL_I2C_Mem_Read)
    HAL_I2C_MspInit                          0x0800232d   Thumb Code   106  i2c.o(i.HAL_I2C_MspInit)
    HAL_IWDG_Init                            0x080023a5   Thumb Code    98  stm32f1xx_hal_iwdg.o(i.HAL_IWDG_Init)
    HAL_IWDG_Refresh                         0x08002407   Thumb Code    14  stm32f1xx_hal_iwdg.o(i.HAL_IWDG_Refresh)
    HAL_IncTick                              0x08002415   Thumb Code    16  stm32f1xx_hal.o(i.HAL_IncTick)
    HAL_Init                                 0x0800242d   Thumb Code    34  stm32f1xx_hal.o(i.HAL_Init)
    HAL_InitTick                             0x08002455   Thumb Code   158  stm32f1xx_hal_timebase_tim.o(i.HAL_InitTick)
    HAL_MspInit                              0x08002509   Thumb Code    86  stm32f1xx_hal_msp.o(i.HAL_MspInit)
    HAL_NVIC_EnableIRQ                       0x08002569   Thumb Code    32  stm32f1xx_hal_cortex.o(i.HAL_NVIC_EnableIRQ)
    HAL_NVIC_SetPriority                     0x08002589   Thumb Code   124  stm32f1xx_hal_cortex.o(i.HAL_NVIC_SetPriority)
    HAL_NVIC_SetPriorityGrouping             0x08002605   Thumb Code    32  stm32f1xx_hal_cortex.o(i.HAL_NVIC_SetPriorityGrouping)
    HAL_RCCEx_PeriphCLKConfig                0x0800262d   Thumb Code   290  stm32f1xx_hal_rcc_ex.o(i.HAL_RCCEx_PeriphCLKConfig)
    HAL_RCC_ClockConfig                      0x0800275d   Thumb Code   376  stm32f1xx_hal_rcc.o(i.HAL_RCC_ClockConfig)
    HAL_RCC_GetClockConfig                   0x080028e9   Thumb Code    58  stm32f1xx_hal_rcc.o(i.HAL_RCC_GetClockConfig)
    HAL_RCC_GetHCLKFreq                      0x0800292d   Thumb Code     6  stm32f1xx_hal_rcc.o(i.HAL_RCC_GetHCLKFreq)
    HAL_RCC_GetPCLK1Freq                     0x08002939   Thumb Code    22  stm32f1xx_hal_rcc.o(i.HAL_RCC_GetPCLK1Freq)
    HAL_RCC_GetPCLK2Freq                     0x08002959   Thumb Code    22  stm32f1xx_hal_rcc.o(i.HAL_RCC_GetPCLK2Freq)
    HAL_RCC_GetSysClockFreq                  0x08002979   Thumb Code    92  stm32f1xx_hal_rcc.o(i.HAL_RCC_GetSysClockFreq)
    HAL_RCC_OscConfig                        0x080029e9   Thumb Code  1114  stm32f1xx_hal_rcc.o(i.HAL_RCC_OscConfig)
    HAL_TIMEx_BreakCallback                  0x08002e4d   Thumb Code     2  stm32f1xx_hal_tim_ex.o(i.HAL_TIMEx_BreakCallback)
    HAL_TIMEx_CommutCallback                 0x08002e4f   Thumb Code     2  stm32f1xx_hal_tim_ex.o(i.HAL_TIMEx_CommutCallback)
    HAL_TIMEx_MasterConfigSynchronization    0x08002e51   Thumb Code   118  stm32f1xx_hal_tim_ex.o(i.HAL_TIMEx_MasterConfigSynchronization)
    HAL_TIM_Base_Init                        0x08002ed5   Thumb Code   102  stm32f1xx_hal_tim.o(i.HAL_TIM_Base_Init)
    HAL_TIM_Base_MspInit                     0x08002f3d   Thumb Code    40  tim.o(i.HAL_TIM_Base_MspInit)
    HAL_TIM_Base_Start_IT                    0x08002f69   Thumb Code   106  stm32f1xx_hal_tim.o(i.HAL_TIM_Base_Start_IT)
    HAL_TIM_ConfigClockSource                0x08002fe1   Thumb Code   268  stm32f1xx_hal_tim.o(i.HAL_TIM_ConfigClockSource)
    HAL_TIM_Encoder_Init                     0x080030ed   Thumb Code   196  stm32f1xx_hal_tim.o(i.HAL_TIM_Encoder_Init)
    HAL_TIM_Encoder_MspInit                  0x080031b1   Thumb Code   102  tim.o(i.HAL_TIM_Encoder_MspInit)
    HAL_TIM_IC_CaptureCallback               0x08003225   Thumb Code     2  stm32f1xx_hal_tim.o(i.HAL_TIM_IC_CaptureCallback)
    HAL_TIM_IRQHandler                       0x08003227   Thumb Code   364  stm32f1xx_hal_tim.o(i.HAL_TIM_IRQHandler)
    HAL_TIM_MspPostInit                      0x08003395   Thumb Code    74  tim.o(i.HAL_TIM_MspPostInit)
    HAL_TIM_OC_DelayElapsedCallback          0x080033e9   Thumb Code     2  stm32f1xx_hal_tim.o(i.HAL_TIM_OC_DelayElapsedCallback)
    HAL_TIM_PWM_ConfigChannel                0x080033eb   Thumb Code   260  stm32f1xx_hal_tim.o(i.HAL_TIM_PWM_ConfigChannel)
    HAL_TIM_PWM_Init                         0x080034ef   Thumb Code   102  stm32f1xx_hal_tim.o(i.HAL_TIM_PWM_Init)
    HAL_TIM_PWM_MspInit                      0x08003555   Thumb Code     2  stm32f1xx_hal_tim.o(i.HAL_TIM_PWM_MspInit)
    HAL_TIM_PWM_PulseFinishedCallback        0x08003557   Thumb Code     2  stm32f1xx_hal_tim.o(i.HAL_TIM_PWM_PulseFinishedCallback)
    HAL_TIM_PeriodElapsedCallback            0x08003559   Thumb Code    18  main.o(i.HAL_TIM_PeriodElapsedCallback)
    HAL_TIM_TriggerCallback                  0x08003571   Thumb Code     2  stm32f1xx_hal_tim.o(i.HAL_TIM_TriggerCallback)
    HAL_UARTEx_RxEventCallback               0x08003573   Thumb Code     2  stm32f1xx_hal_uart.o(i.HAL_UARTEx_RxEventCallback)
    HAL_UART_AbortReceive                    0x08003575   Thumb Code   194  stm32f1xx_hal_uart.o(i.HAL_UART_AbortReceive)
    HAL_UART_ErrorCallback                   0x08003637   Thumb Code     2  stm32f1xx_hal_uart.o(i.HAL_UART_ErrorCallback)
    HAL_UART_Init                            0x08003639   Thumb Code   118  stm32f1xx_hal_uart.o(i.HAL_UART_Init)
    HAL_UART_MspInit                         0x080036b1   Thumb Code   176  usart.o(i.HAL_UART_MspInit)
    HAL_UART_Receive_DMA                     0x08003779   Thumb Code    44  stm32f1xx_hal_uart.o(i.HAL_UART_Receive_DMA)
    HAL_UART_RxCpltCallback                  0x080037a5   Thumb Code     2  stm32f1xx_hal_uart.o(i.HAL_UART_RxCpltCallback)
    HAL_UART_RxHalfCpltCallback              0x080037a7   Thumb Code     2  stm32f1xx_hal_uart.o(i.HAL_UART_RxHalfCpltCallback)
    HAL_UART_Transmit                        0x080037a9   Thumb Code   190  stm32f1xx_hal_uart.o(i.HAL_UART_Transmit)
    HardFault_Handler                        0x08003867   Thumb Code     4  stm32f1xx_it.o(i.HardFault_Handler)
    IIC1_Init                                0x08003dd9   Thumb Code    40  iic_hardware.o(i.IIC1_Init)
    IIC1_ReadByte                            0x08003e05   Thumb Code    40  iic_hardware.o(i.IIC1_ReadByte)
    IIC1_WriteByte                           0x08003e31   Thumb Code    36  iic_hardware.o(i.IIC1_WriteByte)
    MPU_Task                                 0x08003e59   Thumb Code   182  freertos.o(i.MPU_Task)
    MX_ADC1_Init                             0x08003f1d   Thumb Code   150  adc.o(i.MX_ADC1_Init)
    MX_DMA_Init                              0x08003fbd   Thumb Code    48  dma.o(i.MX_DMA_Init)
    MX_FREERTOS_Init                         0x08003ff1   Thumb Code    74  freertos.o(i.MX_FREERTOS_Init)
    MX_GPIO_Init                             0x08004069   Thumb Code   214  gpio.o(i.MX_GPIO_Init)
    MX_I2C2_Init                             0x08004149   Thumb Code    48  i2c.o(i.MX_I2C2_Init)
    MX_IWDG_Init                             0x08004185   Thumb Code    32  iwdg.o(i.MX_IWDG_Init)
    MX_TIM1_Init                             0x080041ad   Thumb Code   116  tim.o(i.MX_TIM1_Init)
    MX_TIM2_Init                             0x08004229   Thumb Code   160  tim.o(i.MX_TIM2_Init)
    MX_USART2_UART_Init                      0x080042cd   Thumb Code    78  usart.o(i.MX_USART2_UART_Init)
    MemManage_Handler                        0x08004325   Thumb Code     4  stm32f1xx_it.o(i.MemManage_Handler)
    NMI_Handler                              0x08004329   Thumb Code     4  stm32f1xx_it.o(i.NMI_Handler)
    OLEDMin_DrawARatateNum                   0x0800432d   Thumb Code    88  oled.o(i.OLEDMin_DrawARatateNum)
    OLEDMin_DrawARatateString                0x08004385   Thumb Code   388  oled.o(i.OLEDMin_DrawARatateString)
    OLED_Clear                               0x08004511   Thumb Code    42  oled.o(i.OLED_Clear)
    OLED_DrawANum                            0x0800453b   Thumb Code    82  oled.o(i.OLED_DrawANum)
    OLED_DrawAString                         0x0800458d   Thumb Code    40  oled.o(i.OLED_DrawAString)
    OLED_DrawAThriangle                      0x080045b5   Thumb Code   372  oled.o(i.OLED_DrawAThriangle)
    OLED_DrawAWord                           0x0800472d   Thumb Code   414  oled.o(i.OLED_DrawAWord)
    OLED_DrawAquard                          0x080048d5   Thumb Code    60  oled.o(i.OLED_DrawAquard)
    OLED_Horizon                             0x08004911   Thumb Code   342  oled.o(i.OLED_Horizon)
    OLED_I2C_Init                            0x08004a6d   Thumb Code    48  oled.o(i.OLED_I2C_Init)
    OLED_I2C_SendByte                        0x08004aa1   Thumb Code    82  oled.o(i.OLED_I2C_SendByte)
    OLED_I2C_Start                           0x08004af9   Thumb Code    44  oled.o(i.OLED_I2C_Start)
    OLED_I2C_Stop                            0x08004b29   Thumb Code    34  oled.o(i.OLED_I2C_Stop)
    OLED_Init                                0x08004b51   Thumb Code   206  oled.o(i.OLED_Init)
    OLED_Pow                                 0x08004c1f   Thumb Code    20  oled.o(i.OLED_Pow)
    OLED_SelectTask                          0x08004c35   Thumb Code   518  freertos.o(i.OLED_SelectTask)
    OLED_SetCursor                           0x08004e61   Thumb Code    34  oled.o(i.OLED_SetCursor)
    OLED_ShowChar                            0x08004e85   Thumb Code   110  oled.o(i.OLED_ShowChar)
    OLED_ShowNum                             0x08004ef9   Thumb Code    68  oled.o(i.OLED_ShowNum)
    OLED_ShowPicture                         0x08004f3d   Thumb Code    60  oled.o(i.OLED_ShowPicture)
    OLED_ShowRowString                       0x08004f7d   Thumb Code   106  oled.o(i.OLED_ShowRowString)
    OLED_ShowString                          0x08004fe7   Thumb Code    40  oled.o(i.OLED_ShowString)
    OLED_WriteCommand                        0x0800500f   Thumb Code    32  oled.o(i.OLED_WriteCommand)
    OLED_WriteData                           0x0800502f   Thumb Code    32  oled.o(i.OLED_WriteData)
    ReadKeyTask                              0x08005079   Thumb Code   140  key.o(i.ReadKeyTask)
    StartInitTask                            0x0800510d   Thumb Code   132  freertos.o(i.StartInitTask)
    SysTick_Handler                          0x080051e1   Thumb Code    22  cmsis_os2.o(i.SysTick_Handler)
    SystemClock_Config                       0x080051f7   Thumb Code   136  main.o(i.SystemClock_Config)
    SystemInit                               0x0800527f   Thumb Code     2  system_stm32f1xx.o(i.SystemInit)
    TIM3_IRQHandler                          0x08005281   Thumb Code    10  stm32f1xx_it.o(i.TIM3_IRQHandler)
    TIM_Base_SetConfig                       0x08005291   Thumb Code   120  stm32f1xx_hal_tim.o(i.TIM_Base_SetConfig)
    TIM_ETR_SetConfig                        0x08005315   Thumb Code    22  stm32f1xx_hal_tim.o(i.TIM_ETR_SetConfig)
    TIM_OC2_SetConfig                        0x0800539d   Thumb Code   100  stm32f1xx_hal_tim.o(i.TIM_OC2_SetConfig)
    UART_Start_Receive_DMA                   0x080057b9   Thumb Code   186  stm32f1xx_hal_uart.o(i.UART_Start_Receive_DMA)
    USART2_IRQHandler                        0x0800590d   Thumb Code   182  main.o(i.USART2_IRQHandler)
    UsageFault_Handler                       0x080059d9   Thumb Code     4  stm32f1xx_it.o(i.UsageFault_Handler)
    Usart_Task                               0x080059dd   Thumb Code   128  freertos.o(i.Usart_Task)
    __0printf$2                              0x08005a71   Thumb Code    22  printf2.o(i.__0printf$2)
    __1printf$2                              0x08005a71   Thumb Code     0  printf2.o(i.__0printf$2)
    __2printf                                0x08005a71   Thumb Code     0  printf2.o(i.__0printf$2)
    __ARM_fpclassify                         0x08005a91   Thumb Code    40  fpclassify.o(i.__ARM_fpclassify)
    __ieee754_rem_pio2                       0x08005af9   Thumb Code   828  rred.o(i.__ieee754_rem_pio2)
    __kernel_cos                             0x08005e81   Thumb Code   230  cos_i.o(i.__kernel_cos)
    __kernel_poly                            0x08005f7d   Thumb Code   170  poly.o(i.__kernel_poly)
    __kernel_sin                             0x08006029   Thumb Code   224  sin_i.o(i.__kernel_sin)
    __mathlib_dbl_infnan                     0x08006115   Thumb Code     6  dunder.o(i.__mathlib_dbl_infnan)
    __mathlib_dbl_invalid                    0x0800611b   Thumb Code    12  dunder.o(i.__mathlib_dbl_invalid)
    __mathlib_dbl_underflow                  0x08006129   Thumb Code    10  dunder.o(i.__mathlib_dbl_underflow)
    __scatterload_copy                       0x08006139   Thumb Code    14  handlers.o(i.__scatterload_copy)
    __scatterload_null                       0x08006147   Thumb Code     2  handlers.o(i.__scatterload_null)
    __scatterload_zeroinit                   0x08006149   Thumb Code    14  handlers.o(i.__scatterload_zeroinit)
    __set_errno                              0x08006159   Thumb Code     6  errno.o(i.__set_errno)
    area2                                    0x0800623b   Thumb Code    46  oled.o(i.area2)
    cos                                      0x08006269   Thumb Code   148  cos.o(i.cos)
    fputc                                    0x08006305   Thumb Code   264  main.o(i.fputc)
    main                                     0x0800641d   Thumb Code   142  main.o(i.main)
    osKernelInitialize                       0x080064cd   Thumb Code    38  cmsis_os2.o(i.osKernelInitialize)
    osKernelStart                            0x080064f9   Thumb Code    82  cmsis_os2.o(i.osKernelStart)
    osSemaphoreNew                           0x08006559   Thumb Code   204  cmsis_os2.o(i.osSemaphoreNew)
    osThreadNew                              0x08006625   Thumb Code   184  cmsis_os2.o(i.osThreadNew)
    pointInTriangle                          0x080066dd   Thumb Code   122  oled.o(i.pointInTriangle)
    pvPortMalloc                             0x080071b1   Thumb Code   306  heap_4.o(i.pvPortMalloc)
    pvTaskIncrementMutexHeldCount            0x080072fd   Thumb Code    26  tasks.o(i.pvTaskIncrementMutexHeldCount)
    pxPortInitialiseStack                    0x0800731d   Thumb Code    30  port.o(i.pxPortInitialiseStack)
    rotate_point                             0x08007341   Thumb Code   216  oled.o(i.rotate_point)
    round                                    0x08007421   Thumb Code   136  round.o(i.round)
    sin                                      0x080074b5   Thumb Code   150  sin.o(i.sin)
    uxListRemove                             0x08007555   Thumb Code    40  list.o(i.uxListRemove)
    uxTaskResetEventItemValue                0x0800757d   Thumb Code    24  tasks.o(i.uxTaskResetEventItemValue)
    vApplicationGetIdleTaskMemory            0x08007599   Thumb Code    14  cmsis_os2.o(i.vApplicationGetIdleTaskMemory)
    vApplicationGetTimerTaskMemory           0x080075b1   Thumb Code    16  cmsis_os2.o(i.vApplicationGetTimerTaskMemory)
    vListInitialise                          0x080075c9   Thumb Code    26  list.o(i.vListInitialise)
    vListInitialiseItem                      0x080075e3   Thumb Code     6  list.o(i.vListInitialiseItem)
    vListInsert                              0x080075e9   Thumb Code    52  list.o(i.vListInsert)
    vListInsertEnd                           0x0800761d   Thumb Code    24  list.o(i.vListInsertEnd)
    vPortEnterCritical                       0x08007635   Thumb Code    76  port.o(i.vPortEnterCritical)
    vPortExitCritical                        0x08007689   Thumb Code    56  port.o(i.vPortExitCritical)
    vPortFree                                0x080076c5   Thumb Code   150  heap_4.o(i.vPortFree)
    vPortSetupTimerInterrupt                 0x08007769   Thumb Code    36  port.o(i.vPortSetupTimerInterrupt)
    vPortValidateInterruptPriority           0x08007791   Thumb Code   106  port.o(i.vPortValidateInterruptPriority)
    vQueueAddToRegistry                      0x08007809   Thumb Code    38  queue.o(i.vQueueAddToRegistry)
    vQueueDelete                             0x08007835   Thumb Code    50  queue.o(i.vQueueDelete)
    vQueueUnregisterQueue                    0x08007869   Thumb Code    44  queue.o(i.vQueueUnregisterQueue)
    vQueueWaitForMessageRestricted           0x08007899   Thumb Code    74  queue.o(i.vQueueWaitForMessageRestricted)
    vTaskDelay                               0x080078e5   Thumb Code    82  tasks.o(i.vTaskDelay)
    vTaskDelete                              0x08007941   Thumb Code   168  tasks.o(i.vTaskDelete)
    vTaskInternalSetTimeOutState             0x08007a09   Thumb Code    14  tasks.o(i.vTaskInternalSetTimeOutState)
    vTaskMissedYield                         0x08007a21   Thumb Code     8  tasks.o(i.vTaskMissedYield)
    vTaskPlaceOnEventList                    0x08007a2d   Thumb Code    52  tasks.o(i.vTaskPlaceOnEventList)
    vTaskPlaceOnEventListRestricted          0x08007a65   Thumb Code    60  tasks.o(i.vTaskPlaceOnEventListRestricted)
    vTaskPlaceOnUnorderedEventList           0x08007aa5   Thumb Code   100  tasks.o(i.vTaskPlaceOnUnorderedEventList)
    vTaskPriorityDisinheritAfterTimeout      0x08007b11   Thumb Code   194  tasks.o(i.vTaskPriorityDisinheritAfterTimeout)
    vTaskRemoveFromUnorderedEventList        0x08007be1   Thumb Code   140  tasks.o(i.vTaskRemoveFromUnorderedEventList)
    vTaskStartScheduler                      0x08007c81   Thumb Code   156  tasks.o(i.vTaskStartScheduler)
    vTaskSuspendAll                          0x08007d39   Thumb Code    12  tasks.o(i.vTaskSuspendAll)
    vTaskSwitchContext                       0x08007d49   Thumb Code   122  tasks.o(i.vTaskSwitchContext)
    xEventGroupCreate                        0x08007dd9   Thumb Code    30  event_groups.o(i.xEventGroupCreate)
    xEventGroupSetBits                       0x08007df7   Thumb Code   206  event_groups.o(i.xEventGroupSetBits)
    xEventGroupWaitBits                      0x08007ec5   Thumb Code   338  event_groups.o(i.xEventGroupWaitBits)
    xPortStartScheduler                      0x0800801d   Thumb Code   228  port.o(i.xPortStartScheduler)
    xPortSysTickHandler                      0x08008115   Thumb Code    46  port.o(i.xPortSysTickHandler)
    xQueueCreateCountingSemaphore            0x08008149   Thumb Code    92  queue.o(i.xQueueCreateCountingSemaphore)
    xQueueCreateCountingSemaphoreStatic      0x080081a5   Thumb Code   100  queue.o(i.xQueueCreateCountingSemaphoreStatic)
    xQueueGenericCreate                      0x08008209   Thumb Code    90  queue.o(i.xQueueGenericCreate)
    xQueueGenericCreateStatic                0x08008263   Thumb Code   224  queue.o(i.xQueueGenericCreateStatic)
    xQueueGenericReset                       0x08008345   Thumb Code   146  queue.o(i.xQueueGenericReset)
    xQueueGenericSend                        0x080083dd   Thumb Code   420  queue.o(i.xQueueGenericSend)
    xQueueGenericSendFromISR                 0x08008585   Thumb Code   252  queue.o(i.xQueueGenericSendFromISR)
    xQueueReceive                            0x08008681   Thumb Code   356  queue.o(i.xQueueReceive)
    xQueueSemaphoreTake                      0x080087e9   Thumb Code   434  queue.o(i.xQueueSemaphoreTake)
    xTaskCheckForTimeOut                     0x080089a1   Thumb Code   132  tasks.o(i.xTaskCheckForTimeOut)
    xTaskCreate                              0x08008a2d   Thumb Code   100  tasks.o(i.xTaskCreate)
    xTaskCreateStatic                        0x08008a91   Thumb Code   186  tasks.o(i.xTaskCreateStatic)
    xTaskGetSchedulerState                   0x08008b4d   Thumb Code    24  tasks.o(i.xTaskGetSchedulerState)
    xTaskGetTickCount                        0x08008b6d   Thumb Code     6  tasks.o(i.xTaskGetTickCount)
    xTaskIncrementTick                       0x08008b79   Thumb Code   280  tasks.o(i.xTaskIncrementTick)
    xTaskPriorityDisinherit                  0x08008cbd   Thumb Code   152  tasks.o(i.xTaskPriorityDisinherit)
    xTaskPriorityInherit                     0x08008d61   Thumb Code   150  tasks.o(i.xTaskPriorityInherit)
    xTaskRemoveFromEventList                 0x08008e05   Thumb Code   126  tasks.o(i.xTaskRemoveFromEventList)
    xTaskResumeAll                           0x08008e9d   Thumb Code   222  tasks.o(i.xTaskResumeAll)
    xTimerCreateTimerTask                    0x08008fa1   Thumb Code   100  timers.o(i.xTimerCreateTimerTask)
    xTimerGenericCommand                     0x08009019   Thumb Code   128  timers.o(i.xTimerGenericCommand)
    Reset_Show                               0x0800909c   Data          90  main.o(.constdata)
    UsartTask_attributes                     0x080090f8   Data          36  freertos.o(.constdata)
    FlashWriteTask_attributes                0x0800911c   Data          36  freertos.o(.constdata)
    UsartTask_sem_attributes                 0x08009140   Data          16  freertos.o(.constdata)
    InitTask_attributes                      0x08009150   Data          36  freertos.o(.constdata)
    OLED_SelectTask_attributes               0x08009174   Data          36  freertos.o(.constdata)
    ADC_ReadTask_attributes                  0x08009198   Data          36  freertos.o(.constdata)
    MPU_ReadTask_attributes                  0x080091bc   Data          36  freertos.o(.constdata)
    Button_ReadTask_attributes               0x080091e0   Data          36  freertos.o(.constdata)
    ADCTask_sem_attributes                   0x08009204   Data          16  freertos.o(.constdata)
    MPUTask_sem_attributes                   0x08009214   Data          16  freertos.o(.constdata)
    SELTask_sem_attributes                   0x08009224   Data          16  freertos.o(.constdata)
    MENUSELECT                               0x08009234   Data         180  freertos.o(.constdata)
    AHBPrescTable                            0x080092fa   Data          16  system_stm32f1xx.o(.constdata)
    APBPrescTable                            0x0800930a   Data           8  system_stm32f1xx.o(.constdata)
    OLED_F8x16                               0x08009312   Data        1520  oled.o(.constdata)
    OLEDMin_F8x8                             0x08009902   Data         760  oled.o(.constdata)
    Region$$Table$$Base                      0x08009dbc   Number         0  anon$$obj.o(Region$$Table)
    Region$$Table$$Limit                     0x08009ddc   Number         0  anon$$obj.o(Region$$Table)
    usart_data                               0x20000000   Data         128  main.o(.data)
    usart_data1                              0x20000080   Data         128  main.o(.data)
    usart_reflag                             0x20000100   Data           1  main.o(.data)
    usart_reflag1                            0x20000101   Data           1  main.o(.data)
    Reset_Cause                              0x20000102   Data           1  main.o(.data)
    a                                        0x20000104   Data           4  main.o(.data)
    b                                        0x20000108   Data           4  main.o(.data)
    usart_Echo                               0x2000010c   Data           1  main.o(.data)
    EventGroupHandle                         0x20000110   Data           4  freertos.o(.data)
    UsartTaskHandle                          0x20000114   Data           4  freertos.o(.data)
    FlashWriteTaskHandle                     0x20000118   Data           4  freertos.o(.data)
    UsartTask_semHandle                      0x2000011c   Data           4  freertos.o(.data)
    InitTaskHandle                           0x20000120   Data           4  freertos.o(.data)
    OLED_SelectTaskHandle                    0x20000124   Data           4  freertos.o(.data)
    ADC_ReadTaskHandle                       0x20000128   Data           4  freertos.o(.data)
    MPU_ReadTaskHandle                       0x2000012c   Data           4  freertos.o(.data)
    Button_ReadTaskHandle                    0x20000130   Data           4  freertos.o(.data)
    ADCTask_semHandle                        0x20000134   Data           4  freertos.o(.data)
    MPUTask_semHandle                        0x20000138   Data           4  freertos.o(.data)
    SELTask_semHandle                        0x2000013c   Data           4  freertos.o(.data)
    uwTick                                   0x20000140   Data           4  stm32f1xx_hal.o(.data)
    uwTickPrio                               0x20000144   Data           4  stm32f1xx_hal.o(.data)
    uwTickFreq                               0x20000148   Data           1  stm32f1xx_hal.o(.data)
    SystemCoreClock                          0x2000014c   Data           4  system_stm32f1xx.o(.data)
    pxCurrentTCB                             0x20000150   Data           4  tasks.o(.data)
    __stdout                                 0x200001d0   Data           4  stdout.o(.data)
    ch_library                               0x200001e0   Data          64  main.o(.bss)
    hadc1                                    0x20000220   Data          48  adc.o(.bss)
    hdma_adc1                                0x20000250   Data          68  adc.o(.bss)
    hi2c2                                    0x20000294   Data          84  i2c.o(.bss)
    htim1                                    0x200002e8   Data          72  tim.o(.bss)
    htim2                                    0x20000330   Data          72  tim.o(.bss)
    hdma_uart2                               0x20000378   Data          68  usart.o(.bss)
    huart2                                   0x200003bc   Data          72  usart.o(.bss)
    htim3                                    0x20000404   Data          72  stm32f1xx_hal_timebase_tim.o(.bss)
    hiwdg                                    0x2000044c   Data          12  iwdg.o(.bss)
    pFlash                                   0x20000458   Data          32  stm32f1xx_hal_flash.o(.bss)
    xQueueRegistry                           0x20000478   Data          64  queue.o(.bss)
    OLEDPicture_total                        0x20002150   Data        1024  oled.o(.bss)
    __initial_sp                             0x20002a50   Data           0  startup_stm32f103xb.o(STACK)



==============================================================================

Memory Map of the image

  Image Entry point : 0x080000ed

  Load Region LR_IROM1 (Base: 0x08000000, Size: 0x00009fb4, Max: 0x00010000, ABSOLUTE, COMPRESSED[0x00009dfc])

    Execution Region ER_IROM1 (Exec base: 0x08000000, Load base: 0x08000000, Size: 0x00009ddc, Max: 0x00010000, ABSOLUTE)

    Exec Addr    Load Addr    Size         Type   Attr      Idx    E Section Name        Object

    0x08000000   0x08000000   0x000000ec   Data   RO            3    RESET               startup_stm32f103xb.o
    0x080000ec   0x080000ec   0x00000000   Code   RO         6198  * .ARM.Collect$$$$00000000  mc_w.l(entry.o)
    0x080000ec   0x080000ec   0x00000004   Code   RO         6552    .ARM.Collect$$$$00000001  mc_w.l(entry2.o)
    0x080000f0   0x080000f0   0x00000004   Code   RO         6555    .ARM.Collect$$$$00000004  mc_w.l(entry5.o)
    0x080000f4   0x080000f4   0x00000000   Code   RO         6557    .ARM.Collect$$$$00000008  mc_w.l(entry7b.o)
    0x080000f4   0x080000f4   0x00000000   Code   RO         6559    .ARM.Collect$$$$0000000A  mc_w.l(entry8b.o)
    0x080000f4   0x080000f4   0x00000008   Code   RO         6560    .ARM.Collect$$$$0000000B  mc_w.l(entry9a.o)
    0x080000fc   0x080000fc   0x00000000   Code   RO         6562    .ARM.Collect$$$$0000000D  mc_w.l(entry10a.o)
    0x080000fc   0x080000fc   0x00000000   Code   RO         6564    .ARM.Collect$$$$0000000F  mc_w.l(entry11a.o)
    0x080000fc   0x080000fc   0x00000004   Code   RO         6553    .ARM.Collect$$$$00002712  mc_w.l(entry2.o)
    0x08000100   0x08000100   0x00000096   Code   RO         5747    .emb_text           port.o
    0x08000196   0x08000196   0x00000002   PAD
    0x08000198   0x08000198   0x00000024   Code   RO            4    .text               startup_stm32f103xb.o
    0x080001bc   0x080001bc   0x0000001e   Code   RO         6201    .text               mc_w.l(llshl.o)
    0x080001da   0x080001da   0x00000020   Code   RO         6203    .text               mc_w.l(llushr.o)
    0x080001fa   0x080001fa   0x00000024   Code   RO         6205    .text               mc_w.l(memcpya.o)
    0x0800021e   0x0800021e   0x00000024   Code   RO         6209    .text               mc_w.l(memseta.o)
    0x08000242   0x08000242   0x0000000e   Code   RO         6211    .text               mc_w.l(strlen.o)
    0x08000250   0x08000250   0x000000b0   Code   RO         6504    .text               mf_w.l(fadd.o)
    0x08000300   0x08000300   0x00000064   Code   RO         6506    .text               mf_w.l(fmul.o)
    0x08000364   0x08000364   0x0000014e   Code   RO         6508    .text               mf_w.l(dadd.o)
    0x080004b2   0x080004b2   0x000000e4   Code   RO         6510    .text               mf_w.l(dmul.o)
    0x08000596   0x08000596   0x000000de   Code   RO         6512    .text               mf_w.l(ddiv.o)
    0x08000674   0x08000674   0x00000012   Code   RO         6514    .text               mf_w.l(fflti.o)
    0x08000686   0x08000686   0x00000022   Code   RO         6516    .text               mf_w.l(dflti.o)
    0x080006a8   0x080006a8   0x0000003e   Code   RO         6518    .text               mf_w.l(dfixi.o)
    0x080006e6   0x080006e6   0x00000026   Code   RO         6520    .text               mf_w.l(f2d.o)
    0x0800070c   0x0800070c   0x00000038   Code   RO         6522    .text               mf_w.l(d2f.o)
    0x08000744   0x08000744   0x00000024   Code   RO         6571    .text               mc_w.l(llsshr.o)
    0x08000768   0x08000768   0x00000000   Code   RO         6582    .text               mc_w.l(iusefp.o)
    0x08000768   0x08000768   0x0000006e   Code   RO         6583    .text               mf_w.l(fepilogue.o)
    0x080007d6   0x080007d6   0x000000ba   Code   RO         6585    .text               mf_w.l(depilogue.o)
    0x08000890   0x08000890   0x00000088   Code   RO         6587    .text               mf_w.l(drnd.o)
    0x08000918   0x08000918   0x00000030   Code   RO         6591    .text               mf_w.l(cdcmple.o)
    0x08000948   0x08000948   0x00000030   Code   RO         6593    .text               mf_w.l(cdrcmple.o)
    0x08000978   0x08000978   0x00000024   Code   RO         6599    .text               mc_w.l(init.o)
    0x0800099c   0x0800099c   0x0000002e   Code   RO         6601    .text               mf_w.l(dscalb.o)
    0x080009ca   0x080009ca   0x0000001a   Code   RO         6603    .text               mf_w.l(dfltui.o)
    0x080009e4   0x080009e4   0x0000003a   Code   RO         6613    .text               mc_w.l(__dczerorl.o)
    0x08000a1e   0x08000a1e   0x0000005c   Code   RO         1826    i.ADC_ConversionStop_Disable  stm32f1xx_hal_adc.o
    0x08000a7a   0x08000a7a   0x00000052   Code   RO         1827    i.ADC_DMAConvCplt   stm32f1xx_hal_adc.o
    0x08000acc   0x08000acc   0x0000001e   Code   RO         1828    i.ADC_DMAError      stm32f1xx_hal_adc.o
    0x08000aea   0x08000aea   0x0000000e   Code   RO         1829    i.ADC_DMAHalfConvCplt  stm32f1xx_hal_adc.o
    0x08000af8   0x08000af8   0x00000090   Code   RO         1830    i.ADC_Enable        stm32f1xx_hal_adc.o
    0x08000b88   0x08000b88   0x000000e0   Code   RO          332    i.ADC_Task          freertos.o
    0x08000c68   0x08000c68   0x00000004   Code   RO          643    i.BusFault_Handler  stm32f1xx_it.o
    0x08000c6c   0x08000c6c   0x0000005c   Code   RO          333    i.Button_ReadTask   freertos.o
    0x08000cc8   0x08000cc8   0x00000074   Code   RO           13    i.Check_Reset_Reason  main.o
    0x08000d3c   0x08000d3c   0x00000010   Code   RO          644    i.DMA1_Channel1_IRQHandler  stm32f1xx_it.o
    0x08000d4c   0x08000d4c   0x00000002   Code   RO           14    i.DMA1_Channel6_IRQHandler  main.o
    0x08000d4e   0x08000d4e   0x0000002c   Code   RO         2487    i.DMA_SetConfig     stm32f1xx_hal_dma.o
    0x08000d7a   0x08000d7a   0x00000002   Code   RO          645    i.DebugMon_Handler  stm32f1xx_it.o
    0x08000d7c   0x08000d7c   0x0000000a   Code   RO           15    i.EXTI0_IRQHandler  main.o
    0x08000d86   0x08000d86   0x00000002   PAD
    0x08000d88   0x08000d88   0x00000014   Code   RO           16    i.Error_Handler     main.o
    0x08000d9c   0x08000d9c   0x00000028   Code   RO         2932    i.FLASH_MassErase   stm32f1xx_hal_flash_ex.o
    0x08000dc4   0x08000dc4   0x00000028   Code   RO         2941    i.FLASH_PageErase   stm32f1xx_hal_flash_ex.o
    0x08000dec   0x08000dec   0x00000020   Code   RO         2829    i.FLASH_Program_HalfWord  stm32f1xx_hal_flash.o
    0x08000e0c   0x08000e0c   0x00000084   Code   RO         2830    i.FLASH_SetErrorCode  stm32f1xx_hal_flash.o
    0x08000e90   0x08000e90   0x00000070   Code   RO         2831    i.FLASH_WaitForLastOperation  stm32f1xx_hal_flash.o
    0x08000f00   0x08000f00   0x00000070   Code   RO          334    i.FlashWriteTask    freertos.o
    0x08000f70   0x08000f70   0x00000160   Code   RO         1832    i.HAL_ADC_ConfigChannel  stm32f1xx_hal_adc.o
    0x080010d0   0x080010d0   0x00000002   Code   RO         1833    i.HAL_ADC_ConvCpltCallback  stm32f1xx_hal_adc.o
    0x080010d2   0x080010d2   0x00000002   Code   RO         1834    i.HAL_ADC_ConvHalfCpltCallback  stm32f1xx_hal_adc.o
    0x080010d4   0x080010d4   0x00000002   Code   RO         1836    i.HAL_ADC_ErrorCallback  stm32f1xx_hal_adc.o
    0x080010d6   0x080010d6   0x00000002   PAD
    0x080010d8   0x080010d8   0x00000144   Code   RO         1841    i.HAL_ADC_Init      stm32f1xx_hal_adc.o
    0x0800121c   0x0800121c   0x000000ac   Code   RO          428    i.HAL_ADC_MspInit   adc.o
    0x080012c8   0x080012c8   0x00000180   Code   RO         1848    i.HAL_ADC_Start_DMA  stm32f1xx_hal_adc.o
    0x08001448   0x08001448   0x00000056   Code   RO         2488    i.HAL_DMA_Abort     stm32f1xx_hal_dma.o
    0x0800149e   0x0800149e   0x00000006   Code   RO         2491    i.HAL_DMA_GetError  stm32f1xx_hal_dma.o
    0x080014a4   0x080014a4   0x0000019c   Code   RO         2493    i.HAL_DMA_IRQHandler  stm32f1xx_hal_dma.o
    0x08001640   0x08001640   0x00000068   Code   RO         2494    i.HAL_DMA_Init      stm32f1xx_hal_dma.o
    0x080016a8   0x080016a8   0x0000009c   Code   RO         2498    i.HAL_DMA_Start_IT  stm32f1xx_hal_dma.o
    0x08001744   0x08001744   0x00000028   Code   RO         2109    i.HAL_Delay         stm32f1xx_hal.o
    0x0800176c   0x0800176c   0x000000b0   Code   RO         2942    i.HAL_FLASHEx_Erase  stm32f1xx_hal_flash_ex.o
    0x0800181c   0x0800181c   0x00000014   Code   RO         2835    i.HAL_FLASH_Lock    stm32f1xx_hal_flash.o
    0x08001830   0x08001830   0x000000b0   Code   RO         2840    i.HAL_FLASH_Program  stm32f1xx_hal_flash.o
    0x080018e0   0x080018e0   0x00000030   Code   RO         2842    i.HAL_FLASH_Unlock  stm32f1xx_hal_flash.o
    0x08001910   0x08001910   0x00000002   Code   RO           17    i.HAL_GPIO_EXTI_Callback  main.o
    0x08001912   0x08001912   0x00000002   PAD
    0x08001914   0x08001914   0x0000001c   Code   RO         2423    i.HAL_GPIO_EXTI_IRQHandler  stm32f1xx_hal_gpio.o
    0x08001930   0x08001930   0x00000320   Code   RO         2424    i.HAL_GPIO_Init     stm32f1xx_hal_gpio.o
    0x08001c50   0x08001c50   0x00000010   Code   RO         2426    i.HAL_GPIO_ReadPin  stm32f1xx_hal_gpio.o
    0x08001c60   0x08001c60   0x0000000c   Code   RO         2428    i.HAL_GPIO_WritePin  stm32f1xx_hal_gpio.o
    0x08001c6c   0x08001c6c   0x0000000c   Code   RO         2113    i.HAL_GetTick       stm32f1xx_hal.o
    0x08001c78   0x08001c78   0x000001d0   Code   RO         3121    i.HAL_I2C_Init      stm32f1xx_hal_i2c.o
    0x08001e48   0x08001e48   0x00000170   Code   RO         3134    i.HAL_I2C_Master_Transmit  stm32f1xx_hal_i2c.o
    0x08001fb8   0x08001fb8   0x00000374   Code   RO         3139    i.HAL_I2C_Mem_Read  stm32f1xx_hal_i2c.o
    0x0800232c   0x0800232c   0x00000078   Code   RO          494    i.HAL_I2C_MspInit   i2c.o
    0x080023a4   0x080023a4   0x00000062   Code   RO         3960    i.HAL_IWDG_Init     stm32f1xx_hal_iwdg.o
    0x08002406   0x08002406   0x0000000e   Code   RO         3961    i.HAL_IWDG_Refresh  stm32f1xx_hal_iwdg.o
    0x08002414   0x08002414   0x00000018   Code   RO         2119    i.HAL_IncTick       stm32f1xx_hal.o
    0x0800242c   0x0800242c   0x00000028   Code   RO         2120    i.HAL_Init          stm32f1xx_hal.o
    0x08002454   0x08002454   0x000000b4   Code   RO          737    i.HAL_InitTick      stm32f1xx_hal_timebase_tim.o
    0x08002508   0x08002508   0x00000060   Code   RO          713    i.HAL_MspInit       stm32f1xx_hal_msp.o
    0x08002568   0x08002568   0x00000020   Code   RO         2584    i.HAL_NVIC_EnableIRQ  stm32f1xx_hal_cortex.o
    0x08002588   0x08002588   0x0000007c   Code   RO         2590    i.HAL_NVIC_SetPriority  stm32f1xx_hal_cortex.o
    0x08002604   0x08002604   0x00000028   Code   RO         2591    i.HAL_NVIC_SetPriorityGrouping  stm32f1xx_hal_cortex.o
    0x0800262c   0x0800262c   0x00000130   Code   RO         2386    i.HAL_RCCEx_PeriphCLKConfig  stm32f1xx_hal_rcc_ex.o
    0x0800275c   0x0800275c   0x0000018c   Code   RO         2277    i.HAL_RCC_ClockConfig  stm32f1xx_hal_rcc.o
    0x080028e8   0x080028e8   0x00000044   Code   RO         2281    i.HAL_RCC_GetClockConfig  stm32f1xx_hal_rcc.o
    0x0800292c   0x0800292c   0x0000000c   Code   RO         2282    i.HAL_RCC_GetHCLKFreq  stm32f1xx_hal_rcc.o
    0x08002938   0x08002938   0x00000020   Code   RO         2284    i.HAL_RCC_GetPCLK1Freq  stm32f1xx_hal_rcc.o
    0x08002958   0x08002958   0x00000020   Code   RO         2285    i.HAL_RCC_GetPCLK2Freq  stm32f1xx_hal_rcc.o
    0x08002978   0x08002978   0x00000070   Code   RO         2286    i.HAL_RCC_GetSysClockFreq  stm32f1xx_hal_rcc.o
    0x080029e8   0x080029e8   0x00000464   Code   RO         2289    i.HAL_RCC_OscConfig  stm32f1xx_hal_rcc.o
    0x08002e4c   0x08002e4c   0x00000002   Code   RO         1559    i.HAL_TIMEx_BreakCallback  stm32f1xx_hal_tim_ex.o
    0x08002e4e   0x08002e4e   0x00000002   Code   RO         1560    i.HAL_TIMEx_CommutCallback  stm32f1xx_hal_tim_ex.o
    0x08002e50   0x08002e50   0x00000084   Code   RO         1578    i.HAL_TIMEx_MasterConfigSynchronization  stm32f1xx_hal_tim_ex.o
    0x08002ed4   0x08002ed4   0x00000066   Code   RO          844    i.HAL_TIM_Base_Init  stm32f1xx_hal_tim.o
    0x08002f3a   0x08002f3a   0x00000002   PAD
    0x08002f3c   0x08002f3c   0x0000002c   Code   RO          536    i.HAL_TIM_Base_MspInit  tim.o
    0x08002f68   0x08002f68   0x00000078   Code   RO          849    i.HAL_TIM_Base_Start_IT  stm32f1xx_hal_tim.o
    0x08002fe0   0x08002fe0   0x0000010c   Code   RO          853    i.HAL_TIM_ConfigClockSource  stm32f1xx_hal_tim.o
    0x080030ec   0x080030ec   0x000000c4   Code   RO          865    i.HAL_TIM_Encoder_Init  stm32f1xx_hal_tim.o
    0x080031b0   0x080031b0   0x00000074   Code   RO          538    i.HAL_TIM_Encoder_MspInit  tim.o
    0x08003224   0x08003224   0x00000002   Code   RO          878    i.HAL_TIM_IC_CaptureCallback  stm32f1xx_hal_tim.o
    0x08003226   0x08003226   0x0000016c   Code   RO          892    i.HAL_TIM_IRQHandler  stm32f1xx_hal_tim.o
    0x08003392   0x08003392   0x00000002   PAD
    0x08003394   0x08003394   0x00000054   Code   RO          539    i.HAL_TIM_MspPostInit  tim.o
    0x080033e8   0x080033e8   0x00000002   Code   RO          895    i.HAL_TIM_OC_DelayElapsedCallback  stm32f1xx_hal_tim.o
    0x080033ea   0x080033ea   0x00000104   Code   RO          916    i.HAL_TIM_PWM_ConfigChannel  stm32f1xx_hal_tim.o
    0x080034ee   0x080034ee   0x00000066   Code   RO          919    i.HAL_TIM_PWM_Init  stm32f1xx_hal_tim.o
    0x08003554   0x08003554   0x00000002   Code   RO          921    i.HAL_TIM_PWM_MspInit  stm32f1xx_hal_tim.o
    0x08003556   0x08003556   0x00000002   Code   RO          922    i.HAL_TIM_PWM_PulseFinishedCallback  stm32f1xx_hal_tim.o
    0x08003558   0x08003558   0x00000018   Code   RO           18    i.HAL_TIM_PeriodElapsedCallback  main.o
    0x08003570   0x08003570   0x00000002   Code   RO          935    i.HAL_TIM_TriggerCallback  stm32f1xx_hal_tim.o
    0x08003572   0x08003572   0x00000002   Code   RO         3599    i.HAL_UARTEx_RxEventCallback  stm32f1xx_hal_uart.o
    0x08003574   0x08003574   0x000000c2   Code   RO         3602    i.HAL_UART_AbortReceive  stm32f1xx_hal_uart.o
    0x08003636   0x08003636   0x00000002   Code   RO         3613    i.HAL_UART_ErrorCallback  stm32f1xx_hal_uart.o
    0x08003638   0x08003638   0x00000076   Code   RO         3617    i.HAL_UART_Init     stm32f1xx_hal_uart.o
    0x080036ae   0x080036ae   0x00000002   PAD
    0x080036b0   0x080036b0   0x000000c8   Code   RO          602    i.HAL_UART_MspInit  usart.o
    0x08003778   0x08003778   0x0000002c   Code   RO         3621    i.HAL_UART_Receive_DMA  stm32f1xx_hal_uart.o
    0x080037a4   0x080037a4   0x00000002   Code   RO         3623    i.HAL_UART_RxCpltCallback  stm32f1xx_hal_uart.o
    0x080037a6   0x080037a6   0x00000002   Code   RO         3624    i.HAL_UART_RxHalfCpltCallback  stm32f1xx_hal_uart.o
    0x080037a8   0x080037a8   0x000000be   Code   RO         3625    i.HAL_UART_Transmit  stm32f1xx_hal_uart.o
    0x08003866   0x08003866   0x00000004   Code   RO          646    i.HardFault_Handler  stm32f1xx_it.o
    0x0800386a   0x0800386a   0x0000003e   Code   RO         3165    i.I2C_IsAcknowledgeFailed  stm32f1xx_hal_i2c.o
    0x080038a8   0x080038a8   0x000000c0   Code   RO         3169    i.I2C_MasterRequestWrite  stm32f1xx_hal_i2c.o
    0x08003968   0x08003968   0x00000160   Code   RO         3176    i.I2C_RequestMemoryRead  stm32f1xx_hal_i2c.o
    0x08003ac8   0x08003ac8   0x00000066   Code   RO         3185    i.I2C_WaitOnBTFFlagUntilTimeout  stm32f1xx_hal_i2c.o
    0x08003b2e   0x08003b2e   0x000000be   Code   RO         3186    i.I2C_WaitOnFlagUntilTimeout  stm32f1xx_hal_i2c.o
    0x08003bec   0x08003bec   0x000000fa   Code   RO         3187    i.I2C_WaitOnMasterAddressFlagUntilTimeout  stm32f1xx_hal_i2c.o
    0x08003ce6   0x08003ce6   0x0000008a   Code   RO         3188    i.I2C_WaitOnRXNEFlagUntilTimeout  stm32f1xx_hal_i2c.o
    0x08003d70   0x08003d70   0x00000066   Code   RO         3191    i.I2C_WaitOnTXEFlagUntilTimeout  stm32f1xx_hal_i2c.o
    0x08003dd6   0x08003dd6   0x00000002   PAD
    0x08003dd8   0x08003dd8   0x0000002c   Code   RO         5827    i.IIC1_Init         iic_hardware.o
    0x08003e04   0x08003e04   0x0000002c   Code   RO         5828    i.IIC1_ReadByte     iic_hardware.o
    0x08003e30   0x08003e30   0x00000028   Code   RO         5829    i.IIC1_WriteByte    iic_hardware.o
    0x08003e58   0x08003e58   0x000000c4   Code   RO          335    i.MPU_Task          freertos.o
    0x08003f1c   0x08003f1c   0x000000a0   Code   RO          429    i.MX_ADC1_Init      adc.o
    0x08003fbc   0x08003fbc   0x00000034   Code   RO          469    i.MX_DMA_Init       dma.o
    0x08003ff0   0x08003ff0   0x00000078   Code   RO          336    i.MX_FREERTOS_Init  freertos.o
    0x08004068   0x08004068   0x000000e0   Code   RO          308    i.MX_GPIO_Init      gpio.o
    0x08004148   0x08004148   0x0000003c   Code   RO          495    i.MX_I2C2_Init      i2c.o
    0x08004184   0x08004184   0x00000028   Code   RO          776    i.MX_IWDG_Init      iwdg.o
    0x080041ac   0x080041ac   0x0000007c   Code   RO          540    i.MX_TIM1_Init      tim.o
    0x08004228   0x08004228   0x000000a4   Code   RO          541    i.MX_TIM2_Init      tim.o
    0x080042cc   0x080042cc   0x00000058   Code   RO          603    i.MX_USART2_UART_Init  usart.o
    0x08004324   0x08004324   0x00000004   Code   RO          647    i.MemManage_Handler  stm32f1xx_it.o
    0x08004328   0x08004328   0x00000004   Code   RO          648    i.NMI_Handler       stm32f1xx_it.o
    0x0800432c   0x0800432c   0x00000058   Code   RO         5873    i.OLEDMin_DrawARatateNum  oled.o
    0x08004384   0x08004384   0x0000018c   Code   RO         5874    i.OLEDMin_DrawARatateString  oled.o
    0x08004510   0x08004510   0x0000002a   Code   RO         5879    i.OLED_Clear        oled.o
    0x0800453a   0x0800453a   0x00000052   Code   RO         5881    i.OLED_DrawANum     oled.o
    0x0800458c   0x0800458c   0x00000028   Code   RO         5888    i.OLED_DrawAString  oled.o
    0x080045b4   0x080045b4   0x00000178   Code   RO         5889    i.OLED_DrawAThriangle  oled.o
    0x0800472c   0x0800472c   0x000001a8   Code   RO         5890    i.OLED_DrawAWord    oled.o
    0x080048d4   0x080048d4   0x0000003c   Code   RO         5891    i.OLED_DrawAquard   oled.o
    0x08004910   0x08004910   0x0000015c   Code   RO         5892    i.OLED_Horizon      oled.o
    0x08004a6c   0x08004a6c   0x00000034   Code   RO         5893    i.OLED_I2C_Init     oled.o
    0x08004aa0   0x08004aa0   0x00000058   Code   RO         5894    i.OLED_I2C_SendByte  oled.o
    0x08004af8   0x08004af8   0x00000030   Code   RO         5895    i.OLED_I2C_Start    oled.o
    0x08004b28   0x08004b28   0x00000028   Code   RO         5896    i.OLED_I2C_Stop     oled.o
    0x08004b50   0x08004b50   0x000000ce   Code   RO         5897    i.OLED_Init         oled.o
    0x08004c1e   0x08004c1e   0x00000014   Code   RO         5898    i.OLED_Pow          oled.o
    0x08004c32   0x08004c32   0x00000002   PAD
    0x08004c34   0x08004c34   0x0000022c   Code   RO          337    i.OLED_SelectTask   freertos.o
    0x08004e60   0x08004e60   0x00000022   Code   RO         5899    i.OLED_SetCursor    oled.o
    0x08004e82   0x08004e82   0x00000002   PAD
    0x08004e84   0x08004e84   0x00000074   Code   RO         5901    i.OLED_ShowChar     oled.o
    0x08004ef8   0x08004ef8   0x00000044   Code   RO         5905    i.OLED_ShowNum      oled.o
    0x08004f3c   0x08004f3c   0x00000040   Code   RO         5906    i.OLED_ShowPicture  oled.o
    0x08004f7c   0x08004f7c   0x0000006a   Code   RO         5907    i.OLED_ShowRowString  oled.o
    0x08004fe6   0x08004fe6   0x00000028   Code   RO         5909    i.OLED_ShowString   oled.o
    0x0800500e   0x0800500e   0x00000020   Code   RO         5910    i.OLED_WriteCommand  oled.o
    0x0800502e   0x0800502e   0x00000020   Code   RO         5911    i.OLED_WriteData    oled.o
    0x0800504e   0x0800504e   0x00000002   PAD
    0x08005050   0x08005050   0x00000028   Code   RO         2290    i.RCC_Delay         stm32f1xx_hal_rcc.o
    0x08005078   0x08005078   0x00000094   Code   RO         6158    i.ReadKeyTask       key.o
    0x0800510c   0x0800510c   0x000000d4   Code   RO          338    i.StartInitTask     freertos.o
    0x080051e0   0x080051e0   0x00000016   Code   RO         5165    i.SysTick_Handler   cmsis_os2.o
    0x080051f6   0x080051f6   0x00000088   Code   RO           19    i.SystemClock_Config  main.o
    0x0800527e   0x0800527e   0x00000002   Code   RO         3991    i.SystemInit        system_stm32f1xx.o
    0x08005280   0x08005280   0x00000010   Code   RO          649    i.TIM3_IRQHandler   stm32f1xx_it.o
    0x08005290   0x08005290   0x00000084   Code   RO          937    i.TIM_Base_SetConfig  stm32f1xx_hal_tim.o
    0x08005314   0x08005314   0x00000016   Code   RO          948    i.TIM_ETR_SetConfig  stm32f1xx_hal_tim.o
    0x0800532a   0x0800532a   0x00000012   Code   RO          949    i.TIM_ITRx_SetConfig  stm32f1xx_hal_tim.o
    0x0800533c   0x0800533c   0x00000060   Code   RO          950    i.TIM_OC1_SetConfig  stm32f1xx_hal_tim.o
    0x0800539c   0x0800539c   0x00000068   Code   RO          951    i.TIM_OC2_SetConfig  stm32f1xx_hal_tim.o
    0x08005404   0x08005404   0x00000068   Code   RO          952    i.TIM_OC3_SetConfig  stm32f1xx_hal_tim.o
    0x0800546c   0x0800546c   0x00000048   Code   RO          953    i.TIM_OC4_SetConfig  stm32f1xx_hal_tim.o
    0x080054b4   0x080054b4   0x00000026   Code   RO          955    i.TIM_TI1_ConfigInputStage  stm32f1xx_hal_tim.o
    0x080054da   0x080054da   0x00000028   Code   RO          957    i.TIM_TI2_ConfigInputStage  stm32f1xx_hal_tim.o
    0x08005502   0x08005502   0x00000050   Code   RO         3631    i.UART_DMAError     stm32f1xx_hal_uart.o
    0x08005552   0x08005552   0x000000b4   Code   RO         3632    i.UART_DMAReceiveCplt  stm32f1xx_hal_uart.o
    0x08005606   0x08005606   0x00000024   Code   RO         3634    i.UART_DMARxHalfCplt  stm32f1xx_hal_uart.o
    0x0800562a   0x0800562a   0x0000006c   Code   RO         3640    i.UART_EndRxTransfer  stm32f1xx_hal_uart.o
    0x08005696   0x08005696   0x00000026   Code   RO         3642    i.UART_EndTxTransfer  stm32f1xx_hal_uart.o
    0x080056bc   0x080056bc   0x000000fc   Code   RO         3644    i.UART_SetConfig    stm32f1xx_hal_uart.o
    0x080057b8   0x080057b8   0x000000c8   Code   RO         3645    i.UART_Start_Receive_DMA  stm32f1xx_hal_uart.o
    0x08005880   0x08005880   0x0000008c   Code   RO         3648    i.UART_WaitOnFlagUntilTimeout  stm32f1xx_hal_uart.o
    0x0800590c   0x0800590c   0x000000cc   Code   RO           20    i.USART2_IRQHandler  main.o
    0x080059d8   0x080059d8   0x00000004   Code   RO          650    i.UsageFault_Handler  stm32f1xx_it.o
    0x080059dc   0x080059dc   0x00000094   Code   RO          339    i.Usart_Task        freertos.o
    0x08005a70   0x08005a70   0x00000020   Code   RO         6282    i.__0printf$2       mc_w.l(printf2.o)
    0x08005a90   0x08005a90   0x00000028   Code   RO         6595    i.__ARM_fpclassify  m_ws.l(fpclassify.o)
    0x08005ab8   0x08005ab8   0x00000010   Code   RO         2597    i.__NVIC_GetPriorityGrouping  stm32f1xx_hal_cortex.o
    0x08005ac8   0x08005ac8   0x00000028   Code   RO         2598    i.__NVIC_SetPriority  stm32f1xx_hal_cortex.o
    0x08005af0   0x08005af0   0x00000006   Code   RO         5167    i.__get_IPSR        cmsis_os2.o
    0x08005af6   0x08005af6   0x00000002   PAD
    0x08005af8   0x08005af8   0x00000388   Code   RO         6541    i.__ieee754_rem_pio2  m_ws.l(rred.o)
    0x08005e80   0x08005e80   0x000000fc   Code   RO         6524    i.__kernel_cos      m_ws.l(cos_i.o)
    0x08005f7c   0x08005f7c   0x000000aa   Code   RO         6597    i.__kernel_poly     m_ws.l(poly.o)
    0x08006026   0x08006026   0x00000002   PAD
    0x08006028   0x08006028   0x000000ec   Code   RO         6546    i.__kernel_sin      m_ws.l(sin_i.o)
    0x08006114   0x08006114   0x00000006   Code   RO         6528    i.__mathlib_dbl_infnan  m_ws.l(dunder.o)
    0x0800611a   0x0800611a   0x0000000c   Code   RO         6530    i.__mathlib_dbl_invalid  m_ws.l(dunder.o)
    0x08006126   0x08006126   0x00000002   PAD
    0x08006128   0x08006128   0x00000010   Code   RO         6533    i.__mathlib_dbl_underflow  m_ws.l(dunder.o)
    0x08006138   0x08006138   0x0000000e   Code   RO         6607    i.__scatterload_copy  mc_w.l(handlers.o)
    0x08006146   0x08006146   0x00000002   Code   RO         6608    i.__scatterload_null  mc_w.l(handlers.o)
    0x08006148   0x08006148   0x0000000e   Code   RO         6609    i.__scatterload_zeroinit  mc_w.l(handlers.o)
    0x08006156   0x08006156   0x00000002   PAD
    0x08006158   0x08006158   0x0000000c   Code   RO         6577    i.__set_errno       mc_w.l(errno.o)
    0x08006164   0x08006164   0x000000d6   Code   RO         6289    i._printf_core      mc_w.l(printf2.o)
    0x0800623a   0x0800623a   0x0000002e   Code   RO         5912    i.area2             oled.o
    0x08006268   0x08006268   0x0000009c   Code   RO         6181    i.cos               m_ws.l(cos.o)
    0x08006304   0x08006304   0x00000118   Code   RO           21    i.fputc             main.o
    0x0800641c   0x0800641c   0x000000b0   Code   RO           22    i.main              main.o
    0x080064cc   0x080064cc   0x0000002c   Code   RO         5182    i.osKernelInitialize  cmsis_os2.o
    0x080064f8   0x080064f8   0x00000060   Code   RO         5185    i.osKernelStart     cmsis_os2.o
    0x08006558   0x08006558   0x000000cc   Code   RO         5213    i.osSemaphoreNew    cmsis_os2.o
    0x08006624   0x08006624   0x000000b8   Code   RO         5227    i.osThreadNew       cmsis_os2.o
    0x080066dc   0x080066dc   0x0000007a   Code   RO         5913    i.pointInTriangle   oled.o
    0x08006756   0x08006756   0x00000002   PAD
    0x08006758   0x08006758   0x0000007c   Code   RO         4605    i.prvAddCurrentTaskToDelayedList  tasks.o
    0x080067d4   0x080067d4   0x000000b8   Code   RO         4606    i.prvAddNewTaskToReadyList  tasks.o
    0x0800688c   0x0800688c   0x00000074   Code   RO         4981    i.prvCheckForValidListAndQueue  timers.o
    0x08006900   0x08006900   0x00000048   Code   RO         4607    i.prvCheckTasksWaitingTermination  tasks.o
    0x08006948   0x08006948   0x0000002a   Code   RO         4192    i.prvCopyDataFromQueue  queue.o
    0x08006972   0x08006972   0x0000007e   Code   RO         4193    i.prvCopyDataToQueue  queue.o
    0x080069f0   0x080069f0   0x00000050   Code   RO         4608    i.prvDeleteTCB      tasks.o
    0x08006a40   0x08006a40   0x00000014   Code   RO         4194    i.prvGetDisinheritPriorityAfterTimeout  queue.o
    0x08006a54   0x08006a54   0x00000028   Code   RO         4982    i.prvGetNextExpireTime  timers.o
    0x08006a7c   0x08006a7c   0x0000007c   Code   RO         5692    i.prvHeapInit       heap_4.o
    0x08006af8   0x08006af8   0x00000028   Code   RO         4609    i.prvIdleTask       tasks.o
    0x08006b20   0x08006b20   0x0000002a   Code   RO         4196    i.prvInitialiseNewQueue  queue.o
    0x08006b4a   0x08006b4a   0x000000be   Code   RO         4610    i.prvInitialiseNewTask  tasks.o
    0x08006c08   0x08006c08   0x00000068   Code   RO         4611    i.prvInitialiseTaskLists  tasks.o
    0x08006c70   0x08006c70   0x00000068   Code   RO         5693    i.prvInsertBlockIntoFreeList  heap_4.o
    0x08006cd8   0x08006cd8   0x00000058   Code   RO         4984    i.prvInsertTimerInActiveList  timers.o
    0x08006d30   0x08006d30   0x0000001a   Code   RO         4197    i.prvIsQueueEmpty   queue.o
    0x08006d4a   0x08006d4a   0x0000001e   Code   RO         4198    i.prvIsQueueFull    queue.o
    0x08006d68   0x08006d68   0x00000074   Code   RO         4985    i.prvProcessExpiredTimer  timers.o
    0x08006ddc   0x08006ddc   0x00000164   Code   RO         4986    i.prvProcessReceivedCommands  timers.o
    0x08006f40   0x08006f40   0x00000074   Code   RO         4987    i.prvProcessTimerOrBlockTask  timers.o
    0x08006fb4   0x08006fb4   0x00000034   Code   RO         4613    i.prvResetNextTaskUnblockTime  tasks.o
    0x08006fe8   0x08006fe8   0x0000002c   Code   RO         4988    i.prvSampleTimeNow  timers.o
    0x08007014   0x08007014   0x000000a4   Code   RO         4989    i.prvSwitchTimerLists  timers.o
    0x080070b8   0x080070b8   0x00000040   Code   RO         5748    i.prvTaskExitError  port.o
    0x080070f8   0x080070f8   0x0000001e   Code   RO         4033    i.prvTestWaitCondition  event_groups.o
    0x08007116   0x08007116   0x0000001a   Code   RO         4990    i.prvTimerTask      timers.o
    0x08007130   0x08007130   0x0000007e   Code   RO         4199    i.prvUnlockQueue    queue.o
    0x080071ae   0x080071ae   0x00000002   PAD
    0x080071b0   0x080071b0   0x0000014c   Code   RO         5694    i.pvPortMalloc      heap_4.o
    0x080072fc   0x080072fc   0x00000020   Code   RO         4616    i.pvTaskIncrementMutexHeldCount  tasks.o
    0x0800731c   0x0800731c   0x00000024   Code   RO         5749    i.pxPortInitialiseStack  port.o
    0x08007340   0x08007340   0x000000e0   Code   RO         5914    i.rotate_point      oled.o
    0x08007420   0x08007420   0x00000094   Code   RO         6188    i.round             m_ws.l(round.o)
    0x080074b4   0x080074b4   0x000000a0   Code   RO         6191    i.sin               m_ws.l(sin.o)
    0x08007554   0x08007554   0x00000028   Code   RO         4152    i.uxListRemove      list.o
    0x0800757c   0x0800757c   0x0000001c   Code   RO         4625    i.uxTaskResetEventItemValue  tasks.o
    0x08007598   0x08007598   0x00000018   Code   RO         5239    i.vApplicationGetIdleTaskMemory  cmsis_os2.o
    0x080075b0   0x080075b0   0x00000018   Code   RO         5240    i.vApplicationGetTimerTaskMemory  cmsis_os2.o
    0x080075c8   0x080075c8   0x0000001a   Code   RO         4153    i.vListInitialise   list.o
    0x080075e2   0x080075e2   0x00000006   Code   RO         4154    i.vListInitialiseItem  list.o
    0x080075e8   0x080075e8   0x00000034   Code   RO         4155    i.vListInsert       list.o
    0x0800761c   0x0800761c   0x00000018   Code   RO         4156    i.vListInsertEnd    list.o
    0x08007634   0x08007634   0x00000054   Code   RO         5751    i.vPortEnterCritical  port.o
    0x08007688   0x08007688   0x0000003c   Code   RO         5752    i.vPortExitCritical  port.o
    0x080076c4   0x080076c4   0x000000a4   Code   RO         5695    i.vPortFree         heap_4.o
    0x08007768   0x08007768   0x00000028   Code   RO         5753    i.vPortSetupTimerInterrupt  port.o
    0x08007790   0x08007790   0x00000078   Code   RO         5754    i.vPortValidateInterruptPriority  port.o
    0x08007808   0x08007808   0x0000002c   Code   RO         4205    i.vQueueAddToRegistry  queue.o
    0x08007834   0x08007834   0x00000032   Code   RO         4206    i.vQueueDelete      queue.o
    0x08007866   0x08007866   0x00000002   PAD
    0x08007868   0x08007868   0x00000030   Code   RO         4208    i.vQueueUnregisterQueue  queue.o
    0x08007898   0x08007898   0x0000004a   Code   RO         4209    i.vQueueWaitForMessageRestricted  queue.o
    0x080078e2   0x080078e2   0x00000002   PAD
    0x080078e4   0x080078e4   0x0000005c   Code   RO         4626    i.vTaskDelay        tasks.o
    0x08007940   0x08007940   0x000000c8   Code   RO         4628    i.vTaskDelete       tasks.o
    0x08007a08   0x08007a08   0x00000018   Code   RO         4631    i.vTaskInternalSetTimeOutState  tasks.o
    0x08007a20   0x08007a20   0x0000000c   Code   RO         4632    i.vTaskMissedYield  tasks.o
    0x08007a2c   0x08007a2c   0x00000038   Code   RO         4634    i.vTaskPlaceOnEventList  tasks.o
    0x08007a64   0x08007a64   0x00000040   Code   RO         4635    i.vTaskPlaceOnEventListRestricted  tasks.o
    0x08007aa4   0x08007aa4   0x0000006c   Code   RO         4636    i.vTaskPlaceOnUnorderedEventList  tasks.o
    0x08007b10   0x08007b10   0x000000d0   Code   RO         4637    i.vTaskPriorityDisinheritAfterTimeout  tasks.o
    0x08007be0   0x08007be0   0x000000a0   Code   RO         4639    i.vTaskRemoveFromUnorderedEventList  tasks.o
    0x08007c80   0x08007c80   0x000000b8   Code   RO         4643    i.vTaskStartScheduler  tasks.o
    0x08007d38   0x08007d38   0x00000010   Code   RO         4645    i.vTaskSuspendAll   tasks.o
    0x08007d48   0x08007d48   0x00000090   Code   RO         4646    i.vTaskSwitchContext  tasks.o
    0x08007dd8   0x08007dd8   0x0000001e   Code   RO         4041    i.xEventGroupCreate  event_groups.o
    0x08007df6   0x08007df6   0x000000ce   Code   RO         4044    i.xEventGroupSetBits  event_groups.o
    0x08007ec4   0x08007ec4   0x00000158   Code   RO         4047    i.xEventGroupWaitBits  event_groups.o
    0x0800801c   0x0800801c   0x000000f8   Code   RO         5755    i.xPortStartScheduler  port.o
    0x08008114   0x08008114   0x00000034   Code   RO         5756    i.xPortSysTickHandler  port.o
    0x08008148   0x08008148   0x0000005c   Code   RO         4210    i.xQueueCreateCountingSemaphore  queue.o
    0x080081a4   0x080081a4   0x00000064   Code   RO         4211    i.xQueueCreateCountingSemaphoreStatic  queue.o
    0x08008208   0x08008208   0x0000005a   Code   RO         4214    i.xQueueGenericCreate  queue.o
    0x08008262   0x08008262   0x000000e0   Code   RO         4215    i.xQueueGenericCreateStatic  queue.o
    0x08008342   0x08008342   0x00000002   PAD
    0x08008344   0x08008344   0x00000098   Code   RO         4216    i.xQueueGenericReset  queue.o
    0x080083dc   0x080083dc   0x000001a8   Code   RO         4217    i.xQueueGenericSend  queue.o
    0x08008584   0x08008584   0x000000fc   Code   RO         4218    i.xQueueGenericSendFromISR  queue.o
    0x08008680   0x08008680   0x00000168   Code   RO         4227    i.xQueueReceive     queue.o
    0x080087e8   0x080087e8   0x000001b8   Code   RO         4229    i.xQueueSemaphoreTake  queue.o
    0x080089a0   0x080089a0   0x0000008c   Code   RO         4648    i.xTaskCheckForTimeOut  tasks.o
    0x08008a2c   0x08008a2c   0x00000064   Code   RO         4649    i.xTaskCreate       tasks.o
    0x08008a90   0x08008a90   0x000000ba   Code   RO         4650    i.xTaskCreateStatic  tasks.o
    0x08008b4a   0x08008b4a   0x00000002   PAD
    0x08008b4c   0x08008b4c   0x00000020   Code   RO         4654    i.xTaskGetSchedulerState  tasks.o
    0x08008b6c   0x08008b6c   0x0000000c   Code   RO         4655    i.xTaskGetTickCount  tasks.o
    0x08008b78   0x08008b78   0x00000144   Code   RO         4657    i.xTaskIncrementTick  tasks.o
    0x08008cbc   0x08008cbc   0x000000a4   Code   RO         4660    i.xTaskPriorityDisinherit  tasks.o
    0x08008d60   0x08008d60   0x000000a4   Code   RO         4661    i.xTaskPriorityInherit  tasks.o
    0x08008e04   0x08008e04   0x00000098   Code   RO         4662    i.xTaskRemoveFromEventList  tasks.o
    0x08008e9c   0x08008e9c   0x00000104   Code   RO         4663    i.xTaskResumeAll    tasks.o
    0x08008fa0   0x08008fa0   0x00000078   Code   RO         4999    i.xTimerCreateTimerTask  timers.o
    0x08009018   0x08009018   0x00000084   Code   RO         5000    i.xTimerGenericCommand  timers.o
    0x0800909c   0x0800909c   0x0000005a   Data   RO           24    .constdata          main.o
    0x080090f6   0x080090f6   0x00000002   PAD
    0x080090f8   0x080090f8   0x000001f0   Data   RO          340    .constdata          freertos.o
    0x080092e8   0x080092e8   0x00000012   Data   RO         2291    .constdata          stm32f1xx_hal_rcc.o
    0x080092fa   0x080092fa   0x00000018   Data   RO         3992    .constdata          system_stm32f1xx.o
    0x08009312   0x08009312   0x000008e8   Data   RO         5916    .constdata          oled.o
    0x08009bfa   0x08009bfa   0x00000006   PAD
    0x08009c00   0x08009c00   0x00000030   Data   RO         6525    .constdata          m_ws.l(cos_i.o)
    0x08009c30   0x08009c30   0x000000c8   Data   RO         6543    .constdata          m_ws.l(rred.o)
    0x08009cf8   0x08009cf8   0x00000028   Data   RO         6547    .constdata          m_ws.l(sin_i.o)
    0x08009d20   0x08009d20   0x0000009a   Data   RO          341    .conststring        freertos.o
    0x08009dba   0x08009dba   0x00000002   PAD
    0x08009dbc   0x08009dbc   0x00000020   Data   RO         6605    Region$$Table       anon$$obj.o


    Execution Region RW_IRAM1 (Exec base: 0x20000000, Load base: 0x08009ddc, Size: 0x00002a50, Max: 0x00005000, ABSOLUTE, COMPRESSED[0x00000020])

    Exec Addr    Load Addr    Size         Type   Attr      Idx    E Section Name        Object

    0x20000000   COMPRESSED   0x0000010d   Data   RW           25    .data               main.o
    0x2000010d   COMPRESSED   0x00000003   PAD
    0x20000110   COMPRESSED   0x00000030   Data   RW          342    .data               freertos.o
    0x20000140   COMPRESSED   0x00000009   Data   RW         2127    .data               stm32f1xx_hal.o
    0x20000149   COMPRESSED   0x00000003   PAD
    0x2000014c   COMPRESSED   0x00000004   Data   RW         3993    .data               system_stm32f1xx.o
    0x20000150   COMPRESSED   0x0000003c   Data   RW         4666    .data               tasks.o
    0x2000018c   COMPRESSED   0x00000014   Data   RW         5008    .data               timers.o
    0x200001a0   COMPRESSED   0x00000004   Data   RW         5242    .data               cmsis_os2.o
    0x200001a4   COMPRESSED   0x00000020   Data   RW         5701    .data               heap_4.o
    0x200001c4   COMPRESSED   0x0000000c   Data   RW         5757    .data               port.o
    0x200001d0   COMPRESSED   0x00000004   Data   RW         6566    .data               mc_w.l(stdout.o)
    0x200001d4   COMPRESSED   0x00000004   Data   RW         6578    .data               mc_w.l(errno.o)
    0x200001d8   COMPRESSED   0x00000008   PAD
    0x200001e0        -       0x00000040   Zero   RW           23    .bss                main.o
    0x20000220        -       0x00000074   Zero   RW          430    .bss                adc.o
    0x20000294        -       0x00000054   Zero   RW          496    .bss                i2c.o
    0x200002e8        -       0x00000090   Zero   RW          542    .bss                tim.o
    0x20000378        -       0x0000008c   Zero   RW          604    .bss                usart.o
    0x20000404        -       0x00000048   Zero   RW          740    .bss                stm32f1xx_hal_timebase_tim.o
    0x2000044c        -       0x0000000c   Zero   RW          777    .bss                iwdg.o
    0x20000458        -       0x00000020   Zero   RW         2843    .bss                stm32f1xx_hal_flash.o
    0x20000478        -       0x00000040   Zero   RW         4231    .bss                queue.o
    0x200004b8        -       0x000004c4   Zero   RW         4665    .bss                tasks.o
    0x2000097c        -       0x00000118   Zero   RW         5007    .bss                timers.o
    0x20000a94        -       0x000006b8   Zero   RW         5241    .bss                cmsis_os2.o
    0x2000114c        -       0x00001000   Zero   RW         5700    .bss                heap_4.o
    0x2000214c   COMPRESSED   0x00000004   PAD
    0x20002150        -       0x00000500   Zero   RW         5915    .bss                oled.o
    0x20002650        -       0x00000400   Zero   RW            1    STACK               startup_stm32f103xb.o


==============================================================================

Image component sizes


      Code (inc. data)   RO Data    RW Data    ZI Data      Debug   Object Name

       332         30          0          0        116       1875   adc.o
       604         38          0          4       1720      56346   cmsis_os2.o
        52          4          0          0          0        778   dma.o
       610          6          0          0          0      25491   event_groups.o
      1660        252        650         48          0      13634   freertos.o
       224         10          0          0          0       1015   gpio.o
       724         74          0         32       4096       4875   heap_4.o
       180         26          0          0         84       1681   i2c.o
       128         12          0          0          0       1745   iic_hardware.o
        40          8          0          0         12        707   iwdg.o
       148          8          0          0          0        534   key.o
       148          0          0          0          0       3530   list.o
       970         98         90        269         64     476509   main.o
      3194         66       2280          0       1280      20547   oled.o
       854         78          0         12          0      11121   port.o
      2762         30          0          0         64      23921   queue.o
        36          8        236          0       1024        820   startup_stm32f103xb.o
       116         24          0          9          0       5374   stm32f1xx_hal.o
      1428         56          0          0          0       8562   stm32f1xx_hal_adc.o
       252         22          0          0          0      28782   stm32f1xx_hal_cortex.o
       808          8          0          0          0       4846   stm32f1xx_hal_dma.o
       520         48          0          0         32       4290   stm32f1xx_hal_flash.o
       256         26          0          0          0       2623   stm32f1xx_hal_flash_ex.o
       856         38          0          0          0       4006   stm32f1xx_hal_gpio.o
      3104         52          0          0          0      11700   stm32f1xx_hal_i2c.o
       112          0          0          0          0       1895   stm32f1xx_hal_iwdg.o
        96         10          0          0          0        930   stm32f1xx_hal_msp.o
      1816        108         18          0          0       6749   stm32f1xx_hal_rcc.o
       304         14          0          0          0       1436   stm32f1xx_hal_rcc_ex.o
      2048         46          0          0          0      15587   stm32f1xx_hal_tim.o
       136         14          0          0          0       2501   stm32f1xx_hal_tim_ex.o
       180         22          0          0         72       1523   stm32f1xx_hal_timebase_tim.o
      1588         18          0          0          0      12098   stm32f1xx_hal_uart.o
        54         12          0          0          0       3698   stm32f1xx_it.o
         0          0          0          0          0        392   stream_buffer.o
         2          0         24          4          0       1175   system_stm32f1xx.o
      3708        444          0         60       1220      33074   tasks.o
       532         40          0          0        144       3731   tim.o
      1318        124          0         20        280      30531   timers.o
       288         34          0          0        140       1829   usart.o

    ----------------------------------------------------------------------
     32224       1908       3340        464      10352     832461   Object Totals
         0          0         32          0          0          0   (incl. Generated)
        36          0         10          6          4          0   (incl. Padding)

    ----------------------------------------------------------------------

      Code (inc. data)   RO Data    RW Data    ZI Data      Debug   Library Member Name

       156          8          0          0          0        104   cos.o
       252         22         48          0          0        124   cos_i.o
        34          6          0          0          0        204   dunder.o
        40          0          0          0          0         68   fpclassify.o
       170          0          0          0          0         96   poly.o
       148         12          0          0          0         88   round.o
       904         76        200          0          0        140   rred.o
       160         10          0          0          0        108   sin.o
       236         12         40          0          0        128   sin_i.o
        58          0          0          0          0          0   __dczerorl.o
         0          0          0          0          0          0   entry.o
         0          0          0          0          0          0   entry10a.o
         0          0          0          0          0          0   entry11a.o
         8          4          0          0          0          0   entry2.o
         4          0          0          0          0          0   entry5.o
         0          0          0          0          0          0   entry7b.o
         0          0          0          0          0          0   entry8b.o
         8          4          0          0          0          0   entry9a.o
        12          6          0          4          0         68   errno.o
        30          0          0          0          0          0   handlers.o
        36          8          0          0          0         68   init.o
         0          0          0          0          0          0   iusefp.o
        30          0          0          0          0         68   llshl.o
        36          0          0          0          0         68   llsshr.o
        32          0          0          0          0         68   llushr.o
        36          0          0          0          0         68   memcpya.o
        36          0          0          0          0        108   memseta.o
       246         10          0          0          0        176   printf2.o
         0          0          0          4          0          0   stdout.o
        14          0          0          0          0         68   strlen.o
        48          0          0          0          0         68   cdcmple.o
        48          0          0          0          0         68   cdrcmple.o
        56          0          0          0          0         88   d2f.o
       334          0          0          0          0        148   dadd.o
       222          0          0          0          0        100   ddiv.o
       186          0          0          0          0        176   depilogue.o
        62          0          0          0          0         80   dfixi.o
        34          0          0          0          0         76   dflti.o
        26          0          0          0          0         76   dfltui.o
       228          0          0          0          0         96   dmul.o
       136          4          0          0          0         92   drnd.o
        46          0          0          0          0         80   dscalb.o
        38          0          0          0          0         68   f2d.o
       176          0          0          0          0        140   fadd.o
       110          0          0          0          0        168   fepilogue.o
        18          0          0          0          0         68   fflti.o
       100          0          0          0          0         76   fmul.o

    ----------------------------------------------------------------------
      4560        182        288          8          8       3488   Library Totals
         6          0          0          0          8          0   (incl. Padding)

    ----------------------------------------------------------------------

      Code (inc. data)   RO Data    RW Data    ZI Data      Debug   Library Name

      2100        146        288          0          0       1060   m_ws.l
       586         32          0          8          0        760   mc_w.l
      1868          4          0          0          0       1668   mf_w.l

    ----------------------------------------------------------------------
      4560        182        288          8          8       3488   Library Totals

    ----------------------------------------------------------------------

==============================================================================


      Code (inc. data)   RO Data    RW Data    ZI Data      Debug   

     36784       2090       3628        472      10360     820685   Grand Totals
     36784       2090       3628         32      10360     820685   ELF Image Totals (compressed)
     36784       2090       3628         32          0          0   ROM Totals

==============================================================================

    Total RO  Size (Code + RO Data)                40412 (  39.46kB)
    Total RW  Size (RW Data + ZI Data)             10832 (  10.58kB)
    Total ROM Size (Code + RO Data + RW Data)      40444 (  39.50kB)

==============================================================================

