Component: ARM Compiler 5.06 update 5 (build 528) Tool: armlink [4d35e2]

==============================================================================

Section Cross References

    startup_stm32f103xb.o(RESET) refers to startup_stm32f103xb.o(STACK) for __initial_sp
    startup_stm32f103xb.o(RESET) refers to startup_stm32f103xb.o(.text) for Reset_Handler
    startup_stm32f103xb.o(RESET) refers to stm32f1xx_it.o(i.NMI_Handler) for NMI_Handler
    startup_stm32f103xb.o(RESET) refers to stm32f1xx_it.o(i.HardFault_Handler) for HardFault_Handler
    startup_stm32f103xb.o(RESET) refers to stm32f1xx_it.o(i.MemManage_Handler) for MemManage_Handler
    startup_stm32f103xb.o(RESET) refers to stm32f1xx_it.o(i.BusFault_Handler) for BusFault_Handler
    startup_stm32f103xb.o(RESET) refers to stm32f1xx_it.o(i.UsageFault_Handler) for UsageFault_Handler
    startup_stm32f103xb.o(RESET) refers to port.o(.emb_text) for SVC_Handler
    startup_stm32f103xb.o(RESET) refers to stm32f1xx_it.o(i.DebugMon_Handler) for DebugMon_Handler
    startup_stm32f103xb.o(RESET) refers to cmsis_os2.o(i.SysTick_Handler) for SysTick_Handler
    startup_stm32f103xb.o(RESET) refers to stm32f1xx_it.o(i.DMA1_Channel1_IRQHandler) for DMA1_Channel1_IRQHandler
    startup_stm32f103xb.o(RESET) refers to stm32f1xx_it.o(i.TIM1_UP_IRQHandler) for TIM1_UP_IRQHandler
    startup_stm32f103xb.o(.text) refers to system_stm32f1xx.o(i.SystemInit) for SystemInit
    startup_stm32f103xb.o(.text) refers to entry.o(.ARM.Collect$$$$00000000) for __main
    iic_hardware.o(i.IIC1_Init) refers to iic_hardware.o(i.IIC1_WriteByte) for IIC1_WriteByte
    iic_hardware.o(i.IIC1_Init) refers to printf1.o(i.__0printf$1) for __2printf
    iic_hardware.o(i.IIC1_Init) refers to stm32f1xx_hal_i2c.o(i.HAL_I2C_Mem_Read) for HAL_I2C_Mem_Read
    iic_hardware.o(i.IIC1_Init) refers to i2c.o(.bss) for hi2c2
    iic_hardware.o(i.IIC1_ReadByte) refers to stm32f1xx_hal_i2c.o(i.HAL_I2C_Mem_Read) for HAL_I2C_Mem_Read
    iic_hardware.o(i.IIC1_ReadByte) refers to i2c.o(.bss) for hi2c2
    iic_hardware.o(i.IIC1_WriteByte) refers to stm32f1xx_hal_i2c.o(i.HAL_I2C_Master_Transmit) for HAL_I2C_Master_Transmit
    iic_hardware.o(i.IIC1_WriteByte) refers to i2c.o(.bss) for hi2c2
    iic_hardware.o(i.MPU6050_Calibration) refers to iic_hardware.o(i.IIC1_WriteByte) for IIC1_WriteByte
    iic_hardware.o(i.MPU6050_Calibration) refers to stm32f1xx_hal.o(i.HAL_Delay) for HAL_Delay
    iic_hardware.o(i.MPU6050_Calibration) refers to stm32f1xx_hal_i2c.o(i.HAL_I2C_Mem_Read) for HAL_I2C_Mem_Read
    iic_hardware.o(i.MPU6050_Calibration) refers to i2c.o(.bss) for hi2c2
    oled.o(i.OLED_Clear) refers to oled.o(i.OLED_SetCursor) for OLED_SetCursor
    oled.o(i.OLED_Clear) refers to oled.o(i.OLED_WriteData) for OLED_WriteData
    oled.o(i.OLED_Horizon) refers to memseta.o(.text) for __aeabi_memclr
    oled.o(i.OLED_Horizon) refers to oled.o(i.OLED_ShowPicture) for OLED_ShowPicture
    oled.o(i.OLED_Horizon) refers to oled.o(.bss) for OLEDPicture
    oled.o(i.OLED_I2C_Init) refers to gpio.o(i.MX_GPIO_Init) for MX_GPIO_Init
    oled.o(i.OLED_I2C_Init) refers to stm32f1xx_hal_gpio.o(i.HAL_GPIO_WritePin) for HAL_GPIO_WritePin
    oled.o(i.OLED_I2C_SendByte) refers to stm32f1xx_hal_gpio.o(i.HAL_GPIO_WritePin) for HAL_GPIO_WritePin
    oled.o(i.OLED_I2C_Start) refers to stm32f1xx_hal_gpio.o(i.HAL_GPIO_WritePin) for HAL_GPIO_WritePin
    oled.o(i.OLED_I2C_Stop) refers to stm32f1xx_hal_gpio.o(i.HAL_GPIO_WritePin) for HAL_GPIO_WritePin
    oled.o(i.OLED_Init) refers to oled.o(i.OLED_I2C_Init) for OLED_I2C_Init
    oled.o(i.OLED_Init) refers to oled.o(i.OLED_WriteCommand) for OLED_WriteCommand
    oled.o(i.OLED_Init) refers to oled.o(i.OLED_I2C_Start) for OLED_I2C_Start
    oled.o(i.OLED_Init) refers to oled.o(i.OLED_I2C_SendByte) for OLED_I2C_SendByte
    oled.o(i.OLED_Init) refers to oled.o(i.OLED_I2C_Stop) for OLED_I2C_Stop
    oled.o(i.OLED_Init) refers to oled.o(i.OLED_Clear) for OLED_Clear
    oled.o(i.OLED_SetCursor) refers to oled.o(i.OLED_WriteCommand) for OLED_WriteCommand
    oled.o(i.OLED_ShowBinNum) refers to oled.o(i.OLED_Pow) for OLED_Pow
    oled.o(i.OLED_ShowBinNum) refers to oled.o(i.OLED_ShowChar) for OLED_ShowChar
    oled.o(i.OLED_ShowChar) refers to oled.o(i.OLED_SetCursor) for OLED_SetCursor
    oled.o(i.OLED_ShowChar) refers to oled.o(i.OLED_WriteData) for OLED_WriteData
    oled.o(i.OLED_ShowChar) refers to oled.o(.constdata) for OLED_F8x16
    oled.o(i.OLED_ShowHexNum) refers to oled.o(i.OLED_Pow) for OLED_Pow
    oled.o(i.OLED_ShowHexNum) refers to oled.o(i.OLED_ShowChar) for OLED_ShowChar
    oled.o(i.OLED_ShowNum) refers to oled.o(i.OLED_Pow) for OLED_Pow
    oled.o(i.OLED_ShowNum) refers to oled.o(i.OLED_ShowChar) for OLED_ShowChar
    oled.o(i.OLED_ShowPicture) refers to oled.o(i.OLED_WriteCommand) for OLED_WriteCommand
    oled.o(i.OLED_ShowPicture) refers to oled.o(i.OLED_I2C_Start) for OLED_I2C_Start
[...]
    i.HAL_Init                               0x080012c8   Section        0  stm32f1xx_hal.o(i.HAL_Init)
    i.HAL_InitTick                           0x080012f0   Section        0  stm32f1xx_hal_timebase_tim.o(i.HAL_InitTick)
    i.HAL_MspInit                            0x08001390   Section        0  stm32f1xx_hal_msp.o(i.HAL_MspInit)
    i.HAL_NVIC_EnableIRQ                     0x080013f0   Section        0  stm32f1xx_hal_cortex.o(i.HAL_NVIC_EnableIRQ)
    i.HAL_NVIC_SetPriority                   0x08001410   Section        0  stm32f1xx_hal_cortex.o(i.HAL_NVIC_SetPriority)
    i.HAL_NVIC_SetPriorityGrouping           0x0800148c   Section        0  stm32f1xx_hal_cortex.o(i.HAL_NVIC_SetPriorityGrouping)
    i.HAL_RCCEx_PeriphCLKConfig              0x080014b4   Section        0  stm32f1xx_hal_rcc_ex.o(i.HAL_RCCEx_PeriphCLKConfig)
    i.HAL_RCC_ClockConfig                    0x080015e4   Section        0  stm32f1xx_hal_rcc.o(i.HAL_RCC_ClockConfig)
    i.HAL_RCC_GetClockConfig                 0x08001770   Section        0  stm32f1xx_hal_rcc.o(i.HAL_RCC_GetClockConfig)
    i.HAL_RCC_GetHCLKFreq                    0x080017b4   Section        0  stm32f1xx_hal_rcc.o(i.HAL_RCC_GetHCLKFreq)
    i.HAL_RCC_GetPCLK1Freq                   0x080017c0   Section        0  stm32f1xx_hal_rcc.o(i.HAL_RCC_GetPCLK1Freq)
    i.HAL_RCC_GetPCLK2Freq                   0x080017e0   Section        0  stm32f1xx_hal_rcc.o(i.HAL_RCC_GetPCLK2Freq)
    i.HAL_RCC_GetSysClockFreq                0x08001800   Section        0  stm32f1xx_hal_rcc.o(i.HAL_RCC_GetSysClockFreq)
    i.HAL_RCC_OscConfig                      0x08001870   Section        0  stm32f1xx_hal_rcc.o(i.HAL_RCC_OscConfig)
    i.HAL_TIMEx_BreakCallback                0x08001cd4   Section        0  stm32f1xx_hal_tim_ex.o(i.HAL_TIMEx_BreakCallback)
    i.HAL_TIMEx_CommutCallback               0x08001cd6   Section        0  stm32f1xx_hal_tim_ex.o(i.HAL_TIMEx_CommutCallback)
    i.HAL_TIM_Base_Init                      0x08001cd8   Section        0  stm32f1xx_hal_tim.o(i.HAL_TIM_Base_Init)
    i.HAL_TIM_Base_MspInit                   0x08001d3e   Section        0  stm32f1xx_hal_tim.o(i.HAL_TIM_Base_MspInit)
    i.HAL_TIM_Base_Start_IT                  0x08001d40   Section        0  stm32f1xx_hal_tim.o(i.HAL_TIM_Base_Start_IT)
    i.HAL_TIM_IC_CaptureCallback             0x08001db8   Section        0  stm32f1xx_hal_tim.o(i.HAL_TIM_IC_CaptureCallback)
    i.HAL_TIM_IRQHandler                     0x08001dba   Section        0  stm32f1xx_hal_tim.o(i.HAL_TIM_IRQHandler)
    i.HAL_TIM_OC_DelayElapsedCallback        0x08001f26   Section        0  stm32f1xx_hal_tim.o(i.HAL_TIM_OC_DelayElapsedCallback)
    i.HAL_TIM_PWM_PulseFinishedCallback      0x08001f28   Section        0  stm32f1xx_hal_tim.o(i.HAL_TIM_PWM_PulseFinishedCallback)
    i.HAL_TIM_PeriodElapsedCallback          0x08001f2c   Section        0  main.o(i.HAL_TIM_PeriodElapsedCallback)
    i.HAL_TIM_TriggerCallback                0x08001f44   Section        0  stm32f1xx_hal_tim.o(i.HAL_TIM_TriggerCallback)
    i.HAL_UART_Init                          0x08001f46   Section        0  stm32f1xx_hal_uart.o(i.HAL_UART_Init)
    i.HAL_UART_MspInit                       0x08001fbc   Section        0  usart.o(i.HAL_UART_MspInit)
    i.HAL_UART_Transmit                      0x08002040   Section        0  stm32f1xx_hal_uart.o(i.HAL_UART_Transmit)
    i.HardFault_Handler                      0x080020fe   Section        0  stm32f1xx_it.o(i.HardFault_Handler)
    i.I2C_IsAcknowledgeFailed                0x08002102   Section        0  stm32f1xx_hal_i2c.o(i.I2C_IsAcknowledgeFailed)
    I2C_IsAcknowledgeFailed                  0x08002103   Thumb Code    62  stm32f1xx_hal_i2c.o(i.I2C_IsAcknowledgeFailed)
    i.I2C_MasterRequestWrite                 0x08002140   Section        0  stm32f1xx_hal_i2c.o(i.I2C_MasterRequestWrite)
    I2C_MasterRequestWrite                   0x08002141   Thumb Code   186  stm32f1xx_hal_i2c.o(i.I2C_MasterRequestWrite)
    i.I2C_RequestMemoryRead                  0x08002200   Section        0  stm32f1xx_hal_i2c.o(i.I2C_RequestMemoryRead)
    I2C_RequestMemoryRead                    0x08002201   Thumb Code   348  stm32f1xx_hal_i2c.o(i.I2C_RequestMemoryRead)
    i.I2C_WaitOnBTFFlagUntilTimeout          0x08002360   Section        0  stm32f1xx_hal_i2c.o(i.I2C_WaitOnBTFFlagUntilTimeout)
    I2C_WaitOnBTFFlagUntilTimeout            0x08002361   Thumb Code   102  stm32f1xx_hal_i2c.o(i.I2C_WaitOnBTFFlagUntilTimeout)
    i.I2C_WaitOnFlagUntilTimeout             0x080023c6   Section        0  stm32f1xx_hal_i2c.o(i.I2C_WaitOnFlagUntilTimeout)
    I2C_WaitOnFlagUntilTimeout               0x080023c7   Thumb Code   190  stm32f1xx_hal_i2c.o(i.I2C_WaitOnFlagUntilTimeout)
    i.I2C_WaitOnMasterAddressFlagUntilTimeout 0x08002484   Section        0  stm32f1xx_hal_i2c.o(i.I2C_WaitOnMasterAddressFlagUntilTimeout)
    I2C_WaitOnMasterAddressFlagUntilTimeout  0x08002485   Thumb Code   250  stm32f1xx_hal_i2c.o(i.I2C_WaitOnMasterAddressFlagUntilTimeout)
    i.I2C_WaitOnRXNEFlagUntilTimeout         0x0800257e   Section        0  stm32f1xx_hal_i2c.o(i.I2C_WaitOnRXNEFlagUntilTimeout)
    I2C_WaitOnRXNEFlagUntilTimeout           0x0800257f   Thumb Code   138  stm32f1xx_hal_i2c.o(i.I2C_WaitOnRXNEFlagUntilTimeout)
    i.I2C_WaitOnTXEFlagUntilTimeout          0x08002608   Section        0  stm32f1xx_hal_i2c.o(i.I2C_WaitOnTXEFlagUntilTimeout)
    I2C_WaitOnTXEFlagUntilTimeout            0x08002609   Thumb Code   102  stm32f1xx_hal_i2c.o(i.I2C_WaitOnTXEFlagUntilTimeout)
    i.IIC1_Init                              0x08002670   Section        0  iic_hardware.o(i.IIC1_Init)
    i.IIC1_ReadByte                          0x080026e0   Section        0  iic_hardware.o(i.IIC1_ReadByte)
    i.IIC1_WriteByte                         0x0800270c   Section        0  iic_hardware.o(i.IIC1_WriteByte)
    i.MX_ADC1_Init                           0x08002734   Section        0  adc.o(i.MX_ADC1_Init)
    i.MX_DMA_Init                            0x08002790   Section        0  dma.o(i.MX_DMA_Init)
    i.MX_FREERTOS_Init                       0x080027c4   Section        0  freertos.o(i.MX_FREERTOS_Init)
    i.MX_GPIO_Init                           0x0800287c   Section        0  gpio.o(i.MX_GPIO_Init)
    i.MX_I2C2_Init                           0x0800292c   Section        0  i2c.o(i.MX_I2C2_Init)
    i.MX_USART2_UART_Init                    0x08002968   Section        0  usart.o(i.MX_USART2_UART_Init)
    i.MemManage_Handler                      0x080029a0   Section        0  stm32f1xx_it.o(i.MemManage_Handler)
    i.NMI_Handler                            0x080029a4   Section        0  stm32f1xx_it.o(i.NMI_Handler)
    i.OLED_Clear                             0x080029a8   Section        0  oled.o(i.OLED_Clear)
    i.OLED_Horizon                           0x080029d4   Section        0  oled.o(i.OLED_Horizon)
    i.OLED_I2C_Init                          0x08002c20   Section        0  oled.o(i.OLED_I2C_Init)
    i.OLED_I2C_SendByte                      0x08002c54   Section        0  oled.o(i.OLED_I2C_SendByte)
    i.OLED_I2C_Start                         0x08002cac   Section        0  oled.o(i.OLED_I2C_Start)
    i.OLED_I2C_Stop                          0x08002cdc   Section        0  oled.o(i.OLED_I2C_Stop)
    i.OLED_Init                              0x08002d04   Section        0  oled.o(i.OLED_Init)
    i.OLED_SetCursor                         0x08002dd2   Section        0  oled.o(i.OLED_SetCursor)
    i.OLED_ShowChar                          0x08002df4   Section        0  oled.o(i.OLED_ShowChar)
    i.OLED_ShowPicture                       0x08002e68   Section        0  oled.o(i.OLED_ShowPicture)
    i.OLED_ShowString                        0x08002eb8   Section        0  oled.o(i.OLED_ShowString)
    i.OLED_WriteCommand                      0x08002ee0   Section        0  oled.o(i.OLED_WriteCommand)
    i.OLED_WriteData                         0x08002f00   Section        0  oled.o(i.OLED_WriteData)
    i.RCC_Delay                              0x08002f20   Section        0  stm32f1xx_hal_rcc.o(i.RCC_Delay)
    RCC_Delay                                0x08002f21   Thumb Code    36  stm32f1xx_hal_rcc.o(i.RCC_Delay)
    i.StartDefaultTask                       0x08002f48   Section        0  freertos.o(i.StartDefaultTask)
    i.StartTask02                            0x08002f54   Section        0  freertos.o(i.StartTask02)
    i.StartTask03                            0x08002fe4   Section        0  freertos.o(i.StartTask03)
    i.SysTick_Handler                        0x08002fee   Section        0  cmsis_os2.o(i.SysTick_Handler)
    i.SystemClock_Config                     0x08003008   Section        0  main.o(i.SystemClock_Config)
    i.SystemInit                             0x08003076   Section        0  system_stm32f1xx.o(i.SystemInit)
    i.TIM1_UP_IRQHandler                     0x08003078   Section        0  stm32f1xx_it.o(i.TIM1_UP_IRQHandler)
    i.TIM_Base_SetConfig                     0x08003088   Section        0  stm32f1xx_hal_tim.o(i.TIM_Base_SetConfig)
    i.UART_EndRxTransfer                     0x0800310c   Section        0  stm32f1xx_hal_uart.o(i.UART_EndRxTransfer)
    UART_EndRxTransfer                       0x0800310d   Thumb Code   108  stm32f1xx_hal_uart.o(i.UART_EndRxTransfer)
    i.UART_SetConfig                         0x08003178   Section        0  stm32f1xx_hal_uart.o(i.UART_SetConfig)
    UART_SetConfig                           0x08003179   Thumb Code   248  stm32f1xx_hal_uart.o(i.UART_SetConfig)
    i.UART_WaitOnFlagUntilTimeout            0x08003274   Section        0  stm32f1xx_hal_uart.o(i.UART_WaitOnFlagUntilTimeout)
    UART_WaitOnFlagUntilTimeout              0x08003275   Thumb Code   140  stm32f1xx_hal_uart.o(i.UART_WaitOnFlagUntilTimeout)
    i.UsageFault_Handler                     0x08003300   Section        0  stm32f1xx_it.o(i.UsageFault_Handler)
    i.__0printf$1                            0x08003304   Section        0  printf1.o(i.__0printf$1)
    i.__NVIC_GetPriorityGrouping             0x08003324   Section        0  stm32f1xx_hal_cortex.o(i.__NVIC_GetPriorityGrouping)
    __NVIC_GetPriorityGrouping               0x08003325   Thumb Code    10  stm32f1xx_hal_cortex.o(i.__NVIC_GetPriorityGrouping)
    i.__NVIC_SetPriority                     0x08003334   Section        0  stm32f1xx_hal_cortex.o(i.__NVIC_SetPriority)
    __NVIC_SetPriority                       0x08003335   Thumb Code    32  stm32f1xx_hal_cortex.o(i.__NVIC_SetPriority)
    i.__scatterload_copy                     0x0800335c   Section       14  handlers.o(i.__scatterload_copy)
    i.__scatterload_null                     0x0800336a   Section        2  handlers.o(i.__scatterload_null)
    i.__scatterload_zeroinit                 0x0800336c   Section       14  handlers.o(i.__scatterload_zeroinit)
    i._printf_core                           0x0800337c   Section        0  printf1.o(i._printf_core)
    _printf_core                             0x0800337d   Thumb Code   336  printf1.o(i._printf_core)
    i.fputc                                  0x080034d0   Section        0  main.o(i.fputc)
    i.main                                   0x080035e8   Section        0  main.o(i.main)
    i.osDelay                                0x08003620   Section        0  cmsis_os2.o(i.osDelay)
    i.osKernelInitialize                     0x08003640   Section        0  cmsis_os2.o(i.osKernelInitialize)
    i.osKernelStart                          0x08003668   Section        0  cmsis_os2.o(i.osKernelStart)
    i.osMessageQueueNew                      0x080036a0   Section        0  cmsis_os2.o(i.osMessageQueueNew)
    i.osMutexNew                             0x08003728   Section        0  cmsis_os2.o(i.osMutexNew)
    i.osSemaphoreNew                         0x080037c4   Section        0  cmsis_os2.o(i.osSemaphoreNew)
    i.osThreadNew                            0x08003878   Section        0  cmsis_os2.o(i.osThreadNew)
    i.prvAddCurrentTaskToDelayedList         0x08003934   Section        0  tasks.o(i.prvAddCurrentTaskToDelayedList)
    prvAddCurrentTaskToDelayedList           0x08003935   Thumb Code    88  tasks.o(i.prvAddCurrentTaskToDelayedList)
    i.prvAddNewTaskToReadyList               0x08003994   Section        0  tasks.o(i.prvAddNewTaskToReadyList)
    prvAddNewTaskToReadyList                 0x08003995   Thumb Code   124  tasks.o(i.prvAddNewTaskToReadyList)
    i.prvCheckForValidListAndQueue           0x08003a1c   Section        0  timers.o(i.prvCheckForValidListAndQueue)
    prvCheckForValidListAndQueue             0x08003a1d   Thumb Code    68  timers.o(i.prvCheckForValidListAndQueue)
    i.prvCheckTasksWaitingTermination        0x08003a78   Section        0  tasks.o(i.prvCheckTasksWaitingTermination)
    prvCheckTasksWaitingTermination          0x08003a79   Thumb Code    56  tasks.o(i.prvCheckTasksWaitingTermination)
    i.prvCopyDataFromQueue                   0x08003ab8   Section        0  queue.o(i.prvCopyDataFromQueue)
    prvCopyDataFromQueue                     0x08003ab9   Thumb Code    36  queue.o(i.prvCopyDataFromQueue)
    i.prvCopyDataToQueue                     0x08003adc   Section        0  queue.o(i.prvCopyDataToQueue)
    prvCopyDataToQueue                       0x08003add   Thumb Code   110  queue.o(i.prvCopyDataToQueue)
    i.prvDeleteTCB                           0x08003b4a   Section        0  tasks.o(i.prvDeleteTCB)
    prvDeleteTCB                             0x08003b4b   Thumb Code    64  tasks.o(i.prvDeleteTCB)
    i.prvGetDisinheritPriorityAfterTimeout   0x08003b8a   Section        0  queue.o(i.prvGetDisinheritPriorityAfterTimeout)
    prvGetDisinheritPriorityAfterTimeout     0x08003b8b   Thumb Code    20  queue.o(i.prvGetDisinheritPriorityAfterTimeout)
    i.prvGetNextExpireTime                   0x08003ba0   Section        0  timers.o(i.prvGetNextExpireTime)
    prvGetNextExpireTime                     0x08003ba1   Thumb Code    30  timers.o(i.prvGetNextExpireTime)
    i.prvHeapInit                            0x08003bc4   Section        0  heap_4.o(i.prvHeapInit)
    prvHeapInit                              0x08003bc5   Thumb Code    70  heap_4.o(i.prvHeapInit)
    i.prvIdleTask                            0x08003c14   Section        0  tasks.o(i.prvIdleTask)
    prvIdleTask                              0x08003c15   Thumb Code    30  tasks.o(i.prvIdleTask)
    i.prvInitialiseMutex                     0x08003c3c   Section        0  queue.o(i.prvInitialiseMutex)
    prvInitialiseMutex                       0x08003c3d   Thumb Code    24  queue.o(i.prvInitialiseMutex)
    i.prvInitialiseNewQueue                  0x08003c54   Section        0  queue.o(i.prvInitialiseNewQueue)
    prvInitialiseNewQueue                    0x08003c55   Thumb Code    34  queue.o(i.prvInitialiseNewQueue)
    i.prvInitialiseNewTask                   0x08003c76   Section        0  tasks.o(i.prvInitialiseNewTask)
    prvInitialiseNewTask                     0x08003c77   Thumb Code   148  tasks.o(i.prvInitialiseNewTask)
    i.prvInitialiseTaskLists                 0x08003d0c   Section        0  tasks.o(i.prvInitialiseTaskLists)
    prvInitialiseTaskLists                   0x08003d0d   Thumb Code    66  tasks.o(i.prvInitialiseTaskLists)
    i.prvInsertBlockIntoFreeList             0x08003d6c   Section        0  heap_4.o(i.prvInsertBlockIntoFreeList)
    prvInsertBlockIntoFreeList               0x08003d6d   Thumb Code    84  heap_4.o(i.prvInsertBlockIntoFreeList)
    i.prvInsertTimerInActiveList             0x08003dc8   Section        0  timers.o(i.prvInsertTimerInActiveList)
    prvInsertTimerInActiveList               0x08003dc9   Thumb Code    66  timers.o(i.prvInsertTimerInActiveList)
    i.prvIsQueueEmpty                        0x08003e10   Section        0  queue.o(i.prvIsQueueEmpty)
    prvIsQueueEmpty                          0x08003e11   Thumb Code    26  queue.o(i.prvIsQueueEmpty)
    i.prvIsQueueFull                         0x08003e2a   Section        0  queue.o(i.prvIsQueueFull)
    prvIsQueueFull                           0x08003e2b   Thumb Code    30  queue.o(i.prvIsQueueFull)
    i.prvProcessExpiredTimer                 0x08003e48   Section        0  timers.o(i.prvProcessExpiredTimer)
    prvProcessExpiredTimer                   0x08003e49   Thumb Code   100  timers.o(i.prvProcessExpiredTimer)
    i.prvProcessReceivedCommands             0x08003eb0   Section        0  timers.o(i.prvProcessReceivedCommands)
    prvProcessReceivedCommands               0x08003eb1   Thumb Code   268  timers.o(i.prvProcessReceivedCommands)
    i.prvProcessTimerOrBlockTask             0x08003fc0   Section        0  timers.o(i.prvProcessTimerOrBlockTask)
    prvProcessTimerOrBlockTask               0x08003fc1   Thumb Code   100  timers.o(i.prvProcessTimerOrBlockTask)
    i.prvResetNextTaskUnblockTime            0x0800402c   Section        0  tasks.o(i.prvResetNextTaskUnblockTime)
    prvResetNextTaskUnblockTime              0x0800402d   Thumb Code    30  tasks.o(i.prvResetNextTaskUnblockTime)
    i.prvSampleTimeNow                       0x08004050   Section        0  timers.o(i.prvSampleTimeNow)
    prvSampleTimeNow                         0x08004051   Thumb Code    38  timers.o(i.prvSampleTimeNow)
    i.prvSwitchTimerLists                    0x0800407c   Section        0  timers.o(i.prvSwitchTimerLists)
    prvSwitchTimerLists                      0x0800407d   Thumb Code   116  timers.o(i.prvSwitchTimerLists)
    i.prvTaskExitError                       0x080040f4   Section        0  port.o(i.prvTaskExitError)
    prvTaskExitError                         0x080040f5   Thumb Code    42  port.o(i.prvTaskExitError)
    i.prvTimerTask                           0x08004124   Section        0  timers.o(i.prvTimerTask)
    prvTimerTask                             0x08004125   Thumb Code    20  timers.o(i.prvTimerTask)
    i.prvUnlockQueue                         0x08004138   Section        0  queue.o(i.prvUnlockQueue)
    prvUnlockQueue                           0x08004139   Thumb Code   104  queue.o(i.prvUnlockQueue)
    i.pvPortMalloc                           0x080041a0   Section        0  heap_4.o(i.pvPortMalloc)
    i.pvTaskIncrementMutexHeldCount          0x08004288   Section        0  tasks.o(i.pvTaskIncrementMutexHeldCount)
    i.pxPortInitialiseStack                  0x080042a0   Section        0  port.o(i.pxPortInitialiseStack)
    i.uxListRemove                           0x080042c4   Section        0  list.o(i.uxListRemove)
    i.vApplicationGetIdleTaskMemory          0x080042ec   Section        0  cmsis_os2.o(i.vApplicationGetIdleTaskMemory)
    i.vApplicationGetTimerTaskMemory         0x08004300   Section        0  cmsis_os2.o(i.vApplicationGetTimerTaskMemory)
    i.vListInitialise                        0x08004318   Section        0  list.o(i.vListInitialise)
    i.vListInitialiseItem                    0x0800432e   Section        0  list.o(i.vListInitialiseItem)
    i.vListInsert                            0x08004334   Section        0  list.o(i.vListInsert)
    i.vListInsertEnd                         0x0800436a   Section        0  list.o(i.vListInsertEnd)
    i.vPortEnterCritical                     0x08004384   Section        0  port.o(i.vPortEnterCritical)
    i.vPortExitCritical                      0x080043c4   Section        0  port.o(i.vPortExitCritical)
    i.vPortFree                              0x080043f0   Section        0  heap_4.o(i.vPortFree)
    i.vPortSetupTimerInterrupt               0x08004454   Section        0  port.o(i.vPortSetupTimerInterrupt)
    i.vPortValidateInterruptPriority         0x08004478   Section        0  port.o(i.vPortValidateInterruptPriority)
    i.vQueueAddToRegistry                    0x080044cc   Section        0  queue.o(i.vQueueAddToRegistry)
    i.vQueueDelete                           0x080044f4   Section        0  queue.o(i.vQueueDelete)
    i.vQueueUnregisterQueue                  0x08004528   Section        0  queue.o(i.vQueueUnregisterQueue)
    i.vQueueWaitForMessageRestricted         0x08004550   Section        0  queue.o(i.vQueueWaitForMessageRestricted)
    i.vTaskDelay                             0x0800459c   Section        0  tasks.o(i.vTaskDelay)
    i.vTaskInternalSetTimeOutState           0x080045ec   Section        0  tasks.o(i.vTaskInternalSetTimeOutState)
    i.vTaskMissedYield                       0x080045fc   Section        0  tasks.o(i.vTaskMissedYield)
    i.vTaskPlaceOnEventList                  0x08004608   Section        0  tasks.o(i.vTaskPlaceOnEventList)
    i.vTaskPlaceOnEventListRestricted        0x0800463c   Section        0  tasks.o(i.vTaskPlaceOnEventListRestricted)
    i.vTaskPriorityDisinheritAfterTimeout    0x08004678   Section        0  tasks.o(i.vTaskPriorityDisinheritAfterTimeout)
    i.vTaskStartScheduler                    0x0800470c   Section        0  tasks.o(i.vTaskStartScheduler)
    i.vTaskSuspendAll                        0x0800479c   Section        0  tasks.o(i.vTaskSuspendAll)
    i.vTaskSwitchContext                     0x080047ac   Section        0  tasks.o(i.vTaskSwitchContext)
    i.xPortStartScheduler                    0x08004818   Section        0  port.o(i.xPortStartScheduler)
    i.xPortSysTickHandler                    0x080048cc   Section        0  port.o(i.xPortSysTickHandler)
    i.xQueueCreateCountingSemaphore          0x080048f8   Section        0  queue.o(i.xQueueCreateCountingSemaphore)
    i.xQueueCreateCountingSemaphoreStatic    0x08004934   Section        0  queue.o(i.xQueueCreateCountingSemaphoreStatic)
    i.xQueueCreateMutex                      0x08004976   Section        0  queue.o(i.xQueueCreateMutex)
    i.xQueueCreateMutexStatic                0x0800498e   Section        0  queue.o(i.xQueueCreateMutexStatic)
    i.xQueueGenericCreate                    0x080049aa   Section        0  queue.o(i.xQueueGenericCreate)
    i.xQueueGenericCreateStatic              0x080049ee   Section        0  queue.o(i.xQueueGenericCreateStatic)
    i.xQueueGenericReset                     0x08004a60   Section        0  queue.o(i.xQueueGenericReset)
    i.xQueueGenericSend                      0x08004af0   Section        0  queue.o(i.xQueueGenericSend)
    i.xQueueGenericSendFromISR               0x08004c60   Section        0  queue.o(i.xQueueGenericSendFromISR)
    i.xQueueReceive                          0x08004d20   Section        0  queue.o(i.xQueueReceive)
    i.xQueueSemaphoreTake                    0x08004e68   Section        0  queue.o(i.xQueueSemaphoreTake)
    i.xTaskCheckForTimeOut                   0x08004fec   Section        0  tasks.o(i.xTaskCheckForTimeOut)
    i.xTaskCreate                            0x0800506c   Section        0  tasks.o(i.xTaskCreate)
    i.xTaskCreateStatic                      0x080050d8   Section        0  tasks.o(i.xTaskCreateStatic)
    i.xTaskGetSchedulerState                 0x08005138   Section        0  tasks.o(i.xTaskGetSchedulerState)
    i.xTaskGetTickCount                      0x08005154   Section        0  tasks.o(i.xTaskGetTickCount)
    i.xTaskIncrementTick                     0x08005160   Section        0  tasks.o(i.xTaskIncrementTick)
    i.xTaskPriorityDisinherit                0x0800522c   Section        0  tasks.o(i.xTaskPriorityDisinherit)
    i.xTaskPriorityInherit                   0x080052ac   Section        0  tasks.o(i.xTaskPriorityInherit)
    i.xTaskRemoveFromEventList               0x0800532c   Section        0  tasks.o(i.xTaskRemoveFromEventList)
    i.xTaskResumeAll                         0x080053a4   Section        0  tasks.o(i.xTaskResumeAll)
    i.xTimerCreateTimerTask                  0x08005470   Section        0  timers.o(i.xTimerCreateTimerTask)
    i.xTimerGenericCommand                   0x080054d8   Section        0  timers.o(i.xTimerGenericCommand)
    .constdata                               0x0800554c   Section     1520  oled.o(.constdata)
    .constdata                               0x08005b3c   Section      196  freertos.o(.constdata)
    .constdata                               0x08005c00   Section       18  stm32f1xx_hal_rcc.o(.constdata)
    aPLLMULFactorTable                       0x08005c00   Data          16  stm32f1xx_hal_rcc.o(.constdata)
    aPredivFactorTable                       0x08005c10   Data           2  stm32f1xx_hal_rcc.o(.constdata)
    .constdata                               0x08005c12   Section       24  system_stm32f1xx.o(.constdata)
    .conststring                             0x08005c2c   Section      104  freertos.o(.conststring)
    .data                                    0x20000000   Section        8  main.o(.data)
    .data                                    0x20000008   Section       32  freertos.o(.data)
    .data                                    0x20000028   Section        9  stm32f1xx_hal.o(.data)
    .data                                    0x20000034   Section        4  system_stm32f1xx.o(.data)
    .data                                    0x20000038   Section       60  tasks.o(.data)
    uxDeletedTasksWaitingCleanUp             0x2000003c   Data           4  tasks.o(.data)
    uxCurrentNumberOfTasks                   0x20000040   Data           4  tasks.o(.data)
    xTickCount                               0x20000044   Data           4  tasks.o(.data)
    uxTopReadyPriority                       0x20000048   Data           4  tasks.o(.data)
    xSchedulerRunning                        0x2000004c   Data           4  tasks.o(.data)
    xPendedTicks                             0x20000050   Data           4  tasks.o(.data)
    xYieldPending                            0x20000054   Data           4  tasks.o(.data)
    xNumOfOverflows                          0x20000058   Data           4  tasks.o(.data)
    uxTaskNumber                             0x2000005c   Data           4  tasks.o(.data)
    xNextTaskUnblockTime                     0x20000060   Data           4  tasks.o(.data)
    xIdleTaskHandle                          0x20000064   Data           4  tasks.o(.data)
    uxSchedulerSuspended                     0x20000068   Data           4  tasks.o(.data)
    pxDelayedTaskList                        0x2000006c   Data           4  tasks.o(.data)
    pxOverflowDelayedTaskList                0x20000070   Data           4  tasks.o(.data)
    .data                                    0x20000074   Section       20  timers.o(.data)
    xTimerQueue                              0x20000074   Data           4  timers.o(.data)
    xTimerTaskHandle                         0x20000078   Data           4  timers.o(.data)
    xLastTime                                0x2000007c   Data           4  timers.o(.data)
    pxCurrentTimerList                       0x20000080   Data           4  timers.o(.data)
    pxOverflowTimerList                      0x20000084   Data           4  timers.o(.data)
    .data                                    0x20000088   Section        4  cmsis_os2.o(.data)
    KernelState                              0x20000088   Data           4  cmsis_os2.o(.data)
    .data                                    0x2000008c   Section       32  heap_4.o(.data)
    pxEnd                                    0x2000008c   Data           4  heap_4.o(.data)
    xFreeBytesRemaining                      0x20000090   Data           4  heap_4.o(.data)
    xMinimumEverFreeBytesRemaining           0x20000094   Data           4  heap_4.o(.data)
    xNumberOfSuccessfulAllocations           0x20000098   Data           4  heap_4.o(.data)
    xNumberOfSuccessfulFrees                 0x2000009c   Data           4  heap_4.o(.data)
    xBlockAllocatedBit                       0x200000a0   Data           4  heap_4.o(.data)
    xStart                                   0x200000a4   Data           8  heap_4.o(.data)
    .data                                    0x200000ac   Section       12  port.o(.data)
    ucMaxSysCallPriority                     0x200000ac   Data           1  port.o(.data)
    uxCriticalNesting                        0x200000b0   Data           4  port.o(.data)
    ulMaxPRIGROUPValue                       0x200000b4   Data           4  port.o(.data)
    .data                                    0x200000b8   Section        4  stdout.o(.data)
    .bss                                     0x200000bc   Section     1024  oled.o(.bss)
    .bss                                     0x200004c0   Section       64  main.o(.bss)
    .bss                                     0x20000500   Section      116  adc.o(.bss)
    .bss                                     0x20000574   Section       84  i2c.o(.bss)
    .bss                                     0x200005c8   Section       72  usart.o(.bss)
    .bss                                     0x20000610   Section       72  stm32f1xx_hal_timebase_tim.o(.bss)
    .bss                                     0x20000658   Section       64  queue.o(.bss)
    .bss                                     0x20000698   Section     1220  tasks.o(.bss)
    pxReadyTasksLists                        0x20000698   Data        1120  tasks.o(.bss)
    xDelayedTaskList1                        0x20000af8   Data          20  tasks.o(.bss)
    xDelayedTaskList2                        0x20000b0c   Data          20  tasks.o(.bss)
    xPendingReadyList                        0x20000b20   Data          20  tasks.o(.bss)
    xTasksWaitingTermination                 0x20000b34   Data          20  tasks.o(.bss)
    xSuspendedTaskList                       0x20000b48   Data          20  tasks.o(.bss)
    .bss                                     0x20000b5c   Section      280  timers.o(.bss)
    xStaticTimerQueue                        0x20000b5c   Data          80  timers.o(.bss)
    ucStaticTimerQueueStorage                0x20000bac   Data         160  timers.o(.bss)
    xActiveTimerList1                        0x20000c4c   Data          20  timers.o(.bss)
    xActiveTimerList2                        0x20000c60   Data          20  timers.o(.bss)
    .bss                                     0x20000c74   Section     1720  cmsis_os2.o(.bss)
    Idle_TCB                                 0x20000c74   Data          92  cmsis_os2.o(.bss)
    Idle_Stack                               0x20000cd0   Data         512  cmsis_os2.o(.bss)
    Timer_TCB                                0x20000ed0   Data          92  cmsis_os2.o(.bss)
    Timer_Stack                              0x20000f2c   Data        1024  cmsis_os2.o(.bss)
    .bss                                     0x2000132c   Section     3072  heap_4.o(.bss)
    ucHeap                                   0x2000132c   Data        3072  heap_4.o(.bss)
    STACK                                    0x20001f30   Section     1024  startup_stm32f103xb.o(STACK)

    Global Symbols

    Symbol Name                              Value     Ov Type        Size  Object(Section)

    BuildAttributes$$THM_ISAv4$P$D$K$B$S$PE$A:L22UL41UL21$X:L11$S22US41US21$IEEE1$IW$USESV6$~STKCKD$USESV7$~SHL$OTIME$ROPI$EBA8$MICROLIB$REQ8$PRES8$EABIv2 0x00000000   Number         0  anon$$obj.o ABSOLUTE
    __ARM_use_no_argv                        0x00000000   Number         0  main.o ABSOLUTE
    _printf_a                                0x00000000   Number         0  stubs.o ABSOLUTE
    _printf_c                                0x00000000   Number         0  stubs.o ABSOLUTE
    _printf_charcount                        0x00000000   Number         0  stubs.o ABSOLUTE
    _printf_d                                0x00000000   Number         0  stubs.o ABSOLUTE
    _printf_e                                0x00000000   Number         0  stubs.o ABSOLUTE
    _printf_f                                0x00000000   Number         0  stubs.o ABSOLUTE
    _printf_flags                            0x00000000   Number         0  stubs.o ABSOLUTE
    _printf_fp_dec                           0x00000000   Number         0  stubs.o ABSOLUTE
    _printf_fp_hex                           0x00000000   Number         0  stubs.o ABSOLUTE
    _printf_g                                0x00000000   Number         0  stubs.o ABSOLUTE
    _printf_i                                0x00000000   Number         0  stubs.o ABSOLUTE
    _printf_int_dec                          0x00000000   Number         0  stubs.o ABSOLUTE
    _printf_l                                0x00000000   Number         0  stubs.o ABSOLUTE
    _printf_lc                               0x00000000   Number         0  stubs.o ABSOLUTE
    _printf_ll                               0x00000000   Number         0  stubs.o ABSOLUTE
    _printf_lld                              0x00000000   Number         0  stubs.o ABSOLUTE
    _printf_lli                              0x00000000   Number         0  stubs.o ABSOLUTE
    _printf_llo                              0x00000000   Number         0  stubs.o ABSOLUTE
    _printf_llu                              0x00000000   Number         0  stubs.o ABSOLUTE
    _printf_llx                              0x00000000   Number         0  stubs.o ABSOLUTE
    _printf_longlong_dec                     0x00000000   Number         0  stubs.o ABSOLUTE
    _printf_longlong_hex                     0x00000000   Number         0  stubs.o ABSOLUTE
    _printf_longlong_oct                     0x00000000   Number         0  stubs.o ABSOLUTE
    _printf_ls                               0x00000000   Number         0  stubs.o ABSOLUTE
    _printf_mbtowc                           0x00000000   Number         0  stubs.o ABSOLUTE
    _printf_n                                0x00000000   Number         0  stubs.o ABSOLUTE
    _printf_o                                0x00000000   Number         0  stubs.o ABSOLUTE
    _printf_p                                0x00000000   Number         0  stubs.o ABSOLUTE
    _printf_percent                          0x00000000   Number         0  stubs.o ABSOLUTE
    _printf_pre_padding                      0x00000000   Number         0  stubs.o ABSOLUTE
    _printf_return_value                     0x00000000   Number         0  stubs.o ABSOLUTE
    _printf_s                                0x00000000   Number         0  stubs.o ABSOLUTE
    _printf_sizespec                         0x00000000   Number         0  stubs.o ABSOLUTE
    _printf_str                              0x00000000   Number         0  stubs.o ABSOLUTE
    _printf_truncate_signed                  0x00000000   Number         0  stubs.o ABSOLUTE
    _printf_truncate_unsigned                0x00000000   Number         0  stubs.o ABSOLUTE
    _printf_u                                0x00000000   Number         0  stubs.o ABSOLUTE
    _printf_wc                               0x00000000   Number         0  stubs.o ABSOLUTE
    _printf_wctomb                           0x00000000   Number         0  stubs.o ABSOLUTE
    _printf_widthprec                        0x00000000   Number         0  stubs.o ABSOLUTE
    _printf_x                                0x00000000   Number         0  stubs.o ABSOLUTE
    __cpp_initialize__aeabi_                  - Undefined Weak Reference
    __cxa_finalize                            - Undefined Weak Reference
    __decompress                              - Undefined Weak Reference
    _clock_init                               - Undefined Weak Reference
    _microlib_exit                            - Undefined Weak Reference
    __Vectors_Size                           0x000000ec   Number         0  startup_stm32f103xb.o ABSOLUTE
    __Vectors                                0x08000000   Data           4  startup_stm32f103xb.o(RESET)
    __Vectors_End                            0x080000ec   Data           0  startup_stm32f103xb.o(RESET)
    __main                                   0x080000ed   Thumb Code     0  entry.o(.ARM.Collect$$$$00000000)
    _main_stk                                0x080000ed   Thumb Code     0  entry2.o(.ARM.Collect$$$$00000001)
    _main_scatterload                        0x080000f1   Thumb Code     0  entry5.o(.ARM.Collect$$$$00000004)
    __main_after_scatterload                 0x080000f5   Thumb Code     0  entry5.o(.ARM.Collect$$$$00000004)
    _main_clock                              0x080000f5   Thumb Code     0  entry7b.o(.ARM.Collect$$$$00000008)
    _main_cpp_init                           0x080000f5   Thumb Code     0  entry8b.o(.ARM.Collect$$$$0000000A)
    _main_init                               0x080000f5   Thumb Code     0  entry9a.o(.ARM.Collect$$$$0000000B)
    __rt_final_cpp                           0x080000fd   Thumb Code     0  entry10a.o(.ARM.Collect$$$$0000000D)
    __rt_final_exit                          0x080000fd   Thumb Code     0  entry11a.o(.ARM.Collect$$$$0000000F)
    SVC_Handler                              0x08000101   Thumb Code    32  port.o(.emb_text)
    __asm___6_port_c_39a90d8d__prvStartFirstTask 0x08000125   Thumb Code    28  port.o(.emb_text)
    PendSV_Handler                           0x08000145   Thumb Code    72  port.o(.emb_text)
    vPortGetIPSR                             0x08000191   Thumb Code     6  port.o(.emb_text)
    Reset_Handler                            0x08000199   Thumb Code     8  startup_stm32f103xb.o(.text)
    ADC1_2_IRQHandler                        0x080001b3   Thumb Code     0  startup_stm32f103xb.o(.text)
    CAN1_RX1_IRQHandler                      0x080001b3   Thumb Code     0  startup_stm32f103xb.o(.text)
    CAN1_SCE_IRQHandler                      0x080001b3   Thumb Code     0  startup_stm32f103xb.o(.text)
    DMA1_Channel2_IRQHandler                 0x080001b3   Thumb Code     0  startup_stm32f103xb.o(.text)
    DMA1_Channel3_IRQHandler                 0x080001b3   Thumb Code     0  startup_stm32f103xb.o(.text)
    DMA1_Channel4_IRQHandler                 0x080001b3   Thumb Code     0  startup_stm32f103xb.o(.text)
    DMA1_Channel5_IRQHandler                 0x080001b3   Thumb Code     0  startup_stm32f103xb.o(.text)
    DMA1_Channel6_IRQHandler                 0x080001b3   Thumb Code     0  startup_stm32f103xb.o(.text)
    DMA1_Channel7_IRQHandler                 0x080001b3   Thumb Code     0  startup_stm32f103xb.o(.text)
    EXTI0_IRQHandler                         0x080001b3   Thumb Code     0  startup_stm32f103xb.o(.text)
    EXTI15_10_IRQHandler                     0x080001b3   Thumb Code     0  startup_stm32f103xb.o(.text)
    EXTI1_IRQHandler                         0x080001b3   Thumb Code     0  startup_stm32f103xb.o(.text)
    EXTI2_IRQHandler                         0x080001b3   Thumb Code     0  startup_stm32f103xb.o(.text)
    EXTI3_IRQHandler                         0x080001b3   Thumb Code     0  startup_stm32f103xb.o(.text)
    EXTI4_IRQHandler                         0x080001b3   Thumb Code     0  startup_stm32f103xb.o(.text)
    EXTI9_5_IRQHandler                       0x080001b3   Thumb Code     0  startup_stm32f103xb.o(.text)
    FLASH_IRQHandler                         0x080001b3   Thumb Code     0  startup_stm32f103xb.o(.text)
    I2C1_ER_IRQHandler                       0x080001b3   Thumb Code     0  startup_stm32f103xb.o(.text)
    I2C1_EV_IRQHandler                       0x080001b3   Thumb Code     0  startup_stm32f103xb.o(.text)
    I2C2_ER_IRQHandler                       0x080001b3   Thumb Code     0  startup_stm32f103xb.o(.text)
    I2C2_EV_IRQHandler                       0x080001b3   Thumb Code     0  startup_stm32f103xb.o(.text)
    PVD_IRQHandler                           0x080001b3   Thumb Code     0  startup_stm32f103xb.o(.text)
    RCC_IRQHandler                           0x080001b3   Thumb Code     0  startup_stm32f103xb.o(.text)
    RTC_Alarm_IRQHandler                     0x080001b3   Thumb Code     0  startup_stm32f103xb.o(.text)
    RTC_IRQHandler                           0x080001b3   Thumb Code     0  startup_stm32f103xb.o(.text)
    SPI1_IRQHandler                          0x080001b3   Thumb Code     0  startup_stm32f103xb.o(.text)
    SPI2_IRQHandler                          0x080001b3   Thumb Code     0  startup_stm32f103xb.o(.text)
    TAMPER_IRQHandler                        0x080001b3   Thumb Code     0  startup_stm32f103xb.o(.text)
    TIM1_BRK_IRQHandler                      0x080001b3   Thumb Code     0  startup_stm32f103xb.o(.text)
    TIM1_CC_IRQHandler                       0x080001b3   Thumb Code     0  startup_stm32f103xb.o(.text)
    TIM1_TRG_COM_IRQHandler                  0x080001b3   Thumb Code     0  startup_stm32f103xb.o(.text)
    TIM2_IRQHandler                          0x080001b3   Thumb Code     0  startup_stm32f103xb.o(.text)
    TIM3_IRQHandler                          0x080001b3   Thumb Code     0  startup_stm32f103xb.o(.text)
    TIM4_IRQHandler                          0x080001b3   Thumb Code     0  startup_stm32f103xb.o(.text)
    USART1_IRQHandler                        0x080001b3   Thumb Code     0  startup_stm32f103xb.o(.text)
    USART2_IRQHandler                        0x080001b3   Thumb Code     0  startup_stm32f103xb.o(.text)
    USART3_IRQHandler                        0x080001b3   Thumb Code     0  startup_stm32f103xb.o(.text)
    USBWakeUp_IRQHandler                     0x080001b3   Thumb Code     0  startup_stm32f103xb.o(.text)
    USB_HP_CAN1_TX_IRQHandler                0x080001b3   Thumb Code     0  startup_stm32f103xb.o(.text)
    USB_LP_CAN1_RX0_IRQHandler               0x080001b3   Thumb Code     0  startup_stm32f103xb.o(.text)
    WWDG_IRQHandler                          0x080001b3   Thumb Code     0  startup_stm32f103xb.o(.text)
    __aeabi_memcpy                           0x080001bd   Thumb Code    36  memcpya.o(.text)
    __aeabi_memcpy4                          0x080001bd   Thumb Code     0  memcpya.o(.text)
    __aeabi_memcpy8                          0x080001bd   Thumb Code     0  memcpya.o(.text)
    __aeabi_memset                           0x080001e1   Thumb Code    14  memseta.o(.text)
    __aeabi_memset4                          0x080001e1   Thumb Code     0  memseta.o(.text)
    __aeabi_memset8                          0x080001e1   Thumb Code     0  memseta.o(.text)
    __aeabi_memclr                           0x080001ef   Thumb Code     4  memseta.o(.text)
    __aeabi_memclr4                          0x080001ef   Thumb Code     0  memseta.o(.text)
    __aeabi_memclr8                          0x080001ef   Thumb Code     0  memseta.o(.text)
    memset                                   0x080001f3   Thumb Code    18  memseta.o(.text)
    __aeabi_uidiv                            0x08000205   Thumb Code     0  uidiv.o(.text)
    __aeabi_uidivmod                         0x08000205   Thumb Code    44  uidiv.o(.text)
    __scatterload                            0x08000231   Thumb Code    28  init.o(.text)
    __scatterload_rt2                        0x08000231   Thumb Code     0  init.o(.text)
    ADC_ConversionStop_Disable               0x08000255   Thumb Code    92  stm32f1xx_hal_adc.o(i.ADC_ConversionStop_Disable)
    BusFault_Handler                         0x080002b1   Thumb Code     4  stm32f1xx_it.o(i.BusFault_Handler)
    DMA1_Channel1_IRQHandler                 0x080002b5   Thumb Code    10  stm32f1xx_it.o(i.DMA1_Channel1_IRQHandler)
    DebugMon_Handler                         0x080002c5   Thumb Code     2  stm32f1xx_it.o(i.DebugMon_Handler)
    Error_Handler                            0x080002c7   Thumb Code     6  main.o(i.Error_Handler)
    HAL_ADC_ConfigChannel                    0x080002cd   Thumb Code   338  stm32f1xx_hal_adc.o(i.HAL_ADC_ConfigChannel)
    HAL_ADC_Init                             0x0800042d   Thumb Code   314  stm32f1xx_hal_adc.o(i.HAL_ADC_Init)
    HAL_ADC_MspInit                          0x08000571   Thumb Code   154  adc.o(i.HAL_ADC_MspInit)
    HAL_DMA_IRQHandler                       0x08000621   Thumb Code   408  stm32f1xx_hal_dma.o(i.HAL_DMA_IRQHandler)
    HAL_DMA_Init                             0x080007bd   Thumb Code   100  stm32f1xx_hal_dma.o(i.HAL_DMA_Init)
    HAL_Delay                                0x08000825   Thumb Code    36  stm32f1xx_hal.o(i.HAL_Delay)
    HAL_GPIO_Init                            0x0800084d   Thumb Code   766  stm32f1xx_hal_gpio.o(i.HAL_GPIO_Init)
    HAL_GPIO_WritePin                        0x08000b6d   Thumb Code    12  stm32f1xx_hal_gpio.o(i.HAL_GPIO_WritePin)
    HAL_GetTick                              0x08000b79   Thumb Code     6  stm32f1xx_hal.o(i.HAL_GetTick)
    HAL_I2C_Init                             0x08000b85   Thumb Code   446  stm32f1xx_hal_i2c.o(i.HAL_I2C_Init)
    HAL_I2C_Master_Transmit                  0x08000d55   Thumb Code   360  stm32f1xx_hal_i2c.o(i.HAL_I2C_Master_Transmit)
    HAL_I2C_Mem_Read                         0x08000ec5   Thumb Code   868  stm32f1xx_hal_i2c.o(i.HAL_I2C_Mem_Read)
    HAL_I2C_MspInit                          0x08001239   Thumb Code   106  i2c.o(i.HAL_I2C_MspInit)
    HAL_IncTick                              0x080012b1   Thumb Code    16  stm32f1xx_hal.o(i.HAL_IncTick)
    HAL_Init                                 0x080012c9   Thumb Code    34  stm32f1xx_hal.o(i.HAL_Init)
    HAL_InitTick                             0x080012f1   Thumb Code   138  stm32f1xx_hal_timebase_tim.o(i.HAL_InitTick)
    HAL_MspInit                              0x08001391   Thumb Code    86  stm32f1xx_hal_msp.o(i.HAL_MspInit)
    HAL_NVIC_EnableIRQ                       0x080013f1   Thumb Code    32  stm32f1xx_hal_cortex.o(i.HAL_NVIC_EnableIRQ)
    HAL_NVIC_SetPriority                     0x08001411   Thumb Code   124  stm32f1xx_hal_cortex.o(i.HAL_NVIC_SetPriority)
    HAL_NVIC_SetPriorityGrouping             0x0800148d   Thumb Code    32  stm32f1xx_hal_cortex.o(i.HAL_NVIC_SetPriorityGrouping)
    HAL_RCCEx_PeriphCLKConfig                0x080014b5   Thumb Code   290  stm32f1xx_hal_rcc_ex.o(i.HAL_RCCEx_PeriphCLKConfig)
    HAL_RCC_ClockConfig                      0x080015e5   Thumb Code   376  stm32f1xx_hal_rcc.o(i.HAL_RCC_ClockConfig)
    HAL_RCC_GetClockConfig                   0x08001771   Thumb Code    58  stm32f1xx_hal_rcc.o(i.HAL_RCC_GetClockConfig)
    HAL_RCC_GetHCLKFreq                      0x080017b5   Thumb Code     6  stm32f1xx_hal_rcc.o(i.HAL_RCC_GetHCLKFreq)
    HAL_RCC_GetPCLK1Freq                     0x080017c1   Thumb Code    22  stm32f1xx_hal_rcc.o(i.HAL_RCC_GetPCLK1Freq)
    HAL_RCC_GetPCLK2Freq                     0x080017e1   Thumb Code    22  stm32f1xx_hal_rcc.o(i.HAL_RCC_GetPCLK2Freq)
    HAL_RCC_GetSysClockFreq                  0x08001801   Thumb Code    92  stm32f1xx_hal_rcc.o(i.HAL_RCC_GetSysClockFreq)
    HAL_RCC_OscConfig                        0x08001871   Thumb Code  1114  stm32f1xx_hal_rcc.o(i.HAL_RCC_OscConfig)
    HAL_TIMEx_BreakCallback                  0x08001cd5   Thumb Code     2  stm32f1xx_hal_tim_ex.o(i.HAL_TIMEx_BreakCallback)
    HAL_TIMEx_CommutCallback                 0x08001cd7   Thumb Code     2  stm32f1xx_hal_tim_ex.o(i.HAL_TIMEx_CommutCallback)
    HAL_TIM_Base_Init                        0x08001cd9   Thumb Code   102  stm32f1xx_hal_tim.o(i.HAL_TIM_Base_Init)
    HAL_TIM_Base_MspInit                     0x08001d3f   Thumb Code     2  stm32f1xx_hal_tim.o(i.HAL_TIM_Base_MspInit)
    HAL_TIM_Base_Start_IT                    0x08001d41   Thumb Code   106  stm32f1xx_hal_tim.o(i.HAL_TIM_Base_Start_IT)
    HAL_TIM_IC_CaptureCallback               0x08001db9   Thumb Code     2  stm32f1xx_hal_tim.o(i.HAL_TIM_IC_CaptureCallback)
    HAL_TIM_IRQHandler                       0x08001dbb   Thumb Code   364  stm32f1xx_hal_tim.o(i.HAL_TIM_IRQHandler)
    HAL_TIM_OC_DelayElapsedCallback          0x08001f27   Thumb Code     2  stm32f1xx_hal_tim.o(i.HAL_TIM_OC_DelayElapsedCallback)
    HAL_TIM_PWM_PulseFinishedCallback        0x08001f29   Thumb Code     2  stm32f1xx_hal_tim.o(i.HAL_TIM_PWM_PulseFinishedCallback)
    HAL_TIM_PeriodElapsedCallback            0x08001f2d   Thumb Code    18  main.o(i.HAL_TIM_PeriodElapsedCallback)
    HAL_TIM_TriggerCallback                  0x08001f45   Thumb Code     2  stm32f1xx_hal_tim.o(i.HAL_TIM_TriggerCallback)
    HAL_UART_Init                            0x08001f47   Thumb Code   118  stm32f1xx_hal_uart.o(i.HAL_UART_Init)
    HAL_UART_MspInit                         0x08001fbd   Thumb Code   120  usart.o(i.HAL_UART_MspInit)
    HAL_UART_Transmit                        0x08002041   Thumb Code   190  stm32f1xx_hal_uart.o(i.HAL_UART_Transmit)
    HardFault_Handler                        0x080020ff   Thumb Code     4  stm32f1xx_it.o(i.HardFault_Handler)
    IIC1_Init                                0x08002671   Thumb Code    56  iic_hardware.o(i.IIC1_Init)
    IIC1_ReadByte                            0x080026e1   Thumb Code    40  iic_hardware.o(i.IIC1_ReadByte)
    IIC1_WriteByte                           0x0800270d   Thumb Code    36  iic_hardware.o(i.IIC1_WriteByte)
    MX_ADC1_Init                             0x08002735   Thumb Code    82  adc.o(i.MX_ADC1_Init)
    MX_DMA_Init                              0x08002791   Thumb Code    48  dma.o(i.MX_DMA_Init)
    MX_FREERTOS_Init                         0x080027c5   Thumb Code   108  freertos.o(i.MX_FREERTOS_Init)
    MX_GPIO_Init                             0x0800287d   Thumb Code   166  gpio.o(i.MX_GPIO_Init)
    MX_I2C2_Init                             0x0800292d   Thumb Code    48  i2c.o(i.MX_I2C2_Init)
    MX_USART2_UART_Init                      0x08002969   Thumb Code    46  usart.o(i.MX_USART2_UART_Init)
    MemManage_Handler                        0x080029a1   Thumb Code     4  stm32f1xx_it.o(i.MemManage_Handler)
    NMI_Handler                              0x080029a5   Thumb Code     4  stm32f1xx_it.o(i.NMI_Handler)
    OLED_Clear                               0x080029a9   Thumb Code    42  oled.o(i.OLED_Clear)
    OLED_Horizon                             0x080029d5   Thumb Code   582  oled.o(i.OLED_Horizon)
    OLED_I2C_Init                            0x08002c21   Thumb Code    48  oled.o(i.OLED_I2C_Init)
    OLED_I2C_SendByte                        0x08002c55   Thumb Code    82  oled.o(i.OLED_I2C_SendByte)
    OLED_I2C_Start                           0x08002cad   Thumb Code    44  oled.o(i.OLED_I2C_Start)
    OLED_I2C_Stop                            0x08002cdd   Thumb Code    34  oled.o(i.OLED_I2C_Stop)
    OLED_Init                                0x08002d05   Thumb Code   206  oled.o(i.OLED_Init)
    OLED_SetCursor                           0x08002dd3   Thumb Code    34  oled.o(i.OLED_SetCursor)
    OLED_ShowChar                            0x08002df5   Thumb Code   110  oled.o(i.OLED_ShowChar)
    OLED_ShowPicture                         0x08002e69   Thumb Code    74  oled.o(i.OLED_ShowPicture)
    OLED_ShowString                          0x08002eb9   Thumb Code    40  oled.o(i.OLED_ShowString)
    OLED_WriteCommand                        0x08002ee1   Thumb Code    32  oled.o(i.OLED_WriteCommand)
    OLED_WriteData                           0x08002f01   Thumb Code    32  oled.o(i.OLED_WriteData)
    StartDefaultTask                         0x08002f49   Thumb Code    10  freertos.o(i.StartDefaultTask)
    StartTask02                              0x08002f55   Thumb Code   140  freertos.o(i.StartTask02)
    StartTask03                              0x08002fe5   Thumb Code    10  freertos.o(i.StartTask03)
    SysTick_Handler                          0x08002fef   Thumb Code    26  cmsis_os2.o(i.SysTick_Handler)
    SystemClock_Config                       0x08003009   Thumb Code   110  main.o(i.SystemClock_Config)
    SystemInit                               0x08003077   Thumb Code     2  system_stm32f1xx.o(i.SystemInit)
    TIM1_UP_IRQHandler                       0x08003079   Thumb Code    10  stm32f1xx_it.o(i.TIM1_UP_IRQHandler)
    TIM_Base_SetConfig                       0x08003089   Thumb Code   120  stm32f1xx_hal_tim.o(i.TIM_Base_SetConfig)
    UsageFault_Handler                       0x08003301   Thumb Code     4  stm32f1xx_it.o(i.UsageFault_Handler)
    __0printf$1                              0x08003305   Thumb Code    22  printf1.o(i.__0printf$1)
    __1printf$1                              0x08003305   Thumb Code     0  printf1.o(i.__0printf$1)
    __2printf                                0x08003305   Thumb Code     0  printf1.o(i.__0printf$1)
    __scatterload_copy                       0x0800335d   Thumb Code    14  handlers.o(i.__scatterload_copy)
    __scatterload_null                       0x0800336b   Thumb Code     2  handlers.o(i.__scatterload_null)
    __scatterload_zeroinit                   0x0800336d   Thumb Code    14  handlers.o(i.__scatterload_zeroinit)
    fputc                                    0x080034d1   Thumb Code   264  main.o(i.fputc)
    main                                     0x080035e9   Thumb Code    56  main.o(i.main)
    osDelay                                  0x08003621   Thumb Code    30  cmsis_os2.o(i.osDelay)
    osKernelInitialize                       0x08003641   Thumb Code    34  cmsis_os2.o(i.osKernelInitialize)
    osKernelStart                            0x08003669   Thumb Code    48  cmsis_os2.o(i.osKernelStart)
    osMessageQueueNew                        0x080036a1   Thumb Code   136  cmsis_os2.o(i.osMessageQueueNew)
    osMutexNew                               0x08003729   Thumb Code   156  cmsis_os2.o(i.osMutexNew)
    osSemaphoreNew                           0x080037c5   Thumb Code   180  cmsis_os2.o(i.osSemaphoreNew)
    osThreadNew                              0x08003879   Thumb Code   188  cmsis_os2.o(i.osThreadNew)
    pvPortMalloc                             0x080041a1   Thumb Code   224  heap_4.o(i.pvPortMalloc)
    pvTaskIncrementMutexHeldCount            0x08004289   Thumb Code    20  tasks.o(i.pvTaskIncrementMutexHeldCount)
    pxPortInitialiseStack                    0x080042a1   Thumb Code    30  port.o(i.pxPortInitialiseStack)
    uxListRemove                             0x080042c5   Thumb Code    38  list.o(i.uxListRemove)
    vApplicationGetIdleTaskMemory            0x080042ed   Thumb Code    16  cmsis_os2.o(i.vApplicationGetIdleTaskMemory)
    vApplicationGetTimerTaskMemory           0x08004301   Thumb Code    18  cmsis_os2.o(i.vApplicationGetTimerTaskMemory)
    vListInitialise                          0x08004319   Thumb Code    22  list.o(i.vListInitialise)
    vListInitialiseItem                      0x0800432f   Thumb Code     6  list.o(i.vListInitialiseItem)
    vListInsert                              0x08004335   Thumb Code    54  list.o(i.vListInsert)
    vListInsertEnd                           0x0800436b   Thumb Code    24  list.o(i.vListInsertEnd)
    vPortEnterCritical                       0x08004385   Thumb Code    54  port.o(i.vPortEnterCritical)
    vPortExitCritical                        0x080043c5   Thumb Code    38  port.o(i.vPortExitCritical)
    vPortFree                                0x080043f1   Thumb Code    94  heap_4.o(i.vPortFree)
    vPortSetupTimerInterrupt                 0x08004455   Thumb Code    32  port.o(i.vPortSetupTimerInterrupt)
    vPortValidateInterruptPriority           0x08004479   Thumb Code    74  port.o(i.vPortValidateInterruptPriority)
    vQueueAddToRegistry                      0x080044cd   Thumb Code    34  queue.o(i.vQueueAddToRegistry)
    vQueueDelete                             0x080044f5   Thumb Code    50  queue.o(i.vQueueDelete)
    vQueueUnregisterQueue                    0x08004529   Thumb Code    36  queue.o(i.vQueueUnregisterQueue)
    vQueueWaitForMessageRestricted           0x08004551   Thumb Code    74  queue.o(i.vQueueWaitForMessageRestricted)
    vTaskDelay                               0x0800459d   Thumb Code    70  tasks.o(i.vTaskDelay)
    vTaskInternalSetTimeOutState             0x080045ed   Thumb Code    12  tasks.o(i.vTaskInternalSetTimeOutState)
    vTaskMissedYield                         0x080045fd   Thumb Code     8  tasks.o(i.vTaskMissedYield)
    vTaskPlaceOnEventList                    0x08004609   Thumb Code    48  tasks.o(i.vTaskPlaceOnEventList)
    vTaskPlaceOnEventListRestricted          0x0800463d   Thumb Code    54  tasks.o(i.vTaskPlaceOnEventListRestricted)
    vTaskPriorityDisinheritAfterTimeout      0x08004679   Thumb Code   138  tasks.o(i.vTaskPriorityDisinheritAfterTimeout)
    vTaskStartScheduler                      0x0800470d   Thumb Code   128  tasks.o(i.vTaskStartScheduler)
    vTaskSuspendAll                          0x0800479d   Thumb Code    10  tasks.o(i.vTaskSuspendAll)
    vTaskSwitchContext                       0x080047ad   Thumb Code   100  tasks.o(i.vTaskSwitchContext)
    xPortStartScheduler                      0x08004819   Thumb Code   168  port.o(i.xPortStartScheduler)
    xPortSysTickHandler                      0x080048cd   Thumb Code    38  port.o(i.xPortSysTickHandler)
    xQueueCreateCountingSemaphore            0x080048f9   Thumb Code    60  queue.o(i.xQueueCreateCountingSemaphore)
    xQueueCreateCountingSemaphoreStatic      0x08004935   Thumb Code    66  queue.o(i.xQueueCreateCountingSemaphoreStatic)
    xQueueCreateMutex                        0x08004977   Thumb Code    24  queue.o(i.xQueueCreateMutex)
    xQueueCreateMutexStatic                  0x0800498f   Thumb Code    28  queue.o(i.xQueueCreateMutexStatic)
    xQueueGenericCreate                      0x080049ab   Thumb Code    68  queue.o(i.xQueueGenericCreate)
    xQueueGenericCreateStatic                0x080049ef   Thumb Code   112  queue.o(i.xQueueGenericCreateStatic)
    xQueueGenericReset                       0x08004a61   Thumb Code   138  queue.o(i.xQueueGenericReset)
    xQueueGenericSend                        0x08004af1   Thumb Code   362  queue.o(i.xQueueGenericSend)
    xQueueGenericSendFromISR                 0x08004c61   Thumb Code   190  queue.o(i.xQueueGenericSendFromISR)
    xQueueReceive                            0x08004d21   Thumb Code   322  queue.o(i.xQueueReceive)
    xQueueSemaphoreTake                      0x08004e69   Thumb Code   382  queue.o(i.xQueueSemaphoreTake)
    xTaskCheckForTimeOut                     0x08004fed   Thumb Code   122  tasks.o(i.xTaskCheckForTimeOut)
    xTaskCreate                              0x0800506d   Thumb Code   108  tasks.o(i.xTaskCreate)
    xTaskCreateStatic                        0x080050d9   Thumb Code    96  tasks.o(i.xTaskCreateStatic)
    xTaskGetSchedulerState                   0x08005139   Thumb Code    24  tasks.o(i.xTaskGetSchedulerState)
    xTaskGetTickCount                        0x08005155   Thumb Code     6  tasks.o(i.xTaskGetTickCount)
    xTaskIncrementTick                       0x08005161   Thumb Code   196  tasks.o(i.xTaskIncrementTick)
    xTaskPriorityDisinherit                  0x0800522d   Thumb Code   118  tasks.o(i.xTaskPriorityDisinherit)
    xTaskPriorityInherit                     0x080052ad   Thumb Code   118  tasks.o(i.xTaskPriorityInherit)
    xTaskRemoveFromEventList                 0x0800532d   Thumb Code   106  tasks.o(i.xTaskRemoveFromEventList)
    xTaskResumeAll                           0x080053a5   Thumb Code   190  tasks.o(i.xTaskResumeAll)
    xTimerCreateTimerTask                    0x08005471   Thumb Code    86  timers.o(i.xTimerCreateTimerTask)
    xTimerGenericCommand                     0x080054d9   Thumb Code   112  timers.o(i.xTimerGenericCommand)
    OLED_F8x16                               0x0800554c   Data        1520  oled.o(.constdata)
    defaultTask_attributes                   0x08005b3c   Data          36  freertos.o(.constdata)
    myTask02_attributes                      0x08005b60   Data          36  freertos.o(.constdata)
    myTask03_attributes                      0x08005b84   Data          36  freertos.o(.constdata)
    myQueue01_attributes                     0x08005ba8   Data          24  freertos.o(.constdata)
    OLED_State_attributes                    0x08005bc0   Data          16  freertos.o(.constdata)
    myMutex02_attributes                     0x08005bd0   Data          16  freertos.o(.constdata)
    myBinarySem01_attributes                 0x08005be0   Data          16  freertos.o(.constdata)
    myCountingSem01_attributes               0x08005bf0   Data          16  freertos.o(.constdata)
    AHBPrescTable                            0x08005c12   Data          16  system_stm32f1xx.o(.constdata)
    APBPrescTable                            0x08005c22   Data           8  system_stm32f1xx.o(.constdata)
    Region$$Table$$Base                      0x08005c94   Number         0  anon$$obj.o(Region$$Table)
    Region$$Table$$Limit                     0x08005cb4   Number         0  anon$$obj.o(Region$$Table)
    a                                        0x20000000   Data           4  main.o(.data)
    b                                        0x20000004   Data           4  main.o(.data)
    defaultTaskHandle                        0x20000008   Data           4  freertos.o(.data)
    myTask02Handle                           0x2000000c   Data           4  freertos.o(.data)
    myTask03Handle                           0x20000010   Data           4  freertos.o(.data)
    myQueue01Handle                          0x20000014   Data           4  freertos.o(.data)
    OLED_StateHandle                         0x20000018   Data           4  freertos.o(.data)
    myMutex02Handle                          0x2000001c   Data           4  freertos.o(.data)
    myBinarySem01Handle                      0x20000020   Data           4  freertos.o(.data)
    myCountingSem01Handle                    0x20000024   Data           4  freertos.o(.data)
    uwTick                                   0x20000028   Data           4  stm32f1xx_hal.o(.data)
    uwTickPrio                               0x2000002c   Data           4  stm32f1xx_hal.o(.data)
    uwTickFreq                               0x20000030   Data           1  stm32f1xx_hal.o(.data)
    SystemCoreClock                          0x20000034   Data           4  system_stm32f1xx.o(.data)
    pxCurrentTCB                             0x20000038   Data           4  tasks.o(.data)
    __stdout                                 0x200000b8   Data           4  stdout.o(.data)
    OLEDPicture                              0x200000bc   Data        1024  oled.o(.bss)
    ch_library                               0x200004c0   Data          64  main.o(.bss)
    hadc1                                    0x20000500   Data          48  adc.o(.bss)
    hdma_adc1                                0x20000530   Data          68  adc.o(.bss)
    hi2c2                                    0x20000574   Data          84  i2c.o(.bss)
    huart2                                   0x200005c8   Data          72  usart.o(.bss)
    htim1                                    0x20000610   Data          72  stm32f1xx_hal_timebase_tim.o(.bss)
    xQueueRegistry                           0x20000658   Data          64  queue.o(.bss)
    __initial_sp                             0x20002330   Data           0  startup_stm32f103xb.o(STACK)



==============================================================================

Memory Map of the image

  Image Entry point : 0x080000ed

  Load Region LR_IROM1 (Base: 0x08000000, Size: 0x00005d70, Max: 0x00010000, ABSOLUTE)

    Execution Region ER_IROM1 (Exec base: 0x08000000, Load base: 0x08000000, Size: 0x00005cb4, Max: 0x00010000, ABSOLUTE)

    Exec Addr    Load Addr    Size         Type   Attr      Idx    E Section Name        Object

    0x08000000   0x08000000   0x000000ec   Data   RO            3    RESET               startup_stm32f103xb.o
    0x080000ec   0x080000ec   0x00000000   Code   RO         5762  * .ARM.Collect$$$$00000000  mc_w.l(entry.o)
    0x080000ec   0x080000ec   0x00000004   Code   RO         6036    .ARM.Collect$$$$00000001  mc_w.l(entry2.o)
    0x080000f0   0x080000f0   0x00000004   Code   RO         6039    .ARM.Collect$$$$00000004  mc_w.l(entry5.o)
    0x080000f4   0x080000f4   0x00000000   Code   RO         6041    .ARM.Collect$$$$00000008  mc_w.l(entry7b.o)
    0x080000f4   0x080000f4   0x00000000   Code   RO         6043    .ARM.Collect$$$$0000000A  mc_w.l(entry8b.o)
    0x080000f4   0x080000f4   0x00000008   Code   RO         6044    .ARM.Collect$$$$0000000B  mc_w.l(entry9a.o)
    0x080000fc   0x080000fc   0x00000000   Code   RO         6046    .ARM.Collect$$$$0000000D  mc_w.l(entry10a.o)
    0x080000fc   0x080000fc   0x00000000   Code   RO         6048    .ARM.Collect$$$$0000000F  mc_w.l(entry11a.o)
    0x080000fc   0x080000fc   0x00000004   Code   RO         6037    .ARM.Collect$$$$00002712  mc_w.l(entry2.o)
    0x08000100   0x08000100   0x00000096   Code   RO         5685    .emb_text           port.o
    0x08000196   0x08000196   0x00000002   PAD
    0x08000198   0x08000198   0x00000024   Code   RO            4    .text               startup_stm32f103xb.o
    0x080001bc   0x080001bc   0x00000024   Code   RO         5767    .text               mc_w.l(memcpya.o)
    0x080001e0   0x080001e0   0x00000024   Code   RO         5771    .text               mc_w.l(memseta.o)
    0x08000204   0x08000204   0x0000002c   Code   RO         6051    .text               mc_w.l(uidiv.o)
    0x08000230   0x08000230   0x00000024   Code   RO         6066    .text               mc_w.l(init.o)
    0x08000254   0x08000254   0x0000005c   Code   RO         1796    i.ADC_ConversionStop_Disable  stm32f1xx_hal_adc.o
    0x080002b0   0x080002b0   0x00000004   Code   RO          643    i.BusFault_Handler  stm32f1xx_it.o
    0x080002b4   0x080002b4   0x00000010   Code   RO          644    i.DMA1_Channel1_IRQHandler  stm32f1xx_it.o
    0x080002c4   0x080002c4   0x00000002   Code   RO          645    i.DebugMon_Handler  stm32f1xx_it.o
    0x080002c6   0x080002c6   0x00000006   Code   RO          302    i.Error_Handler     main.o
    0x080002cc   0x080002cc   0x00000160   Code   RO         1802    i.HAL_ADC_ConfigChannel  stm32f1xx_hal_adc.o
    0x0800042c   0x0800042c   0x00000144   Code   RO         1811    i.HAL_ADC_Init      stm32f1xx_hal_adc.o
    0x08000570   0x08000570   0x000000b0   Code   RO          494    i.HAL_ADC_MspInit   adc.o
    0x08000620   0x08000620   0x0000019c   Code   RO         2463    i.HAL_DMA_IRQHandler  stm32f1xx_hal_dma.o
    0x080007bc   0x080007bc   0x00000068   Code   RO         2464    i.HAL_DMA_Init      stm32f1xx_hal_dma.o
    0x08000824   0x08000824   0x00000028   Code   RO         2079    i.HAL_Delay         stm32f1xx_hal.o
    0x0800084c   0x0800084c   0x00000320   Code   RO         2394    i.HAL_GPIO_Init     stm32f1xx_hal_gpio.o
    0x08000b6c   0x08000b6c   0x0000000c   Code   RO         2398    i.HAL_GPIO_WritePin  stm32f1xx_hal_gpio.o
    0x08000b78   0x08000b78   0x0000000c   Code   RO         2083    i.HAL_GetTick       stm32f1xx_hal.o
    0x08000b84   0x08000b84   0x000001d0   Code   RO         3091    i.HAL_I2C_Init      stm32f1xx_hal_i2c.o
    0x08000d54   0x08000d54   0x00000170   Code   RO         3104    i.HAL_I2C_Master_Transmit  stm32f1xx_hal_i2c.o
    0x08000ec4   0x08000ec4   0x00000374   Code   RO         3109    i.HAL_I2C_Mem_Read  stm32f1xx_hal_i2c.o
    0x08001238   0x08001238   0x00000078   Code   RO          560    i.HAL_I2C_MspInit   i2c.o
    0x080012b0   0x080012b0   0x00000018   Code   RO         2089    i.HAL_IncTick       stm32f1xx_hal.o
    0x080012c8   0x080012c8   0x00000028   Code   RO         2090    i.HAL_Init          stm32f1xx_hal.o
    0x080012f0   0x080012f0   0x000000a0   Code   RO          737    i.HAL_InitTick      stm32f1xx_hal_timebase_tim.o
    0x08001390   0x08001390   0x00000060   Code   RO          713    i.HAL_MspInit       stm32f1xx_hal_msp.o
    0x080013f0   0x080013f0   0x00000020   Code   RO         2554    i.HAL_NVIC_EnableIRQ  stm32f1xx_hal_cortex.o
    0x08001410   0x08001410   0x0000007c   Code   RO         2560    i.HAL_NVIC_SetPriority  stm32f1xx_hal_cortex.o
    0x0800148c   0x0800148c   0x00000028   Code   RO         2561    i.HAL_NVIC_SetPriorityGrouping  stm32f1xx_hal_cortex.o
    0x080014b4   0x080014b4   0x00000130   Code   RO         2356    i.HAL_RCCEx_PeriphCLKConfig  stm32f1xx_hal_rcc_ex.o
    0x080015e4   0x080015e4   0x0000018c   Code   RO         2247    i.HAL_RCC_ClockConfig  stm32f1xx_hal_rcc.o
    0x08001770   0x08001770   0x00000044   Code   RO         2251    i.HAL_RCC_GetClockConfig  stm32f1xx_hal_rcc.o
    0x080017b4   0x080017b4   0x0000000c   Code   RO         2252    i.HAL_RCC_GetHCLKFreq  stm32f1xx_hal_rcc.o
    0x080017c0   0x080017c0   0x00000020   Code   RO         2254    i.HAL_RCC_GetPCLK1Freq  stm32f1xx_hal_rcc.o
    0x080017e0   0x080017e0   0x00000020   Code   RO         2255    i.HAL_RCC_GetPCLK2Freq  stm32f1xx_hal_rcc.o
    0x08001800   0x08001800   0x00000070   Code   RO         2256    i.HAL_RCC_GetSysClockFreq  stm32f1xx_hal_rcc.o
    0x08001870   0x08001870   0x00000464   Code   RO         2259    i.HAL_RCC_OscConfig  stm32f1xx_hal_rcc.o
    0x08001cd4   0x08001cd4   0x00000002   Code   RO         1529    i.HAL_TIMEx_BreakCallback  stm32f1xx_hal_tim_ex.o
    0x08001cd6   0x08001cd6   0x00000002   Code   RO         1530    i.HAL_TIMEx_CommutCallback  stm32f1xx_hal_tim_ex.o
    0x08001cd8   0x08001cd8   0x00000066   Code   RO          814    i.HAL_TIM_Base_Init  stm32f1xx_hal_tim.o
    0x08001d3e   0x08001d3e   0x00000002   Code   RO          816    i.HAL_TIM_Base_MspInit  stm32f1xx_hal_tim.o
    0x08001d40   0x08001d40   0x00000078   Code   RO          819    i.HAL_TIM_Base_Start_IT  stm32f1xx_hal_tim.o
    0x08001db8   0x08001db8   0x00000002   Code   RO          848    i.HAL_TIM_IC_CaptureCallback  stm32f1xx_hal_tim.o
    0x08001dba   0x08001dba   0x0000016c   Code   RO          862    i.HAL_TIM_IRQHandler  stm32f1xx_hal_tim.o
    0x08001f26   0x08001f26   0x00000002   Code   RO          865    i.HAL_TIM_OC_DelayElapsedCallback  stm32f1xx_hal_tim.o
    0x08001f28   0x08001f28   0x00000002   Code   RO          892    i.HAL_TIM_PWM_PulseFinishedCallback  stm32f1xx_hal_tim.o
    0x08001f2a   0x08001f2a   0x00000002   PAD
    0x08001f2c   0x08001f2c   0x00000018   Code   RO          303    i.HAL_TIM_PeriodElapsedCallback  main.o
    0x08001f44   0x08001f44   0x00000002   Code   RO          905    i.HAL_TIM_TriggerCallback  stm32f1xx_hal_tim.o
    0x08001f46   0x08001f46   0x00000076   Code   RO         3587    i.HAL_UART_Init     stm32f1xx_hal_uart.o
    0x08001fbc   0x08001fbc   0x00000084   Code   RO          602    i.HAL_UART_MspInit  usart.o
    0x08002040   0x08002040   0x000000be   Code   RO         3595    i.HAL_UART_Transmit  stm32f1xx_hal_uart.o
    0x080020fe   0x080020fe   0x00000004   Code   RO          646    i.HardFault_Handler  stm32f1xx_it.o
    0x08002102   0x08002102   0x0000003e   Code   RO         3135    i.I2C_IsAcknowledgeFailed  stm32f1xx_hal_i2c.o
    0x08002140   0x08002140   0x000000c0   Code   RO         3139    i.I2C_MasterRequestWrite  stm32f1xx_hal_i2c.o
    0x08002200   0x08002200   0x00000160   Code   RO         3146    i.I2C_RequestMemoryRead  stm32f1xx_hal_i2c.o
    0x08002360   0x08002360   0x00000066   Code   RO         3155    i.I2C_WaitOnBTFFlagUntilTimeout  stm32f1xx_hal_i2c.o
    0x080023c6   0x080023c6   0x000000be   Code   RO         3156    i.I2C_WaitOnFlagUntilTimeout  stm32f1xx_hal_i2c.o
    0x08002484   0x08002484   0x000000fa   Code   RO         3157    i.I2C_WaitOnMasterAddressFlagUntilTimeout  stm32f1xx_hal_i2c.o
    0x0800257e   0x0800257e   0x0000008a   Code   RO         3158    i.I2C_WaitOnRXNEFlagUntilTimeout  stm32f1xx_hal_i2c.o
    0x08002608   0x08002608   0x00000066   Code   RO         3161    i.I2C_WaitOnTXEFlagUntilTimeout  stm32f1xx_hal_i2c.o
    0x0800266e   0x0800266e   0x00000002   PAD
    0x08002670   0x08002670   0x00000070   Code   RO           13    i.IIC1_Init         iic_hardware.o
    0x080026e0   0x080026e0   0x0000002c   Code   RO           14    i.IIC1_ReadByte     iic_hardware.o
    0x0800270c   0x0800270c   0x00000028   Code   RO           15    i.IIC1_WriteByte    iic_hardware.o
    0x08002734   0x08002734   0x0000005c   Code   RO          495    i.MX_ADC1_Init      adc.o
    0x08002790   0x08002790   0x00000034   Code   RO          535    i.MX_DMA_Init       dma.o
    0x080027c4   0x080027c4   0x000000b8   Code   RO          432    i.MX_FREERTOS_Init  freertos.o
    0x0800287c   0x0800287c   0x000000b0   Code   RO          408    i.MX_GPIO_Init      gpio.o
    0x0800292c   0x0800292c   0x0000003c   Code   RO          561    i.MX_I2C2_Init      i2c.o
    0x08002968   0x08002968   0x00000038   Code   RO          603    i.MX_USART2_UART_Init  usart.o
    0x080029a0   0x080029a0   0x00000004   Code   RO          647    i.MemManage_Handler  stm32f1xx_it.o
    0x080029a4   0x080029a4   0x00000004   Code   RO          648    i.NMI_Handler       stm32f1xx_it.o
    0x080029a8   0x080029a8   0x0000002a   Code   RO          163    i.OLED_Clear        oled.o
    0x080029d2   0x080029d2   0x00000002   PAD
    0x080029d4   0x080029d4   0x0000024c   Code   RO          164    i.OLED_Horizon      oled.o
    0x08002c20   0x08002c20   0x00000034   Code   RO          165    i.OLED_I2C_Init     oled.o
    0x08002c54   0x08002c54   0x00000058   Code   RO          166    i.OLED_I2C_SendByte  oled.o
    0x08002cac   0x08002cac   0x00000030   Code   RO          167    i.OLED_I2C_Start    oled.o
    0x08002cdc   0x08002cdc   0x00000028   Code   RO          168    i.OLED_I2C_Stop     oled.o
    0x08002d04   0x08002d04   0x000000ce   Code   RO          169    i.OLED_Init         oled.o
    0x08002dd2   0x08002dd2   0x00000022   Code   RO          171    i.OLED_SetCursor    oled.o
    0x08002df4   0x08002df4   0x00000074   Code   RO          173    i.OLED_ShowChar     oled.o
    0x08002e68   0x08002e68   0x00000050   Code   RO          176    i.OLED_ShowPicture  oled.o
    0x08002eb8   0x08002eb8   0x00000028   Code   RO          178    i.OLED_ShowString   oled.o
    0x08002ee0   0x08002ee0   0x00000020   Code   RO          179    i.OLED_WriteCommand  oled.o
    0x08002f00   0x08002f00   0x00000020   Code   RO          180    i.OLED_WriteData    oled.o
    0x08002f20   0x08002f20   0x00000028   Code   RO         2260    i.RCC_Delay         stm32f1xx_hal_rcc.o
    0x08002f48   0x08002f48   0x0000000a   Code   RO          433    i.StartDefaultTask  freertos.o
    0x08002f52   0x08002f52   0x00000002   PAD
    0x08002f54   0x08002f54   0x00000090   Code   RO          434    i.StartTask02       freertos.o
    0x08002fe4   0x08002fe4   0x0000000a   Code   RO          435    i.StartTask03       freertos.o
    0x08002fee   0x08002fee   0x0000001a   Code   RO         5108    i.SysTick_Handler   cmsis_os2.o
    0x08003008   0x08003008   0x0000006e   Code   RO          304    i.SystemClock_Config  main.o
    0x08003076   0x08003076   0x00000002   Code   RO         3931    i.SystemInit        system_stm32f1xx.o
    0x08003078   0x08003078   0x00000010   Code   RO          649    i.TIM1_UP_IRQHandler  stm32f1xx_it.o
    0x08003088   0x08003088   0x00000084   Code   RO          907    i.TIM_Base_SetConfig  stm32f1xx_hal_tim.o
    0x0800310c   0x0800310c   0x0000006c   Code   RO         3610    i.UART_EndRxTransfer  stm32f1xx_hal_uart.o
    0x08003178   0x08003178   0x000000fc   Code   RO         3614    i.UART_SetConfig    stm32f1xx_hal_uart.o
    0x08003274   0x08003274   0x0000008c   Code   RO         3618    i.UART_WaitOnFlagUntilTimeout  stm32f1xx_hal_uart.o
    0x08003300   0x08003300   0x00000004   Code   RO          650    i.UsageFault_Handler  stm32f1xx_it.o
    0x08003304   0x08003304   0x00000020   Code   RO         5820    i.__0printf$1       mc_w.l(printf1.o)
    0x08003324   0x08003324   0x00000010   Code   RO         2567    i.__NVIC_GetPriorityGrouping  stm32f1xx_hal_cortex.o
    0x08003334   0x08003334   0x00000028   Code   RO         2568    i.__NVIC_SetPriority  stm32f1xx_hal_cortex.o
    0x0800335c   0x0800335c   0x0000000e   Code   RO         6076    i.__scatterload_copy  mc_w.l(handlers.o)
    0x0800336a   0x0800336a   0x00000002   Code   RO         6077    i.__scatterload_null  mc_w.l(handlers.o)
    0x0800336c   0x0800336c   0x0000000e   Code   RO         6078    i.__scatterload_zeroinit  mc_w.l(handlers.o)
    0x0800337a   0x0800337a   0x00000002   PAD
    0x0800337c   0x0800337c   0x00000154   Code   RO         5827    i._printf_core      mc_w.l(printf1.o)
    0x080034d0   0x080034d0   0x00000118   Code   RO          305    i.fputc             main.o
    0x080035e8   0x080035e8   0x00000038   Code   RO          306    i.main              main.o
    0x08003620   0x08003620   0x0000001e   Code   RO         5110    i.osDelay           cmsis_os2.o
    0x0800363e   0x0800363e   0x00000002   PAD
    0x08003640   0x08003640   0x00000028   Code   RO         5124    i.osKernelInitialize  cmsis_os2.o
    0x08003668   0x08003668   0x00000038   Code   RO         5127    i.osKernelStart     cmsis_os2.o
    0x080036a0   0x080036a0   0x00000088   Code   RO         5144    i.osMessageQueueNew  cmsis_os2.o
    0x08003728   0x08003728   0x0000009c   Code   RO         5150    i.osMutexNew        cmsis_os2.o
    0x080037c4   0x080037c4   0x000000b4   Code   RO         5155    i.osSemaphoreNew    cmsis_os2.o
    0x08003878   0x08003878   0x000000bc   Code   RO         5169    i.osThreadNew       cmsis_os2.o
    0x08003934   0x08003934   0x00000060   Code   RO         4548    i.prvAddCurrentTaskToDelayedList  tasks.o
    0x08003994   0x08003994   0x00000088   Code   RO         4549    i.prvAddNewTaskToReadyList  tasks.o
    0x08003a1c   0x08003a1c   0x0000005c   Code   RO         4924    i.prvCheckForValidListAndQueue  timers.o
    0x08003a78   0x08003a78   0x00000040   Code   RO         4550    i.prvCheckTasksWaitingTermination  tasks.o
    0x08003ab8   0x08003ab8   0x00000024   Code   RO         4135    i.prvCopyDataFromQueue  queue.o
    0x08003adc   0x08003adc   0x0000006e   Code   RO         4136    i.prvCopyDataToQueue  queue.o
    0x08003b4a   0x08003b4a   0x00000040   Code   RO         4551    i.prvDeleteTCB      tasks.o
    0x08003b8a   0x08003b8a   0x00000014   Code   RO         4137    i.prvGetDisinheritPriorityAfterTimeout  queue.o
    0x08003b9e   0x08003b9e   0x00000002   PAD
    0x08003ba0   0x08003ba0   0x00000024   Code   RO         4925    i.prvGetNextExpireTime  timers.o
    0x08003bc4   0x08003bc4   0x00000050   Code   RO         5630    i.prvHeapInit       heap_4.o
    0x08003c14   0x08003c14   0x00000028   Code   RO         4552    i.prvIdleTask       tasks.o
    0x08003c3c   0x08003c3c   0x00000018   Code   RO         4138    i.prvInitialiseMutex  queue.o
    0x08003c54   0x08003c54   0x00000022   Code   RO         4139    i.prvInitialiseNewQueue  queue.o
    0x08003c76   0x08003c76   0x00000094   Code   RO         4553    i.prvInitialiseNewTask  tasks.o
    0x08003d0a   0x08003d0a   0x00000002   PAD
    0x08003d0c   0x08003d0c   0x00000060   Code   RO         4554    i.prvInitialiseTaskLists  tasks.o
    0x08003d6c   0x08003d6c   0x0000005c   Code   RO         5631    i.prvInsertBlockIntoFreeList  heap_4.o
    0x08003dc8   0x08003dc8   0x00000048   Code   RO         4927    i.prvInsertTimerInActiveList  timers.o
    0x08003e10   0x08003e10   0x0000001a   Code   RO         4140    i.prvIsQueueEmpty   queue.o
    0x08003e2a   0x08003e2a   0x0000001e   Code   RO         4141    i.prvIsQueueFull    queue.o
    0x08003e48   0x08003e48   0x00000068   Code   RO         4928    i.prvProcessExpiredTimer  timers.o
    0x08003eb0   0x08003eb0   0x00000110   Code   RO         4929    i.prvProcessReceivedCommands  timers.o
    0x08003fc0   0x08003fc0   0x0000006c   Code   RO         4930    i.prvProcessTimerOrBlockTask  timers.o
    0x0800402c   0x0800402c   0x00000024   Code   RO         4556    i.prvResetNextTaskUnblockTime  tasks.o
    0x08004050   0x08004050   0x0000002c   Code   RO         4931    i.prvSampleTimeNow  timers.o
    0x0800407c   0x0800407c   0x00000078   Code   RO         4932    i.prvSwitchTimerLists  timers.o
    0x080040f4   0x080040f4   0x00000030   Code   RO         5686    i.prvTaskExitError  port.o
    0x08004124   0x08004124   0x00000014   Code   RO         4933    i.prvTimerTask      timers.o
    0x08004138   0x08004138   0x00000068   Code   RO         4142    i.prvUnlockQueue    queue.o
    0x080041a0   0x080041a0   0x000000e8   Code   RO         5632    i.pvPortMalloc      heap_4.o
    0x08004288   0x08004288   0x00000018   Code   RO         4559    i.pvTaskIncrementMutexHeldCount  tasks.o
    0x080042a0   0x080042a0   0x00000024   Code   RO         5687    i.pxPortInitialiseStack  port.o
    0x080042c4   0x080042c4   0x00000026   Code   RO         4095    i.uxListRemove      list.o
    0x080042ea   0x080042ea   0x00000002   PAD
    0x080042ec   0x080042ec   0x00000014   Code   RO         5181    i.vApplicationGetIdleTaskMemory  cmsis_os2.o
    0x08004300   0x08004300   0x00000018   Code   RO         5182    i.vApplicationGetTimerTaskMemory  cmsis_os2.o
    0x08004318   0x08004318   0x00000016   Code   RO         4096    i.vListInitialise   list.o
    0x0800432e   0x0800432e   0x00000006   Code   RO         4097    i.vListInitialiseItem  list.o
    0x08004334   0x08004334   0x00000036   Code   RO         4098    i.vListInsert       list.o
    0x0800436a   0x0800436a   0x00000018   Code   RO         4099    i.vListInsertEnd    list.o
    0x08004382   0x08004382   0x00000002   PAD
    0x08004384   0x08004384   0x00000040   Code   RO         5689    i.vPortEnterCritical  port.o
    0x080043c4   0x080043c4   0x0000002c   Code   RO         5690    i.vPortExitCritical  port.o
    0x080043f0   0x080043f0   0x00000064   Code   RO         5633    i.vPortFree         heap_4.o
    0x08004454   0x08004454   0x00000024   Code   RO         5691    i.vPortSetupTimerInterrupt  port.o
    0x08004478   0x08004478   0x00000054   Code   RO         5692    i.vPortValidateInterruptPriority  port.o
    0x080044cc   0x080044cc   0x00000028   Code   RO         4148    i.vQueueAddToRegistry  queue.o
    0x080044f4   0x080044f4   0x00000032   Code   RO         4149    i.vQueueDelete      queue.o
    0x08004526   0x08004526   0x00000002   PAD
    0x08004528   0x08004528   0x00000028   Code   RO         4151    i.vQueueUnregisterQueue  queue.o
    0x08004550   0x08004550   0x0000004a   Code   RO         4152    i.vQueueWaitForMessageRestricted  queue.o
    0x0800459a   0x0800459a   0x00000002   PAD
    0x0800459c   0x0800459c   0x00000050   Code   RO         4569    i.vTaskDelay        tasks.o
    0x080045ec   0x080045ec   0x00000010   Code   RO         4574    i.vTaskInternalSetTimeOutState  tasks.o
    0x080045fc   0x080045fc   0x0000000c   Code   RO         4575    i.vTaskMissedYield  tasks.o
    0x08004608   0x08004608   0x00000034   Code   RO         4577    i.vTaskPlaceOnEventList  tasks.o
    0x0800463c   0x0800463c   0x0000003c   Code   RO         4578    i.vTaskPlaceOnEventListRestricted  tasks.o
    0x08004678   0x08004678   0x00000094   Code   RO         4580    i.vTaskPriorityDisinheritAfterTimeout  tasks.o
    0x0800470c   0x0800470c   0x00000090   Code   RO         4586    i.vTaskStartScheduler  tasks.o
    0x0800479c   0x0800479c   0x00000010   Code   RO         4588    i.vTaskSuspendAll   tasks.o
    0x080047ac   0x080047ac   0x0000006c   Code   RO         4589    i.vTaskSwitchContext  tasks.o
    0x08004818   0x08004818   0x000000b4   Code   RO         5693    i.xPortStartScheduler  port.o
    0x080048cc   0x080048cc   0x0000002c   Code   RO         5694    i.xPortSysTickHandler  port.o
    0x080048f8   0x080048f8   0x0000003c   Code   RO         4153    i.xQueueCreateCountingSemaphore  queue.o
    0x08004934   0x08004934   0x00000042   Code   RO         4154    i.xQueueCreateCountingSemaphoreStatic  queue.o
    0x08004976   0x08004976   0x00000018   Code   RO         4155    i.xQueueCreateMutex  queue.o
    0x0800498e   0x0800498e   0x0000001c   Code   RO         4156    i.xQueueCreateMutexStatic  queue.o
    0x080049aa   0x080049aa   0x00000044   Code   RO         4157    i.xQueueGenericCreate  queue.o
    0x080049ee   0x080049ee   0x00000070   Code   RO         4158    i.xQueueGenericCreateStatic  queue.o
    0x08004a5e   0x08004a5e   0x00000002   PAD
    0x08004a60   0x08004a60   0x00000090   Code   RO         4159    i.xQueueGenericReset  queue.o
    0x08004af0   0x08004af0   0x00000170   Code   RO         4160    i.xQueueGenericSend  queue.o
    0x08004c60   0x08004c60   0x000000be   Code   RO         4161    i.xQueueGenericSendFromISR  queue.o
    0x08004d1e   0x08004d1e   0x00000002   PAD
    0x08004d20   0x08004d20   0x00000148   Code   RO         4170    i.xQueueReceive     queue.o
    0x08004e68   0x08004e68   0x00000184   Code   RO         4172    i.xQueueSemaphoreTake  queue.o
    0x08004fec   0x08004fec   0x00000080   Code   RO         4591    i.xTaskCheckForTimeOut  tasks.o
    0x0800506c   0x0800506c   0x0000006c   Code   RO         4592    i.xTaskCreate       tasks.o
    0x080050d8   0x080050d8   0x00000060   Code   RO         4593    i.xTaskCreateStatic  tasks.o
    0x08005138   0x08005138   0x0000001c   Code   RO         4597    i.xTaskGetSchedulerState  tasks.o
    0x08005154   0x08005154   0x0000000c   Code   RO         4598    i.xTaskGetTickCount  tasks.o
    0x08005160   0x08005160   0x000000cc   Code   RO         4600    i.xTaskIncrementTick  tasks.o
    0x0800522c   0x0800522c   0x00000080   Code   RO         4603    i.xTaskPriorityDisinherit  tasks.o
    0x080052ac   0x080052ac   0x00000080   Code   RO         4604    i.xTaskPriorityInherit  tasks.o
    0x0800532c   0x0800532c   0x00000078   Code   RO         4605    i.xTaskRemoveFromEventList  tasks.o
    0x080053a4   0x080053a4   0x000000cc   Code   RO         4606    i.xTaskResumeAll    tasks.o
    0x08005470   0x08005470   0x00000068   Code   RO         4942    i.xTimerCreateTimerTask  timers.o
    0x080054d8   0x080054d8   0x00000074   Code   RO         4943    i.xTimerGenericCommand  timers.o
    0x0800554c   0x0800554c   0x000005f0   Data   RO          182    .constdata          oled.o
    0x08005b3c   0x08005b3c   0x000000c4   Data   RO          436    .constdata          freertos.o
    0x08005c00   0x08005c00   0x00000012   Data   RO         2261    .constdata          stm32f1xx_hal_rcc.o
    0x08005c12   0x08005c12   0x00000018   Data   RO         3932    .constdata          system_stm32f1xx.o
    0x08005c2a   0x08005c2a   0x00000002   PAD
    0x08005c2c   0x08005c2c   0x00000068   Data   RO          437    .conststring        freertos.o
    0x08005c94   0x08005c94   0x00000020   Data   RO         6074    Region$$Table       anon$$obj.o


    Execution Region RW_IRAM1 (Exec base: 0x20000000, Load base: 0x08005cb4, Size: 0x00002330, Max: 0x00005000, ABSOLUTE)

    Exec Addr    Load Addr    Size         Type   Attr      Idx    E Section Name        Object

    0x20000000   0x08005cb4   0x00000008   Data   RW          308    .data               main.o
    0x20000008   0x08005cbc   0x00000020   Data   RW          438    .data               freertos.o
    0x20000028   0x08005cdc   0x00000009   Data   RW         2097    .data               stm32f1xx_hal.o
    0x20000031   0x08005ce5   0x00000003   PAD
    0x20000034   0x08005ce8   0x00000004   Data   RW         3933    .data               system_stm32f1xx.o
    0x20000038   0x08005cec   0x0000003c   Data   RW         4609    .data               tasks.o
    0x20000074   0x08005d28   0x00000014   Data   RW         4951    .data               timers.o
    0x20000088   0x08005d3c   0x00000004   Data   RW         5184    .data               cmsis_os2.o
    0x2000008c   0x08005d40   0x00000020   Data   RW         5639    .data               heap_4.o
    0x200000ac   0x08005d60   0x0000000c   Data   RW         5695    .data               port.o
    0x200000b8   0x08005d6c   0x00000004   Data   RW         6050    .data               mc_w.l(stdout.o)
    0x200000bc        -       0x00000400   Zero   RW          181    .bss                oled.o
    0x200004bc   0x08005d70   0x00000004   PAD
    0x200004c0        -       0x00000040   Zero   RW          307    .bss                main.o
    0x20000500        -       0x00000074   Zero   RW          496    .bss                adc.o
    0x20000574        -       0x00000054   Zero   RW          562    .bss                i2c.o
    0x200005c8        -       0x00000048   Zero   RW          604    .bss                usart.o
    0x20000610        -       0x00000048   Zero   RW          740    .bss                stm32f1xx_hal_timebase_tim.o
    0x20000658        -       0x00000040   Zero   RW         4174    .bss                queue.o
    0x20000698        -       0x000004c4   Zero   RW         4608    .bss                tasks.o
    0x20000b5c        -       0x00000118   Zero   RW         4950    .bss                timers.o
    0x20000c74        -       0x000006b8   Zero   RW         5183    .bss                cmsis_os2.o
    0x2000132c        -       0x00000c00   Zero   RW         5638    .bss                heap_4.o
    0x20001f2c   0x08005d70   0x00000004   PAD
    0x20001f30        -       0x00000400   Zero   RW            1    STACK               startup_stm32f103xb.o


==============================================================================

Image component sizes


      Code (inc. data)   RO Data    RW Data    ZI Data      Debug   Object Name

       268         32          0          0        116       1815   adc.o
       856         24          0          4       1720      59249   cmsis_os2.o
        52          4          0          0          0        778   dma.o
         0          0          0          0          0      19708   event_groups.o
       348         80        300         32          0       9330   freertos.o
       176         10          0          0          0        963   gpio.o
       504         32          0         32       3072       5039   heap_4.o
       180         26          0          0         84       1681   i2c.o
       196         64          0          0          0     451713   iic_hardware.o
       144          0          0          0          0       3554   list.o
       476         22          0          8         64      14665   main.o
      1398         38       1520          0       1024       8225   oled.o
       686         72          0         12          0      11081   port.o
      2364         34          0          0         64      26559   queue.o
        36          8        236          0       1024        820   startup_stm32f103xb.o
       116         24          0          9          0       5374   stm32f1xx_hal.o
       768         24          0          0          0       3192   stm32f1xx_hal_adc.o
       252         22          0          0          0      28782   stm32f1xx_hal_cortex.o
       516          8          0          0          0       1988   stm32f1xx_hal_dma.o
       812         34          0          0          0       2728   stm32f1xx_hal_gpio.o
      3104         52          0          0          0      11700   stm32f1xx_hal_i2c.o
        96         10          0          0          0        930   stm32f1xx_hal_msp.o
      1816        108         18          0          0       6749   stm32f1xx_hal_rcc.o
       304         14          0          0          0       1436   stm32f1xx_hal_rcc_ex.o
       728         26          0          0          0       6466   stm32f1xx_hal_tim.o
         4          0          0          0          0       1605   stm32f1xx_hal_tim_ex.o
       160         22          0          0         72       1483   stm32f1xx_hal_timebase_tim.o
       808          4          0          0          0       4488   stm32f1xx_hal_uart.o
        54         12          0          0          0       3705   stm32f1xx_it.o
         0          0          0          0          0        392   stream_buffer.o
         2          0         24          4          0       1175   system_stm32f1xx.o
      2496        218          0         60       1220      30239   tasks.o
      1088         94          0         20        280      30799   timers.o
       188         22          0          0         72       1734   usart.o

    ----------------------------------------------------------------------
     21024       1140       2132        184       8820     760145   Object Totals
         0          0         32          0          0          0   (incl. Generated)
        28          0          2          3          8          0   (incl. Padding)

    ----------------------------------------------------------------------

      Code (inc. data)   RO Data    RW Data    ZI Data      Debug   Library Member Name

         0          0          0          0          0          0   entry.o
         0          0          0          0          0          0   entry10a.o
         0          0          0          0          0          0   entry11a.o
         8          4          0          0          0          0   entry2.o
         4          0          0          0          0          0   entry5.o
         0          0          0          0          0          0   entry7b.o
         0          0          0          0          0          0   entry8b.o
         8          4          0          0          0          0   entry9a.o
        30          0          0          0          0          0   handlers.o
        36          8          0          0          0         68   init.o
        36          0          0          0          0         68   memcpya.o
        36          0          0          0          0        108   memseta.o
       372         14          0          0          0        184   printf1.o
         0          0          0          4          0          0   stdout.o
        44          0          0          0          0         80   uidiv.o

    ----------------------------------------------------------------------
       576         30          0          4          0        508   Library Totals
         2          0          0          0          0          0   (incl. Padding)

    ----------------------------------------------------------------------

      Code (inc. data)   RO Data    RW Data    ZI Data      Debug   Library Name

       574         30          0          4          0        508   mc_w.l

    ----------------------------------------------------------------------
       576         30          0          4          0        508   Library Totals

    ----------------------------------------------------------------------

==============================================================================


      Code (inc. data)   RO Data    RW Data    ZI Data      Debug   

     21600       1170       2132        188       8820     751185   Grand Totals
     21600       1170       2132        188       8820     751185   ELF Image Totals
     21600       1170       2132        188          0          0   ROM Totals

==============================================================================

    Total RO  Size (Code + RO Data)                23732 (  23.18kB)
    Total RW  Size (RW Data + ZI Data)              9008 (   8.80kB)
    Total ROM Size (Code + RO Data + RW Data)      23920 (  23.36kB)

==============================================================================

